
Memory Configuration

Name             Origin             Length             Attributes
flash            0x00000000         0x20000000         xr
sram             0x20000000         0x20000000         xrw
*default*        0x00000000         0xffffffff

Linker script and memory map


.text           0x00000000      0x170
 *(.Vectors*)
 *(.text*)
 .text          0x00000000       0xb8 main.o
                0x00000000                main
 .text          0x000000b8       0xb8 startup.o
                0x000000b8                H_Fault_Handler
                0x000000b8                Rest_Handler
                0x000000b8                NMI_Handler
 *(.rodata*)
                0x00000170                _E_TEXT = .

.vectors        0x00000170       0x10
 .vectors       0x00000170       0x10 startup.o
                0x00000170                g_p_fn_vectors

.glue_7         0x00000180        0x0
 .glue_7        0x00000000        0x0 linker stubs

.glue_7t        0x00000180        0x0
 .glue_7t       0x00000000        0x0 linker stubs

.vfp11_veneer   0x00000180        0x0
 .vfp11_veneer  0x00000000        0x0 linker stubs

.v4_bx          0x00000180        0x0
 .v4_bx         0x00000000        0x0 linker stubs

.iplt           0x00000180        0x0
 .iplt          0x00000000        0x0 main.o

.rel.dyn        0x00000180        0x0
 .rel.iplt      0x00000000        0x0 main.o

.data           0x20000000        0x0 load address 0x00000180
                0x20000000                _S_DATA = .
 *(.data*)
 .data          0x20000000        0x0 main.o
 .data          0x20000000        0x0 startup.o
                0x20000000                _E_DATA = .

.igot.plt       0x20000000        0x0 load address 0x00000180
 .igot.plt      0x00000000        0x0 main.o

.bss            0x20000000      0x800 load address 0x00000180
                0x20000000                _S_BSS = .
 *(.bss*)
 .bss           0x20000000        0x0 main.o
 .bss           0x20000000      0x800 startup.o
                0x20000800                . = ALIGN (0x4)
                0x20000800                _E_BSS = .
LOAD main.o
LOAD startup.o
OUTPUT(learn_in_depth_cortex_m4.elf elf32-littlearm)

.debug_info     0x00000000      0x22a
 .debug_info    0x00000000       0x9b main.o
 .debug_info    0x0000009b      0x18f startup.o

.debug_abbrev   0x00000000      0x119
 .debug_abbrev  0x00000000       0x5a main.o
 .debug_abbrev  0x0000005a       0xbf startup.o

.debug_loc      0x00000000       0x70
 .debug_loc     0x00000000       0x38 main.o
 .debug_loc     0x00000038       0x38 startup.o

.debug_aranges  0x00000000       0x40
 .debug_aranges
                0x00000000       0x20 main.o
 .debug_aranges
                0x00000020       0x20 startup.o

.debug_line     0x00000000      0x102
 .debug_line    0x00000000       0x5c main.o
 .debug_line    0x0000005c       0xa6 startup.o

.debug_str      0x00000000      0x14a
 .debug_str     0x00000000       0xb2 main.o
                                 0xe6 (size before relaxing)
 .debug_str     0x000000b2       0x98 startup.o
                                0x172 (size before relaxing)

.comment        0x00000000       0x11
 .comment       0x00000000       0x11 main.o
                                 0x12 (size before relaxing)
 .comment       0x00000000       0x12 startup.o

.ARM.attributes
                0x00000000       0x33
 .ARM.attributes
                0x00000000       0x33 main.o
 .ARM.attributes
                0x00000033       0x33 startup.o

.debug_frame    0x00000000       0x5c
 .debug_frame   0x00000000       0x2c main.o
 .debug_frame   0x0000002c       0x30 startup.o
