
Memory Configuration

Name             Origin             Length             Attributes
FLASH            0x08000000         0x00020000         xr
SRAM             0x20000000         0x00005000         xrw
*default*        0x00000000         0xffffffff

Linker script and memory map


.text           0x08000000      0x200
                0x08000000                S_TEXT = .
 *(.vectors*)
 .vectors       0x08000000       0x1c startup.o
                0x08000000                vectors
 *(.text*)
 .text          0x0800001c       0x3c alarm.o
                0x0800001c                Alarm_init
                0x08000028                Alarm_On
                0x08000036                Alarm_Off
                0x08000044                Alarm_delay
 .text          0x08000058       0xc4 driver.o
                0x08000058                Delay
                0x08000078                getPressureVal
                0x08000090                Set_Alarm_actuator
                0x080000cc                GPIO_INITIALIZATION
 .text          0x0800011c       0x34 main.o
                0x0800011c                main
 .text          0x08000150       0x30 sensor.o
                0x08000150                Sensor_init
                0x0800015c                sensor_delay
                0x08000170                get_pressure
 .text          0x08000180       0x80 startup.o
                0x08000180                H_Fault_Handler
                0x08000180                MM_Fault_Handler
                0x08000180                Reset_Handler
                0x08000180                Bus_Fault
                0x08000180                Default_Handler
                0x08000180                Usage_Fault_Handler
                0x08000180                NMI_Handler
 *(.rodata)
                0x08000200                E_TEXT = .

.glue_7         0x08000200        0x0
 .glue_7        0x08000200        0x0 linker stubs

.glue_7t        0x08000200        0x0
 .glue_7t       0x08000200        0x0 linker stubs

.vfp11_veneer   0x08000200        0x0
 .vfp11_veneer  0x08000200        0x0 linker stubs

.v4_bx          0x08000200        0x0
 .v4_bx         0x08000200        0x0 linker stubs

.iplt           0x08000200        0x0
 .iplt          0x08000200        0x0 alarm.o

.rel.dyn        0x08000200        0x0
 .rel.iplt      0x08000200        0x0 alarm.o

.data           0x20000000        0x4 load address 0x08000200
                0x20000000                S_DATA = .
 *(.data)
 .data          0x20000000        0x0 alarm.o
 .data          0x20000000        0x0 driver.o
 .data          0x20000000        0x4 main.o
                0x20000000                threshord_
 .data          0x20000004        0x0 sensor.o
 .data          0x20000004        0x0 startup.o
                0x20000004                . = ALIGN (0x4)
                0x20000004                E_DATA = .

.igot.plt       0x20000004        0x0 load address 0x08000204
 .igot.plt      0x20000004        0x0 alarm.o

.bss            0x20000004     0x1000 load address 0x08000204
                0x20000004                S_BSS = .
 *(.bss)
 .bss           0x20000004        0x0 alarm.o
 .bss           0x20000004        0x0 driver.o
 .bss           0x20000004        0x0 main.o
 .bss           0x20000004        0x0 sensor.o
 .bss           0x20000004        0x0 startup.o
                0x20000004                E_BSS = .
                0x20000004                . = ALIGN (0x4)
                0x20001004                . = (. + 0x1000)
 *fill*         0x20000004     0x1000 
                0x20001004                _STACK_TOP = .

.comment        0x08000204       0x7e
 *(.comment)
 .comment       0x08000204       0x7e alarm.o
                                 0x7f (size before relaxing)
 .comment       0x08000282       0x7f driver.o
 .comment       0x08000282       0x7f main.o
 .comment       0x08000282       0x7f sensor.o
 .comment       0x08000282       0x7f startup.o
 *(COMMON)
LOAD alarm.o
LOAD driver.o
LOAD main.o
LOAD sensor.o
LOAD startup.o
OUTPUT(pressure_controller.elf elf32-littlearm)

.ARM.attributes
                0x00000000       0x33
 .ARM.attributes
                0x00000000       0x33 alarm.o
 .ARM.attributes
                0x00000033       0x33 driver.o
 .ARM.attributes
                0x00000066       0x33 main.o
 .ARM.attributes
                0x00000099       0x33 sensor.o
 .ARM.attributes
                0x000000cc       0x33 startup.o

.debug_info     0x00000000     0x28ec
 .debug_info    0x00000000      0x9c9 alarm.o
 .debug_info    0x000009c9      0xa05 driver.o
 .debug_info    0x000013ce      0x9c8 main.o
 .debug_info    0x00001d96      0x9b8 sensor.o
 .debug_info    0x0000274e      0x19e startup.o

.debug_abbrev   0x00000000      0x760
 .debug_abbrev  0x00000000      0x176 alarm.o
 .debug_abbrev  0x00000176      0x1de driver.o
 .debug_abbrev  0x00000354      0x1a8 main.o
 .debug_abbrev  0x000004fc      0x1a4 sensor.o
 .debug_abbrev  0x000006a0       0xc0 startup.o

.debug_loc      0x00000000      0x314
 .debug_loc     0x00000000       0xb0 alarm.o
 .debug_loc     0x000000b0      0x140 driver.o
 .debug_loc     0x000001f0       0x38 main.o
 .debug_loc     0x00000228       0x9c sensor.o
 .debug_loc     0x000002c4       0x50 startup.o

.debug_aranges  0x00000000       0xa0
 .debug_aranges
                0x00000000       0x20 alarm.o
 .debug_aranges
                0x00000020       0x20 driver.o
 .debug_aranges
                0x00000040       0x20 main.o
 .debug_aranges
                0x00000060       0x20 sensor.o
 .debug_aranges
                0x00000080       0x20 startup.o

.debug_line     0x00000000      0x661
 .debug_line    0x00000000      0x127 alarm.o
 .debug_line    0x00000127      0x1b9 driver.o
 .debug_line    0x000002e0      0x125 main.o
 .debug_line    0x00000405      0x124 sensor.o
 .debug_line    0x00000529      0x138 startup.o

.debug_str      0x00000000      0x642
 .debug_str     0x00000000      0x518 alarm.o
                                0x570 (size before relaxing)
 .debug_str     0x00000518       0x57 driver.o
                                0x59e (size before relaxing)
 .debug_str     0x0000056f       0x17 main.o
                                0x55e (size before relaxing)
 .debug_str     0x00000586       0x2f sensor.o
                                0x56d (size before relaxing)
 .debug_str     0x000005b5       0x8d startup.o
                                0x1fa (size before relaxing)

.debug_frame    0x00000000      0x1ec
 .debug_frame   0x00000000       0x80 alarm.o
 .debug_frame   0x00000080       0xa0 driver.o
 .debug_frame   0x00000120       0x30 main.o
 .debug_frame   0x00000150       0x68 sensor.o
 .debug_frame   0x000001b8       0x34 startup.o
