
Memory Configuration

Name             Origin             Length             Attributes
flash            0x08000000         0x00020000         xr
sram             0x20000000         0x00005000         xrw
*default*        0x00000000         0xffffffff

Linker script and memory map


.text           0x08000000      0x17c
 *(.Vectors*)
 *(.text*)
 .text          0x08000000       0xc0 main.o
                0x08000000                main
 .text          0x080000c0       0xb8 startup.o
                0x080000c0                H_Fault_Handler
                0x080000c0                MM_Fault_Handler
                0x080000c0                Usage_Fault_Handler
                0x080000c0                Rest_Handler
                0x080000c0                Bus_Handler
                0x080000c0                NMI_Handler
 *(.rodata*)
 .rodata        0x08000178        0x4 main.o
                0x08000178                u
                0x0800017c                _E_TEXT = .

.glue_7         0x0800017c        0x0
 .glue_7        0x00000000        0x0 linker stubs

.glue_7t        0x0800017c        0x0
 .glue_7t       0x00000000        0x0 linker stubs

.vfp11_veneer   0x0800017c        0x0
 .vfp11_veneer  0x00000000        0x0 linker stubs

.v4_bx          0x0800017c        0x0
 .v4_bx         0x00000000        0x0 linker stubs

.iplt           0x0800017c        0x0
 .iplt          0x00000000        0x0 main.o

.rel.dyn        0x0800017c        0x0
 .rel.iplt      0x00000000        0x0 main.o

.data           0x20000000        0x8 load address 0x0800017c
                0x20000000                _S_DATA = .
 *(.data*)
 .data          0x20000000        0x8 main.o
                0x20000000                R_ODR
                0x20000004                x
 .data          0x20000008        0x0 startup.o
                0x20000008                _E_DATA = .

.igot.plt       0x20000008        0x0 load address 0x08000184
 .igot.plt      0x00000000        0x0 main.o

.vector         0x20000008       0x1c load address 0x08000184
 .vector        0x20000008       0x1c startup.o
                0x20000008                vectors

.bss            0x20000024     0x1000 load address 0x080001a0
                0x20000024                _S_BSS = .
 *(.bss*)
 .bss           0x20000024        0x0 main.o
 .bss           0x20000024        0x0 startup.o
                0x20000024                . = ALIGN (0x4)
                0x20000024                _E_BSS = .
                0x20000024                . = ALIGN (0x4)
                0x20001024                . = (. + 0x1000)
 *fill*         0x20000024     0x1000 
                0x20001024                _stack_top = .
LOAD main.o
LOAD startup.o
OUTPUT(learn_in_depth.elf elf32-littlearm)

.debug_info     0x00000000      0x2be
 .debug_info    0x00000000      0x160 main.o
 .debug_info    0x00000160      0x15e startup.o

.debug_abbrev   0x00000000      0x1b7
 .debug_abbrev  0x00000000      0x10b main.o
 .debug_abbrev  0x0000010b       0xac startup.o

.debug_loc      0x00000000       0x70
 .debug_loc     0x00000000       0x38 main.o
 .debug_loc     0x00000038       0x38 startup.o

.debug_aranges  0x00000000       0x40
 .debug_aranges
                0x00000000       0x20 main.o
 .debug_aranges
                0x00000020       0x20 startup.o

.debug_line     0x00000000      0x142
 .debug_line    0x00000000       0x9c main.o
 .debug_line    0x0000009c       0xa6 startup.o

.debug_str      0x00000000      0x168
 .debug_str     0x00000000       0xf9 main.o
                                0x12d (size before relaxing)
 .debug_str     0x000000f9       0x6f startup.o
                                0x172 (size before relaxing)

.comment        0x00000000       0x11
 .comment       0x00000000       0x11 main.o
                                 0x12 (size before relaxing)
 .comment       0x00000000       0x12 startup.o

.ARM.attributes
                0x00000000       0x33
 .ARM.attributes
                0x00000000       0x33 main.o
 .ARM.attributes
                0x00000033       0x33 startup.o

.debug_frame    0x00000000       0x5c
 .debug_frame   0x00000000       0x2c main.o
 .debug_frame   0x0000002c       0x30 startup.o
