
Memory Configuration

Name             Origin             Length             Attributes
Mem              0x00000000         0x04000000         xrw
*default*        0x00000000         0xffffffff

Linker script and memory map

                0x00010000                . = 0x10000

.startup        0x00010000       0x10
 startup.o(.text)
 .text          0x00010000       0x10 startup.o
                0x00010000                reset

.text           0x00010010       0xe8
 *(.text)
 .text          0x00010010       0x20 app.o
                0x00010010                main
 .text          0x00010030       0x4c uart.o
                0x00010030                Uart_set_string
 .text          0x0001007c       0x20 app.o
 .text          0x0001009c       0x4c uart.o
 .text          0x000100e8       0x10 startup.o
 *(.rodata)

.glue_7         0x000100f8        0x0
 .glue_7        0x00000000        0x0 linker stubs

.glue_7t        0x000100f8        0x0
 .glue_7t       0x00000000        0x0 linker stubs

.vfp11_veneer   0x000100f8        0x0
 .vfp11_veneer  0x00000000        0x0 linker stubs

.v4_bx          0x000100f8        0x0
 .v4_bx         0x00000000        0x0 linker stubs

.iplt           0x000100f8        0x0
 .iplt          0x00000000        0x0 startup.o

.rel.dyn        0x000100f8        0x0
 .rel.iplt      0x00000000        0x0 startup.o

.data           0x000100f8       0xc8
 *(.data)
 .data          0x000100f8        0x0 startup.o
 .data          0x000100f8       0x64 app.o
                0x000100f8                string_buffer
 .data          0x0001015c        0x0 uart.o
 .data          0x0001015c       0x64 app.o
 .data          0x000101c0        0x0 uart.o
 .data          0x000101c0        0x0 startup.o

.igot.plt       0x000101c0        0x0
 .igot.plt      0x00000000        0x0 startup.o

.bss            0x000101c0        0x0
 *(.bss)
 .bss           0x000101c0        0x0 startup.o
 .bss           0x000101c0        0x0 app.o
 .bss           0x000101c0        0x0 uart.o
 .bss           0x000101c0        0x0 app.o
 .bss           0x000101c0        0x0 uart.o
 .bss           0x000101c0        0x0 startup.o
 *(COMMAN)
                0x000111c0                . = (. + 0x1000)
                0x000111c0                stack_top = .
LOAD app.o
LOAD uart.o
LOAD startup.o
LOAD app.o
LOAD uart.o
LOAD startup.o
OUTPUT(learn_in_depth.elf elf32-littlearm)

.ARM.attributes
                0x00000000       0x2e
 .ARM.attributes
                0x00000000       0x22 startup.o
 .ARM.attributes
                0x00000022       0x30 app.o
 .ARM.attributes
                0x00000052       0x30 uart.o
 .ARM.attributes
                0x00000082       0x30 app.o
 .ARM.attributes
                0x000000b2       0x30 uart.o
 .ARM.attributes
                0x000000e2       0x22 startup.o

.comment        0x00000000       0x11
 .comment       0x00000000       0x11 app.o
                                 0x12 (size before relaxing)
 .comment       0x00000000       0x12 uart.o
 .comment       0x00000000       0x12 app.o
 .comment       0x00000000       0x12 uart.o

.debug_line     0x00000000       0x74
 .debug_line    0x00000000       0x3a startup.o
 .debug_line    0x0000003a       0x3a startup.o

.debug_info     0x00000000       0xf8
 .debug_info    0x00000000       0x7c startup.o
 .debug_info    0x0000007c       0x7c startup.o

.debug_abbrev   0x00000000       0x28
 .debug_abbrev  0x00000000       0x14 startup.o
 .debug_abbrev  0x00000014       0x14 startup.o

.debug_aranges  0x00000000       0x40
 .debug_aranges
                0x00000000       0x20 startup.o
 .debug_aranges
                0x00000020       0x20 startup.o
