Archive member included to satisfy reference by file (symbol)

c:/st/stm32cubeide_1.4.0/stm32cubeide/plugins/com.st.stm32cube.ide.mcu.externaltools.gnu-tools-for-stm32.7-2018-q2-update.win32_1.4.0.202007081208/tools/bin/../lib/gcc/arm-none-eabi/7.3.1/../../../../arm-none-eabi/lib/thumb/v7-m\libc_nano.a(lib_a-errno.o)
                              Src/syscalls.o (__errno)
c:/st/stm32cubeide_1.4.0/stm32cubeide/plugins/com.st.stm32cube.ide.mcu.externaltools.gnu-tools-for-stm32.7-2018-q2-update.win32_1.4.0.202007081208/tools/bin/../lib/gcc/arm-none-eabi/7.3.1/../../../../arm-none-eabi/lib/thumb/v7-m\libc_nano.a(lib_a-exit.o)
                              c:/st/stm32cubeide_1.4.0/stm32cubeide/plugins/com.st.stm32cube.ide.mcu.externaltools.gnu-tools-for-stm32.7-2018-q2-update.win32_1.4.0.202007081208/tools/bin/../lib/gcc/arm-none-eabi/7.3.1/../../../../arm-none-eabi/lib/thumb/v7-m/crt0.o (exit)
c:/st/stm32cubeide_1.4.0/stm32cubeide/plugins/com.st.stm32cube.ide.mcu.externaltools.gnu-tools-for-stm32.7-2018-q2-update.win32_1.4.0.202007081208/tools/bin/../lib/gcc/arm-none-eabi/7.3.1/../../../../arm-none-eabi/lib/thumb/v7-m\libc_nano.a(lib_a-impure.o)
                              c:/st/stm32cubeide_1.4.0/stm32cubeide/plugins/com.st.stm32cube.ide.mcu.externaltools.gnu-tools-for-stm32.7-2018-q2-update.win32_1.4.0.202007081208/tools/bin/../lib/gcc/arm-none-eabi/7.3.1/../../../../arm-none-eabi/lib/thumb/v7-m\libc_nano.a(lib_a-exit.o) (_global_impure_ptr)
c:/st/stm32cubeide_1.4.0/stm32cubeide/plugins/com.st.stm32cube.ide.mcu.externaltools.gnu-tools-for-stm32.7-2018-q2-update.win32_1.4.0.202007081208/tools/bin/../lib/gcc/arm-none-eabi/7.3.1/../../../../arm-none-eabi/lib/thumb/v7-m\libc_nano.a(lib_a-init.o)
                              c:/st/stm32cubeide_1.4.0/stm32cubeide/plugins/com.st.stm32cube.ide.mcu.externaltools.gnu-tools-for-stm32.7-2018-q2-update.win32_1.4.0.202007081208/tools/bin/../lib/gcc/arm-none-eabi/7.3.1/../../../../arm-none-eabi/lib/thumb/v7-m/crt0.o (__libc_init_array)
c:/st/stm32cubeide_1.4.0/stm32cubeide/plugins/com.st.stm32cube.ide.mcu.externaltools.gnu-tools-for-stm32.7-2018-q2-update.win32_1.4.0.202007081208/tools/bin/../lib/gcc/arm-none-eabi/7.3.1/../../../../arm-none-eabi/lib/thumb/v7-m\libc_nano.a(lib_a-memset.o)
                              c:/st/stm32cubeide_1.4.0/stm32cubeide/plugins/com.st.stm32cube.ide.mcu.externaltools.gnu-tools-for-stm32.7-2018-q2-update.win32_1.4.0.202007081208/tools/bin/../lib/gcc/arm-none-eabi/7.3.1/../../../../arm-none-eabi/lib/thumb/v7-m/crt0.o (memset)

Allocating common symbols
Common symbol       size              file

PinConfig           0x4               STM32f103C6_DRIVERS/KEYPAD_DRIVER/keypad.o
G_IRQ_Callback      0x40              STM32f103C6_DRIVERS/STM32f103C6_EXTI_DRIVER.o

Discarded input sections

 .text          0x0000000000000000        0x0 c:/st/stm32cubeide_1.4.0/stm32cubeide/plugins/com.st.stm32cube.ide.mcu.externaltools.gnu-tools-for-stm32.7-2018-q2-update.win32_1.4.0.202007081208/tools/bin/../lib/gcc/arm-none-eabi/7.3.1/thumb/v7-m/crti.o
 .data          0x0000000000000000        0x0 c:/st/stm32cubeide_1.4.0/stm32cubeide/plugins/com.st.stm32cube.ide.mcu.externaltools.gnu-tools-for-stm32.7-2018-q2-update.win32_1.4.0.202007081208/tools/bin/../lib/gcc/arm-none-eabi/7.3.1/thumb/v7-m/crti.o
 .bss           0x0000000000000000        0x0 c:/st/stm32cubeide_1.4.0/stm32cubeide/plugins/com.st.stm32cube.ide.mcu.externaltools.gnu-tools-for-stm32.7-2018-q2-update.win32_1.4.0.202007081208/tools/bin/../lib/gcc/arm-none-eabi/7.3.1/thumb/v7-m/crti.o
 .data          0x0000000000000000        0x4 c:/st/stm32cubeide_1.4.0/stm32cubeide/plugins/com.st.stm32cube.ide.mcu.externaltools.gnu-tools-for-stm32.7-2018-q2-update.win32_1.4.0.202007081208/tools/bin/../lib/gcc/arm-none-eabi/7.3.1/thumb/v7-m/crtbegin.o
 .text          0x0000000000000000       0x74 c:/st/stm32cubeide_1.4.0/stm32cubeide/plugins/com.st.stm32cube.ide.mcu.externaltools.gnu-tools-for-stm32.7-2018-q2-update.win32_1.4.0.202007081208/tools/bin/../lib/gcc/arm-none-eabi/7.3.1/../../../../arm-none-eabi/lib/thumb/v7-m/crt0.o
 .data          0x0000000000000000        0x0 c:/st/stm32cubeide_1.4.0/stm32cubeide/plugins/com.st.stm32cube.ide.mcu.externaltools.gnu-tools-for-stm32.7-2018-q2-update.win32_1.4.0.202007081208/tools/bin/../lib/gcc/arm-none-eabi/7.3.1/../../../../arm-none-eabi/lib/thumb/v7-m/crt0.o
 .bss           0x0000000000000000        0x0 c:/st/stm32cubeide_1.4.0/stm32cubeide/plugins/com.st.stm32cube.ide.mcu.externaltools.gnu-tools-for-stm32.7-2018-q2-update.win32_1.4.0.202007081208/tools/bin/../lib/gcc/arm-none-eabi/7.3.1/../../../../arm-none-eabi/lib/thumb/v7-m/crt0.o
 .ARM.extab     0x0000000000000000        0x0 c:/st/stm32cubeide_1.4.0/stm32cubeide/plugins/com.st.stm32cube.ide.mcu.externaltools.gnu-tools-for-stm32.7-2018-q2-update.win32_1.4.0.202007081208/tools/bin/../lib/gcc/arm-none-eabi/7.3.1/../../../../arm-none-eabi/lib/thumb/v7-m/crt0.o
 .ARM.exidx     0x0000000000000000        0x8 c:/st/stm32cubeide_1.4.0/stm32cubeide/plugins/com.st.stm32cube.ide.mcu.externaltools.gnu-tools-for-stm32.7-2018-q2-update.win32_1.4.0.202007081208/tools/bin/../lib/gcc/arm-none-eabi/7.3.1/../../../../arm-none-eabi/lib/thumb/v7-m/crt0.o
 .ARM.attributes
                0x0000000000000000       0x1b c:/st/stm32cubeide_1.4.0/stm32cubeide/plugins/com.st.stm32cube.ide.mcu.externaltools.gnu-tools-for-stm32.7-2018-q2-update.win32_1.4.0.202007081208/tools/bin/../lib/gcc/arm-none-eabi/7.3.1/../../../../arm-none-eabi/lib/thumb/v7-m/crt0.o
 .group         0x0000000000000000        0xc STM32f103C6_DRIVERS/KEYPAD_DRIVER/keypad.o
 .group         0x0000000000000000        0xc STM32f103C6_DRIVERS/KEYPAD_DRIVER/keypad.o
 .group         0x0000000000000000        0xc STM32f103C6_DRIVERS/KEYPAD_DRIVER/keypad.o
 .group         0x0000000000000000        0xc STM32f103C6_DRIVERS/KEYPAD_DRIVER/keypad.o
 .group         0x0000000000000000        0xc STM32f103C6_DRIVERS/KEYPAD_DRIVER/keypad.o
 .group         0x0000000000000000        0xc STM32f103C6_DRIVERS/KEYPAD_DRIVER/keypad.o
 .group         0x0000000000000000        0xc STM32f103C6_DRIVERS/KEYPAD_DRIVER/keypad.o
 .group         0x0000000000000000        0xc STM32f103C6_DRIVERS/KEYPAD_DRIVER/keypad.o
 .group         0x0000000000000000        0xc STM32f103C6_DRIVERS/KEYPAD_DRIVER/keypad.o
 .group         0x0000000000000000        0xc STM32f103C6_DRIVERS/KEYPAD_DRIVER/keypad.o
 .group         0x0000000000000000        0xc STM32f103C6_DRIVERS/KEYPAD_DRIVER/keypad.o
 .group         0x0000000000000000        0xc STM32f103C6_DRIVERS/KEYPAD_DRIVER/keypad.o
 .group         0x0000000000000000        0xc STM32f103C6_DRIVERS/KEYPAD_DRIVER/keypad.o
 .group         0x0000000000000000        0xc STM32f103C6_DRIVERS/KEYPAD_DRIVER/keypad.o
 .group         0x0000000000000000        0xc STM32f103C6_DRIVERS/KEYPAD_DRIVER/keypad.o
 .group         0x0000000000000000        0xc STM32f103C6_DRIVERS/KEYPAD_DRIVER/keypad.o
 .group         0x0000000000000000        0xc STM32f103C6_DRIVERS/KEYPAD_DRIVER/keypad.o
 .group         0x0000000000000000        0xc STM32f103C6_DRIVERS/KEYPAD_DRIVER/keypad.o
 .group         0x0000000000000000        0xc STM32f103C6_DRIVERS/KEYPAD_DRIVER/keypad.o
 .group         0x0000000000000000        0xc STM32f103C6_DRIVERS/KEYPAD_DRIVER/keypad.o
 .group         0x0000000000000000        0xc STM32f103C6_DRIVERS/KEYPAD_DRIVER/keypad.o
 .group         0x0000000000000000        0xc STM32f103C6_DRIVERS/KEYPAD_DRIVER/keypad.o
 .group         0x0000000000000000        0xc STM32f103C6_DRIVERS/KEYPAD_DRIVER/keypad.o
 .group         0x0000000000000000        0xc STM32f103C6_DRIVERS/KEYPAD_DRIVER/keypad.o
 .group         0x0000000000000000        0xc STM32f103C6_DRIVERS/KEYPAD_DRIVER/keypad.o
 .text          0x0000000000000000        0x0 STM32f103C6_DRIVERS/KEYPAD_DRIVER/keypad.o
 .data          0x0000000000000000        0x0 STM32f103C6_DRIVERS/KEYPAD_DRIVER/keypad.o
 .bss           0x0000000000000000        0x0 STM32f103C6_DRIVERS/KEYPAD_DRIVER/keypad.o
 .data.Key_padRow
                0x0000000000000000       0x10 STM32f103C6_DRIVERS/KEYPAD_DRIVER/keypad.o
 .data.Key_padCol
                0x0000000000000000       0x10 STM32f103C6_DRIVERS/KEYPAD_DRIVER/keypad.o
 .text.Keypad_init
                0x0000000000000000       0xec STM32f103C6_DRIVERS/KEYPAD_DRIVER/keypad.o
 .text.Keypad_getkey
                0x0000000000000000      0x194 STM32f103C6_DRIVERS/KEYPAD_DRIVER/keypad.o
 .group         0x0000000000000000        0xc STM32f103C6_DRIVERS/LCD_DRIVER/lcd.o
 .group         0x0000000000000000        0xc STM32f103C6_DRIVERS/LCD_DRIVER/lcd.o
 .group         0x0000000000000000        0xc STM32f103C6_DRIVERS/LCD_DRIVER/lcd.o
 .group         0x0000000000000000        0xc STM32f103C6_DRIVERS/LCD_DRIVER/lcd.o
 .group         0x0000000000000000        0xc STM32f103C6_DRIVERS/LCD_DRIVER/lcd.o
 .group         0x0000000000000000        0xc STM32f103C6_DRIVERS/LCD_DRIVER/lcd.o
 .group         0x0000000000000000        0xc STM32f103C6_DRIVERS/LCD_DRIVER/lcd.o
 .group         0x0000000000000000        0xc STM32f103C6_DRIVERS/LCD_DRIVER/lcd.o
 .group         0x0000000000000000        0xc STM32f103C6_DRIVERS/LCD_DRIVER/lcd.o
 .group         0x0000000000000000        0xc STM32f103C6_DRIVERS/LCD_DRIVER/lcd.o
 .group         0x0000000000000000        0xc STM32f103C6_DRIVERS/LCD_DRIVER/lcd.o
 .group         0x0000000000000000        0xc STM32f103C6_DRIVERS/LCD_DRIVER/lcd.o
 .group         0x0000000000000000        0xc STM32f103C6_DRIVERS/LCD_DRIVER/lcd.o
 .group         0x0000000000000000        0xc STM32f103C6_DRIVERS/LCD_DRIVER/lcd.o
 .group         0x0000000000000000        0xc STM32f103C6_DRIVERS/LCD_DRIVER/lcd.o
 .group         0x0000000000000000        0xc STM32f103C6_DRIVERS/LCD_DRIVER/lcd.o
 .group         0x0000000000000000        0xc STM32f103C6_DRIVERS/LCD_DRIVER/lcd.o
 .group         0x0000000000000000        0xc STM32f103C6_DRIVERS/LCD_DRIVER/lcd.o
 .group         0x0000000000000000        0xc STM32f103C6_DRIVERS/LCD_DRIVER/lcd.o
 .group         0x0000000000000000        0xc STM32f103C6_DRIVERS/LCD_DRIVER/lcd.o
 .group         0x0000000000000000        0xc STM32f103C6_DRIVERS/LCD_DRIVER/lcd.o
 .group         0x0000000000000000        0xc STM32f103C6_DRIVERS/LCD_DRIVER/lcd.o
 .group         0x0000000000000000        0xc STM32f103C6_DRIVERS/LCD_DRIVER/lcd.o
 .group         0x0000000000000000        0xc STM32f103C6_DRIVERS/LCD_DRIVER/lcd.o
 .group         0x0000000000000000        0xc STM32f103C6_DRIVERS/LCD_DRIVER/lcd.o
 .group         0x0000000000000000        0xc STM32f103C6_DRIVERS/LCD_DRIVER/lcd.o
 .text          0x0000000000000000        0x0 STM32f103C6_DRIVERS/LCD_DRIVER/lcd.o
 .data          0x0000000000000000        0x0 STM32f103C6_DRIVERS/LCD_DRIVER/lcd.o
 .bss           0x0000000000000000        0x0 STM32f103C6_DRIVERS/LCD_DRIVER/lcd.o
 .debug_macro   0x0000000000000000      0xa60 STM32f103C6_DRIVERS/LCD_DRIVER/lcd.o
 .debug_macro   0x0000000000000000       0x18 STM32f103C6_DRIVERS/LCD_DRIVER/lcd.o
 .debug_macro   0x0000000000000000       0x22 STM32f103C6_DRIVERS/LCD_DRIVER/lcd.o
 .debug_macro   0x0000000000000000       0x40 STM32f103C6_DRIVERS/LCD_DRIVER/lcd.o
 .debug_macro   0x0000000000000000       0x94 STM32f103C6_DRIVERS/LCD_DRIVER/lcd.o
 .debug_macro   0x0000000000000000       0x3c STM32f103C6_DRIVERS/LCD_DRIVER/lcd.o
 .debug_macro   0x0000000000000000       0x34 STM32f103C6_DRIVERS/LCD_DRIVER/lcd.o
 .debug_macro   0x0000000000000000       0x16 STM32f103C6_DRIVERS/LCD_DRIVER/lcd.o
 .debug_macro   0x0000000000000000      0x10e STM32f103C6_DRIVERS/LCD_DRIVER/lcd.o
 .debug_macro   0x0000000000000000       0x8d STM32f103C6_DRIVERS/LCD_DRIVER/lcd.o
 .debug_macro   0x0000000000000000       0x57 STM32f103C6_DRIVERS/LCD_DRIVER/lcd.o
 .debug_macro   0x0000000000000000       0x52 STM32f103C6_DRIVERS/LCD_DRIVER/lcd.o
 .debug_macro   0x0000000000000000       0x1f STM32f103C6_DRIVERS/LCD_DRIVER/lcd.o
 .debug_macro   0x0000000000000000       0x43 STM32f103C6_DRIVERS/LCD_DRIVER/lcd.o
 .debug_macro   0x0000000000000000       0x20 STM32f103C6_DRIVERS/LCD_DRIVER/lcd.o
 .debug_macro   0x0000000000000000      0x1a3 STM32f103C6_DRIVERS/LCD_DRIVER/lcd.o
 .debug_macro   0x0000000000000000      0x330 STM32f103C6_DRIVERS/LCD_DRIVER/lcd.o
 .debug_macro   0x0000000000000000       0x16 STM32f103C6_DRIVERS/LCD_DRIVER/lcd.o
 .debug_macro   0x0000000000000000       0x29 STM32f103C6_DRIVERS/LCD_DRIVER/lcd.o
 .debug_macro   0x0000000000000000       0xef STM32f103C6_DRIVERS/LCD_DRIVER/lcd.o
 .debug_macro   0x0000000000000000       0x6a STM32f103C6_DRIVERS/LCD_DRIVER/lcd.o
 .debug_macro   0x0000000000000000      0x1df STM32f103C6_DRIVERS/LCD_DRIVER/lcd.o
 .debug_macro   0x0000000000000000       0xca STM32f103C6_DRIVERS/LCD_DRIVER/lcd.o
 .group         0x0000000000000000        0xc STM32f103C6_DRIVERS/STM32f103C6_EXTI_DRIVER.o
 .group         0x0000000000000000        0xc STM32f103C6_DRIVERS/STM32f103C6_EXTI_DRIVER.o
 .group         0x0000000000000000        0xc STM32f103C6_DRIVERS/STM32f103C6_EXTI_DRIVER.o
 .group         0x0000000000000000        0xc STM32f103C6_DRIVERS/STM32f103C6_EXTI_DRIVER.o
 .group         0x0000000000000000        0xc STM32f103C6_DRIVERS/STM32f103C6_EXTI_DRIVER.o
 .group         0x0000000000000000        0xc STM32f103C6_DRIVERS/STM32f103C6_EXTI_DRIVER.o
 .group         0x0000000000000000        0xc STM32f103C6_DRIVERS/STM32f103C6_EXTI_DRIVER.o
 .group         0x0000000000000000        0xc STM32f103C6_DRIVERS/STM32f103C6_EXTI_DRIVER.o
 .group         0x0000000000000000        0xc STM32f103C6_DRIVERS/STM32f103C6_EXTI_DRIVER.o
 .group         0x0000000000000000        0xc STM32f103C6_DRIVERS/STM32f103C6_EXTI_DRIVER.o
 .group         0x0000000000000000        0xc STM32f103C6_DRIVERS/STM32f103C6_EXTI_DRIVER.o
 .group         0x0000000000000000        0xc STM32f103C6_DRIVERS/STM32f103C6_EXTI_DRIVER.o
 .group         0x0000000000000000        0xc STM32f103C6_DRIVERS/STM32f103C6_EXTI_DRIVER.o
 .group         0x0000000000000000        0xc STM32f103C6_DRIVERS/STM32f103C6_EXTI_DRIVER.o
 .group         0x0000000000000000        0xc STM32f103C6_DRIVERS/STM32f103C6_EXTI_DRIVER.o
 .group         0x0000000000000000        0xc STM32f103C6_DRIVERS/STM32f103C6_EXTI_DRIVER.o
 .group         0x0000000000000000        0xc STM32f103C6_DRIVERS/STM32f103C6_EXTI_DRIVER.o
 .group         0x0000000000000000        0xc STM32f103C6_DRIVERS/STM32f103C6_EXTI_DRIVER.o
 .group         0x0000000000000000        0xc STM32f103C6_DRIVERS/STM32f103C6_EXTI_DRIVER.o
 .group         0x0000000000000000        0xc STM32f103C6_DRIVERS/STM32f103C6_EXTI_DRIVER.o
 .group         0x0000000000000000        0xc STM32f103C6_DRIVERS/STM32f103C6_EXTI_DRIVER.o
 .group         0x0000000000000000        0xc STM32f103C6_DRIVERS/STM32f103C6_EXTI_DRIVER.o
 .group         0x0000000000000000        0xc STM32f103C6_DRIVERS/STM32f103C6_EXTI_DRIVER.o
 .group         0x0000000000000000        0xc STM32f103C6_DRIVERS/STM32f103C6_EXTI_DRIVER.o
 .group         0x0000000000000000        0xc STM32f103C6_DRIVERS/STM32f103C6_EXTI_DRIVER.o
 .text          0x0000000000000000        0x0 STM32f103C6_DRIVERS/STM32f103C6_EXTI_DRIVER.o
 .data          0x0000000000000000        0x0 STM32f103C6_DRIVERS/STM32f103C6_EXTI_DRIVER.o
 .bss           0x0000000000000000        0x0 STM32f103C6_DRIVERS/STM32f103C6_EXTI_DRIVER.o
 .text.MCAL_EXTI_GPIO_DeInit
                0x0000000000000000       0x94 STM32f103C6_DRIVERS/STM32f103C6_EXTI_DRIVER.o
 .text.MCAL_EXTI_GPIO_Update
                0x0000000000000000       0x16 STM32f103C6_DRIVERS/STM32f103C6_EXTI_DRIVER.o
 .text.EXTI10_15_IRQHandler
                0x0000000000000000       0xc4 STM32f103C6_DRIVERS/STM32f103C6_EXTI_DRIVER.o
 .debug_macro   0x0000000000000000      0xa60 STM32f103C6_DRIVERS/STM32f103C6_EXTI_DRIVER.o
 .debug_macro   0x0000000000000000       0x18 STM32f103C6_DRIVERS/STM32f103C6_EXTI_DRIVER.o
 .debug_macro   0x0000000000000000       0x22 STM32f103C6_DRIVERS/STM32f103C6_EXTI_DRIVER.o
 .debug_macro   0x0000000000000000       0x40 STM32f103C6_DRIVERS/STM32f103C6_EXTI_DRIVER.o
 .debug_macro   0x0000000000000000       0x94 STM32f103C6_DRIVERS/STM32f103C6_EXTI_DRIVER.o
 .debug_macro   0x0000000000000000       0x3c STM32f103C6_DRIVERS/STM32f103C6_EXTI_DRIVER.o
 .debug_macro   0x0000000000000000       0x34 STM32f103C6_DRIVERS/STM32f103C6_EXTI_DRIVER.o
 .debug_macro   0x0000000000000000       0x16 STM32f103C6_DRIVERS/STM32f103C6_EXTI_DRIVER.o
 .debug_macro   0x0000000000000000      0x10e STM32f103C6_DRIVERS/STM32f103C6_EXTI_DRIVER.o
 .debug_macro   0x0000000000000000       0x8d STM32f103C6_DRIVERS/STM32f103C6_EXTI_DRIVER.o
 .debug_macro   0x0000000000000000       0x57 STM32f103C6_DRIVERS/STM32f103C6_EXTI_DRIVER.o
 .debug_macro   0x0000000000000000       0x52 STM32f103C6_DRIVERS/STM32f103C6_EXTI_DRIVER.o
 .debug_macro   0x0000000000000000       0x1f STM32f103C6_DRIVERS/STM32f103C6_EXTI_DRIVER.o
 .debug_macro   0x0000000000000000       0x43 STM32f103C6_DRIVERS/STM32f103C6_EXTI_DRIVER.o
 .debug_macro   0x0000000000000000       0x20 STM32f103C6_DRIVERS/STM32f103C6_EXTI_DRIVER.o
 .debug_macro   0x0000000000000000      0x1a3 STM32f103C6_DRIVERS/STM32f103C6_EXTI_DRIVER.o
 .debug_macro   0x0000000000000000      0x330 STM32f103C6_DRIVERS/STM32f103C6_EXTI_DRIVER.o
 .debug_macro   0x0000000000000000       0x16 STM32f103C6_DRIVERS/STM32f103C6_EXTI_DRIVER.o
 .debug_macro   0x0000000000000000       0x29 STM32f103C6_DRIVERS/STM32f103C6_EXTI_DRIVER.o
 .debug_macro   0x0000000000000000       0xef STM32f103C6_DRIVERS/STM32f103C6_EXTI_DRIVER.o
 .debug_macro   0x0000000000000000       0x6a STM32f103C6_DRIVERS/STM32f103C6_EXTI_DRIVER.o
 .debug_macro   0x0000000000000000      0x1df STM32f103C6_DRIVERS/STM32f103C6_EXTI_DRIVER.o
 .debug_macro   0x0000000000000000      0x1e8 STM32f103C6_DRIVERS/STM32f103C6_EXTI_DRIVER.o
 .debug_macro   0x0000000000000000       0xca STM32f103C6_DRIVERS/STM32f103C6_EXTI_DRIVER.o
 .group         0x0000000000000000        0xc STM32f103C6_DRIVERS/STM32f103C6_GPIO_DRIVER.o
 .group         0x0000000000000000        0xc STM32f103C6_DRIVERS/STM32f103C6_GPIO_DRIVER.o
 .group         0x0000000000000000        0xc STM32f103C6_DRIVERS/STM32f103C6_GPIO_DRIVER.o
 .group         0x0000000000000000        0xc STM32f103C6_DRIVERS/STM32f103C6_GPIO_DRIVER.o
 .group         0x0000000000000000        0xc STM32f103C6_DRIVERS/STM32f103C6_GPIO_DRIVER.o
 .group         0x0000000000000000        0xc STM32f103C6_DRIVERS/STM32f103C6_GPIO_DRIVER.o
 .group         0x0000000000000000        0xc STM32f103C6_DRIVERS/STM32f103C6_GPIO_DRIVER.o
 .group         0x0000000000000000        0xc STM32f103C6_DRIVERS/STM32f103C6_GPIO_DRIVER.o
 .group         0x0000000000000000        0xc STM32f103C6_DRIVERS/STM32f103C6_GPIO_DRIVER.o
 .group         0x0000000000000000        0xc STM32f103C6_DRIVERS/STM32f103C6_GPIO_DRIVER.o
 .group         0x0000000000000000        0xc STM32f103C6_DRIVERS/STM32f103C6_GPIO_DRIVER.o
 .group         0x0000000000000000        0xc STM32f103C6_DRIVERS/STM32f103C6_GPIO_DRIVER.o
 .group         0x0000000000000000        0xc STM32f103C6_DRIVERS/STM32f103C6_GPIO_DRIVER.o
 .group         0x0000000000000000        0xc STM32f103C6_DRIVERS/STM32f103C6_GPIO_DRIVER.o
 .group         0x0000000000000000        0xc STM32f103C6_DRIVERS/STM32f103C6_GPIO_DRIVER.o
 .group         0x0000000000000000        0xc STM32f103C6_DRIVERS/STM32f103C6_GPIO_DRIVER.o
 .group         0x0000000000000000        0xc STM32f103C6_DRIVERS/STM32f103C6_GPIO_DRIVER.o
 .group         0x0000000000000000        0xc STM32f103C6_DRIVERS/STM32f103C6_GPIO_DRIVER.o
 .group         0x0000000000000000        0xc STM32f103C6_DRIVERS/STM32f103C6_GPIO_DRIVER.o
 .group         0x0000000000000000        0xc STM32f103C6_DRIVERS/STM32f103C6_GPIO_DRIVER.o
 .group         0x0000000000000000        0xc STM32f103C6_DRIVERS/STM32f103C6_GPIO_DRIVER.o
 .group         0x0000000000000000        0xc STM32f103C6_DRIVERS/STM32f103C6_GPIO_DRIVER.o
 .group         0x0000000000000000        0xc STM32f103C6_DRIVERS/STM32f103C6_GPIO_DRIVER.o
 .group         0x0000000000000000        0xc STM32f103C6_DRIVERS/STM32f103C6_GPIO_DRIVER.o
 .text          0x0000000000000000        0x0 STM32f103C6_DRIVERS/STM32f103C6_GPIO_DRIVER.o
 .data          0x0000000000000000        0x0 STM32f103C6_DRIVERS/STM32f103C6_GPIO_DRIVER.o
 .bss           0x0000000000000000        0x0 STM32f103C6_DRIVERS/STM32f103C6_GPIO_DRIVER.o
 .text.MCAL_GPIO_DeInit
                0x0000000000000000       0x90 STM32f103C6_DRIVERS/STM32f103C6_GPIO_DRIVER.o
 .text.MCAL_GPIO_Read_PIN
                0x0000000000000000       0x28 STM32f103C6_DRIVERS/STM32f103C6_GPIO_DRIVER.o
 .text.MCAL_GPIO_Read_PORT
                0x0000000000000000       0x18 STM32f103C6_DRIVERS/STM32f103C6_GPIO_DRIVER.o
 .text.MCAL_GPIO_Toggle_PIN
                0x0000000000000000       0x22 STM32f103C6_DRIVERS/STM32f103C6_GPIO_DRIVER.o
 .text.MCAL_GPIO_Lock_PIN
                0x0000000000000000       0x6c STM32f103C6_DRIVERS/STM32f103C6_GPIO_DRIVER.o
 .debug_macro   0x0000000000000000      0xa60 STM32f103C6_DRIVERS/STM32f103C6_GPIO_DRIVER.o
 .debug_macro   0x0000000000000000       0x18 STM32f103C6_DRIVERS/STM32f103C6_GPIO_DRIVER.o
 .debug_macro   0x0000000000000000       0x22 STM32f103C6_DRIVERS/STM32f103C6_GPIO_DRIVER.o
 .debug_macro   0x0000000000000000       0x40 STM32f103C6_DRIVERS/STM32f103C6_GPIO_DRIVER.o
 .debug_macro   0x0000000000000000       0x94 STM32f103C6_DRIVERS/STM32f103C6_GPIO_DRIVER.o
 .debug_macro   0x0000000000000000       0x3c STM32f103C6_DRIVERS/STM32f103C6_GPIO_DRIVER.o
 .debug_macro   0x0000000000000000       0x34 STM32f103C6_DRIVERS/STM32f103C6_GPIO_DRIVER.o
 .debug_macro   0x0000000000000000       0x16 STM32f103C6_DRIVERS/STM32f103C6_GPIO_DRIVER.o
 .debug_macro   0x0000000000000000      0x10e STM32f103C6_DRIVERS/STM32f103C6_GPIO_DRIVER.o
 .debug_macro   0x0000000000000000       0x8d STM32f103C6_DRIVERS/STM32f103C6_GPIO_DRIVER.o
 .debug_macro   0x0000000000000000       0x57 STM32f103C6_DRIVERS/STM32f103C6_GPIO_DRIVER.o
 .debug_macro   0x0000000000000000       0x52 STM32f103C6_DRIVERS/STM32f103C6_GPIO_DRIVER.o
 .debug_macro   0x0000000000000000       0x1f STM32f103C6_DRIVERS/STM32f103C6_GPIO_DRIVER.o
 .debug_macro   0x0000000000000000       0x43 STM32f103C6_DRIVERS/STM32f103C6_GPIO_DRIVER.o
 .debug_macro   0x0000000000000000       0x20 STM32f103C6_DRIVERS/STM32f103C6_GPIO_DRIVER.o
 .debug_macro   0x0000000000000000      0x1a3 STM32f103C6_DRIVERS/STM32f103C6_GPIO_DRIVER.o
 .debug_macro   0x0000000000000000      0x330 STM32f103C6_DRIVERS/STM32f103C6_GPIO_DRIVER.o
 .debug_macro   0x0000000000000000       0x16 STM32f103C6_DRIVERS/STM32f103C6_GPIO_DRIVER.o
 .debug_macro   0x0000000000000000       0x29 STM32f103C6_DRIVERS/STM32f103C6_GPIO_DRIVER.o
 .debug_macro   0x0000000000000000       0xef STM32f103C6_DRIVERS/STM32f103C6_GPIO_DRIVER.o
 .debug_macro   0x0000000000000000       0x6a STM32f103C6_DRIVERS/STM32f103C6_GPIO_DRIVER.o
 .debug_macro   0x0000000000000000      0x1df STM32f103C6_DRIVERS/STM32f103C6_GPIO_DRIVER.o
 .debug_macro   0x0000000000000000      0x1e8 STM32f103C6_DRIVERS/STM32f103C6_GPIO_DRIVER.o
 .debug_macro   0x0000000000000000       0xca STM32f103C6_DRIVERS/STM32f103C6_GPIO_DRIVER.o
 .group         0x0000000000000000        0xc Src/main.o
 .group         0x0000000000000000        0xc Src/main.o
 .group         0x0000000000000000        0xc Src/main.o
 .group         0x0000000000000000        0xc Src/main.o
 .group         0x0000000000000000        0xc Src/main.o
 .group         0x0000000000000000        0xc Src/main.o
 .group         0x0000000000000000        0xc Src/main.o
 .group         0x0000000000000000        0xc Src/main.o
 .group         0x0000000000000000        0xc Src/main.o
 .group         0x0000000000000000        0xc Src/main.o
 .group         0x0000000000000000        0xc Src/main.o
 .group         0x0000000000000000        0xc Src/main.o
 .group         0x0000000000000000        0xc Src/main.o
 .group         0x0000000000000000        0xc Src/main.o
 .group         0x0000000000000000        0xc Src/main.o
 .group         0x0000000000000000        0xc Src/main.o
 .group         0x0000000000000000        0xc Src/main.o
 .group         0x0000000000000000        0xc Src/main.o
 .group         0x0000000000000000        0xc Src/main.o
 .group         0x0000000000000000        0xc Src/main.o
 .group         0x0000000000000000        0xc Src/main.o
 .group         0x0000000000000000        0xc Src/main.o
 .group         0x0000000000000000        0xc Src/main.o
 .group         0x0000000000000000        0xc Src/main.o
 .group         0x0000000000000000        0xc Src/main.o
 .group         0x0000000000000000        0xc Src/main.o
 .group         0x0000000000000000        0xc Src/main.o
 .text          0x0000000000000000        0x0 Src/main.o
 .data          0x0000000000000000        0x0 Src/main.o
 .bss           0x0000000000000000        0x0 Src/main.o
 .text.init_GPIO
                0x0000000000000000       0xd4 Src/main.o
 .debug_macro   0x0000000000000000      0xa60 Src/main.o
 .debug_macro   0x0000000000000000       0x18 Src/main.o
 .debug_macro   0x0000000000000000       0x22 Src/main.o
 .debug_macro   0x0000000000000000       0x40 Src/main.o
 .debug_macro   0x0000000000000000       0x94 Src/main.o
 .debug_macro   0x0000000000000000       0x3c Src/main.o
 .debug_macro   0x0000000000000000       0x34 Src/main.o
 .debug_macro   0x0000000000000000       0x16 Src/main.o
 .debug_macro   0x0000000000000000      0x10e Src/main.o
 .debug_macro   0x0000000000000000       0x8d Src/main.o
 .debug_macro   0x0000000000000000       0x57 Src/main.o
 .debug_macro   0x0000000000000000       0x52 Src/main.o
 .debug_macro   0x0000000000000000       0x1f Src/main.o
 .debug_macro   0x0000000000000000       0x43 Src/main.o
 .debug_macro   0x0000000000000000       0x20 Src/main.o
 .debug_macro   0x0000000000000000      0x1a3 Src/main.o
 .debug_macro   0x0000000000000000      0x330 Src/main.o
 .debug_macro   0x0000000000000000       0x16 Src/main.o
 .debug_macro   0x0000000000000000       0x29 Src/main.o
 .debug_macro   0x0000000000000000       0xef Src/main.o
 .debug_macro   0x0000000000000000       0x6a Src/main.o
 .debug_macro   0x0000000000000000      0x1df Src/main.o
 .debug_macro   0x0000000000000000      0x1e8 Src/main.o
 .debug_macro   0x0000000000000000       0xca Src/main.o
 .debug_macro   0x0000000000000000      0x222 Src/main.o
 .group         0x0000000000000000        0xc Src/syscalls.o
 .group         0x0000000000000000        0xc Src/syscalls.o
 .group         0x0000000000000000        0xc Src/syscalls.o
 .group         0x0000000000000000        0xc Src/syscalls.o
 .group         0x0000000000000000        0xc Src/syscalls.o
 .group         0x0000000000000000        0xc Src/syscalls.o
 .group         0x0000000000000000        0xc Src/syscalls.o
 .group         0x0000000000000000        0xc Src/syscalls.o
 .group         0x0000000000000000        0xc Src/syscalls.o
 .group         0x0000000000000000        0xc Src/syscalls.o
 .group         0x0000000000000000        0xc Src/syscalls.o
 .group         0x0000000000000000        0xc Src/syscalls.o
 .group         0x0000000000000000        0xc Src/syscalls.o
 .group         0x0000000000000000        0xc Src/syscalls.o
 .group         0x0000000000000000        0xc Src/syscalls.o
 .group         0x0000000000000000        0xc Src/syscalls.o
 .group         0x0000000000000000        0xc Src/syscalls.o
 .group         0x0000000000000000        0xc Src/syscalls.o
 .group         0x0000000000000000        0xc Src/syscalls.o
 .group         0x0000000000000000        0xc Src/syscalls.o
 .group         0x0000000000000000        0xc Src/syscalls.o
 .group         0x0000000000000000        0xc Src/syscalls.o
 .group         0x0000000000000000        0xc Src/syscalls.o
 .group         0x0000000000000000        0xc Src/syscalls.o
 .group         0x0000000000000000        0xc Src/syscalls.o
 .group         0x0000000000000000        0xc Src/syscalls.o
 .group         0x0000000000000000        0xc Src/syscalls.o
 .group         0x0000000000000000        0xc Src/syscalls.o
 .group         0x0000000000000000        0xc Src/syscalls.o
 .group         0x0000000000000000        0xc Src/syscalls.o
 .group         0x0000000000000000        0xc Src/syscalls.o
 .group         0x0000000000000000        0xc Src/syscalls.o
 .group         0x0000000000000000        0xc Src/syscalls.o
 .group         0x0000000000000000        0xc Src/syscalls.o
 .group         0x0000000000000000        0xc Src/syscalls.o
 .group         0x0000000000000000        0xc Src/syscalls.o
 .group         0x0000000000000000        0xc Src/syscalls.o
 .group         0x0000000000000000        0xc Src/syscalls.o
 .group         0x0000000000000000        0xc Src/syscalls.o
 .group         0x0000000000000000        0xc Src/syscalls.o
 .group         0x0000000000000000        0xc Src/syscalls.o
 .group         0x0000000000000000        0xc Src/syscalls.o
 .group         0x0000000000000000        0xc Src/syscalls.o
 .group         0x0000000000000000        0xc Src/syscalls.o
 .text          0x0000000000000000        0x0 Src/syscalls.o
 .data          0x0000000000000000        0x0 Src/syscalls.o
 .bss           0x0000000000000000        0x0 Src/syscalls.o
 .bss.__env     0x0000000000000000        0x4 Src/syscalls.o
 .data.environ  0x0000000000000000        0x4 Src/syscalls.o
 .text.initialise_monitor_handles
                0x0000000000000000        0xc Src/syscalls.o
 .text._getpid  0x0000000000000000        0xe Src/syscalls.o
 .text._kill    0x0000000000000000       0x20 Src/syscalls.o
 .text._exit    0x0000000000000000       0x14 Src/syscalls.o
 .text._read    0x0000000000000000       0x3a Src/syscalls.o
 .text._write   0x0000000000000000       0x38 Src/syscalls.o
 .text._close   0x0000000000000000       0x16 Src/syscalls.o
 .text._fstat   0x0000000000000000       0x1e Src/syscalls.o
 .text._isatty  0x0000000000000000       0x14 Src/syscalls.o
 .text._lseek   0x0000000000000000       0x18 Src/syscalls.o
 .text._open    0x0000000000000000       0x1a Src/syscalls.o
 .text._wait    0x0000000000000000       0x1e Src/syscalls.o
 .text._unlink  0x0000000000000000       0x1e Src/syscalls.o
 .text._times   0x0000000000000000       0x16 Src/syscalls.o
 .text._stat    0x0000000000000000       0x1e Src/syscalls.o
 .text._link    0x0000000000000000       0x20 Src/syscalls.o
 .text._fork    0x0000000000000000       0x16 Src/syscalls.o
 .text._execve  0x0000000000000000       0x22 Src/syscalls.o
 .debug_info    0x0000000000000000     0x1038 Src/syscalls.o
 .debug_abbrev  0x0000000000000000      0x254 Src/syscalls.o
 .debug_loc     0x0000000000000000      0x5b8 Src/syscalls.o
 .debug_aranges
                0x0000000000000000       0xa8 Src/syscalls.o
 .debug_ranges  0x0000000000000000       0x98 Src/syscalls.o
 .debug_macro   0x0000000000000000      0x243 Src/syscalls.o
 .debug_macro   0x0000000000000000      0xa60 Src/syscalls.o
 .debug_macro   0x0000000000000000       0x22 Src/syscalls.o
 .debug_macro   0x0000000000000000       0x40 Src/syscalls.o
 .debug_macro   0x0000000000000000       0x18 Src/syscalls.o
 .debug_macro   0x0000000000000000       0x94 Src/syscalls.o
 .debug_macro   0x0000000000000000       0x3c Src/syscalls.o
 .debug_macro   0x0000000000000000       0x34 Src/syscalls.o
 .debug_macro   0x0000000000000000       0x57 Src/syscalls.o
 .debug_macro   0x0000000000000000      0x174 Src/syscalls.o
 .debug_macro   0x0000000000000000      0x330 Src/syscalls.o
 .debug_macro   0x0000000000000000       0x52 Src/syscalls.o
 .debug_macro   0x0000000000000000       0x1f Src/syscalls.o
 .debug_macro   0x0000000000000000       0x43 Src/syscalls.o
 .debug_macro   0x0000000000000000       0x20 Src/syscalls.o
 .debug_macro   0x0000000000000000      0x1a3 Src/syscalls.o
 .debug_macro   0x0000000000000000       0x10 Src/syscalls.o
 .debug_macro   0x0000000000000000       0x35 Src/syscalls.o
 .debug_macro   0x0000000000000000       0x10 Src/syscalls.o
 .debug_macro   0x0000000000000000       0x10 Src/syscalls.o
 .debug_macro   0x0000000000000000       0x10 Src/syscalls.o
 .debug_macro   0x0000000000000000       0x6a Src/syscalls.o
 .debug_macro   0x0000000000000000       0x1c Src/syscalls.o
 .debug_macro   0x0000000000000000       0x52 Src/syscalls.o
 .debug_macro   0x0000000000000000       0x40 Src/syscalls.o
 .debug_macro   0x0000000000000000       0x10 Src/syscalls.o
 .debug_macro   0x0000000000000000       0x40 Src/syscalls.o
 .debug_macro   0x0000000000000000       0xd7 Src/syscalls.o
 .debug_macro   0x0000000000000000       0x1c Src/syscalls.o
 .debug_macro   0x0000000000000000       0x3d Src/syscalls.o
 .debug_macro   0x0000000000000000       0x35 Src/syscalls.o
 .debug_macro   0x0000000000000000      0x122 Src/syscalls.o
 .debug_macro   0x0000000000000000       0x16 Src/syscalls.o
 .debug_macro   0x0000000000000000       0x16 Src/syscalls.o
 .debug_macro   0x0000000000000000       0x29 Src/syscalls.o
 .debug_macro   0x0000000000000000       0x10 Src/syscalls.o
 .debug_macro   0x0000000000000000      0x241 Src/syscalls.o
 .debug_macro   0x0000000000000000       0x1c Src/syscalls.o
 .debug_macro   0x0000000000000000       0x10 Src/syscalls.o
 .debug_macro   0x0000000000000000       0x10 Src/syscalls.o
 .debug_macro   0x0000000000000000       0x16 Src/syscalls.o
 .debug_macro   0x0000000000000000      0x145 Src/syscalls.o
 .debug_macro   0x0000000000000000      0x189 Src/syscalls.o
 .debug_macro   0x0000000000000000       0x16 Src/syscalls.o
 .debug_macro   0x0000000000000000       0x88 Src/syscalls.o
 .debug_line    0x0000000000000000      0x739 Src/syscalls.o
 .debug_str     0x0000000000000000     0x8869 Src/syscalls.o
 .comment       0x0000000000000000       0x7c Src/syscalls.o
 .debug_frame   0x0000000000000000      0x2ac Src/syscalls.o
 .ARM.attributes
                0x0000000000000000       0x33 Src/syscalls.o
 .group         0x0000000000000000        0xc Src/sysmem.o
 .group         0x0000000000000000        0xc Src/sysmem.o
 .group         0x0000000000000000        0xc Src/sysmem.o
 .group         0x0000000000000000        0xc Src/sysmem.o
 .group         0x0000000000000000        0xc Src/sysmem.o
 .group         0x0000000000000000        0xc Src/sysmem.o
 .group         0x0000000000000000        0xc Src/sysmem.o
 .group         0x0000000000000000        0xc Src/sysmem.o
 .group         0x0000000000000000        0xc Src/sysmem.o
 .group         0x0000000000000000        0xc Src/sysmem.o
 .group         0x0000000000000000        0xc Src/sysmem.o
 .group         0x0000000000000000        0xc Src/sysmem.o
 .group         0x0000000000000000        0xc Src/sysmem.o
 .group         0x0000000000000000        0xc Src/sysmem.o
 .group         0x0000000000000000        0xc Src/sysmem.o
 .group         0x0000000000000000        0xc Src/sysmem.o
 .group         0x0000000000000000        0xc Src/sysmem.o
 .group         0x0000000000000000        0xc Src/sysmem.o
 .group         0x0000000000000000        0xc Src/sysmem.o
 .text          0x0000000000000000        0x0 Src/sysmem.o
 .data          0x0000000000000000        0x0 Src/sysmem.o
 .bss           0x0000000000000000        0x0 Src/sysmem.o
 .bss.__sbrk_heap_end
                0x0000000000000000        0x4 Src/sysmem.o
 .text._sbrk    0x0000000000000000       0x6c Src/sysmem.o
 .debug_info    0x0000000000000000      0xa7c Src/sysmem.o
 .debug_abbrev  0x0000000000000000      0x18e Src/sysmem.o
 .debug_loc     0x0000000000000000       0x50 Src/sysmem.o
 .debug_aranges
                0x0000000000000000       0x20 Src/sysmem.o
 .debug_ranges  0x0000000000000000       0x10 Src/sysmem.o
 .debug_macro   0x0000000000000000       0xee Src/sysmem.o
 .debug_macro   0x0000000000000000      0xa60 Src/sysmem.o
 .debug_macro   0x0000000000000000       0x10 Src/sysmem.o
 .debug_macro   0x0000000000000000       0x22 Src/sysmem.o
 .debug_macro   0x0000000000000000       0x40 Src/sysmem.o
 .debug_macro   0x0000000000000000       0x18 Src/sysmem.o
 .debug_macro   0x0000000000000000       0x94 Src/sysmem.o
 .debug_macro   0x0000000000000000       0x3c Src/sysmem.o
 .debug_macro   0x0000000000000000       0x34 Src/sysmem.o
 .debug_macro   0x0000000000000000      0x174 Src/sysmem.o
 .debug_macro   0x0000000000000000       0x57 Src/sysmem.o
 .debug_macro   0x0000000000000000       0x52 Src/sysmem.o
 .debug_macro   0x0000000000000000       0x1f Src/sysmem.o
 .debug_macro   0x0000000000000000       0x43 Src/sysmem.o
 .debug_macro   0x0000000000000000       0x20 Src/sysmem.o
 .debug_macro   0x0000000000000000      0x1a3 Src/sysmem.o
 .debug_macro   0x0000000000000000      0x23b Src/sysmem.o
 .debug_macro   0x0000000000000000       0xef Src/sysmem.o
 .debug_macro   0x0000000000000000       0x6a Src/sysmem.o
 .debug_macro   0x0000000000000000      0x1df Src/sysmem.o
 .debug_line    0x0000000000000000      0x4c2 Src/sysmem.o
 .debug_str     0x0000000000000000     0x5f37 Src/sysmem.o
 .comment       0x0000000000000000       0x7c Src/sysmem.o
 .debug_frame   0x0000000000000000       0x34 Src/sysmem.o
 .ARM.attributes
                0x0000000000000000       0x33 Src/sysmem.o
 .text          0x0000000000000000       0x14 Startup/startup_stm32f103c6tx.o
 .data          0x0000000000000000        0x0 Startup/startup_stm32f103c6tx.o
 .bss           0x0000000000000000        0x0 Startup/startup_stm32f103c6tx.o
 .text          0x0000000000000000        0x0 c:/st/stm32cubeide_1.4.0/stm32cubeide/plugins/com.st.stm32cube.ide.mcu.externaltools.gnu-tools-for-stm32.7-2018-q2-update.win32_1.4.0.202007081208/tools/bin/../lib/gcc/arm-none-eabi/7.3.1/../../../../arm-none-eabi/lib/thumb/v7-m\libc_nano.a(lib_a-errno.o)
 .data          0x0000000000000000        0x0 c:/st/stm32cubeide_1.4.0/stm32cubeide/plugins/com.st.stm32cube.ide.mcu.externaltools.gnu-tools-for-stm32.7-2018-q2-update.win32_1.4.0.202007081208/tools/bin/../lib/gcc/arm-none-eabi/7.3.1/../../../../arm-none-eabi/lib/thumb/v7-m\libc_nano.a(lib_a-errno.o)
 .bss           0x0000000000000000        0x0 c:/st/stm32cubeide_1.4.0/stm32cubeide/plugins/com.st.stm32cube.ide.mcu.externaltools.gnu-tools-for-stm32.7-2018-q2-update.win32_1.4.0.202007081208/tools/bin/../lib/gcc/arm-none-eabi/7.3.1/../../../../arm-none-eabi/lib/thumb/v7-m\libc_nano.a(lib_a-errno.o)
 .text.__errno  0x0000000000000000        0xc c:/st/stm32cubeide_1.4.0/stm32cubeide/plugins/com.st.stm32cube.ide.mcu.externaltools.gnu-tools-for-stm32.7-2018-q2-update.win32_1.4.0.202007081208/tools/bin/../lib/gcc/arm-none-eabi/7.3.1/../../../../arm-none-eabi/lib/thumb/v7-m\libc_nano.a(lib_a-errno.o)
 .debug_frame   0x0000000000000000       0x20 c:/st/stm32cubeide_1.4.0/stm32cubeide/plugins/com.st.stm32cube.ide.mcu.externaltools.gnu-tools-for-stm32.7-2018-q2-update.win32_1.4.0.202007081208/tools/bin/../lib/gcc/arm-none-eabi/7.3.1/../../../../arm-none-eabi/lib/thumb/v7-m\libc_nano.a(lib_a-errno.o)
 .ARM.attributes
                0x0000000000000000       0x2d c:/st/stm32cubeide_1.4.0/stm32cubeide/plugins/com.st.stm32cube.ide.mcu.externaltools.gnu-tools-for-stm32.7-2018-q2-update.win32_1.4.0.202007081208/tools/bin/../lib/gcc/arm-none-eabi/7.3.1/../../../../arm-none-eabi/lib/thumb/v7-m\libc_nano.a(lib_a-errno.o)
 .text          0x0000000000000000        0x0 c:/st/stm32cubeide_1.4.0/stm32cubeide/plugins/com.st.stm32cube.ide.mcu.externaltools.gnu-tools-for-stm32.7-2018-q2-update.win32_1.4.0.202007081208/tools/bin/../lib/gcc/arm-none-eabi/7.3.1/../../../../arm-none-eabi/lib/thumb/v7-m\libc_nano.a(lib_a-exit.o)
 .data          0x0000000000000000        0x0 c:/st/stm32cubeide_1.4.0/stm32cubeide/plugins/com.st.stm32cube.ide.mcu.externaltools.gnu-tools-for-stm32.7-2018-q2-update.win32_1.4.0.202007081208/tools/bin/../lib/gcc/arm-none-eabi/7.3.1/../../../../arm-none-eabi/lib/thumb/v7-m\libc_nano.a(lib_a-exit.o)
 .bss           0x0000000000000000        0x0 c:/st/stm32cubeide_1.4.0/stm32cubeide/plugins/com.st.stm32cube.ide.mcu.externaltools.gnu-tools-for-stm32.7-2018-q2-update.win32_1.4.0.202007081208/tools/bin/../lib/gcc/arm-none-eabi/7.3.1/../../../../arm-none-eabi/lib/thumb/v7-m\libc_nano.a(lib_a-exit.o)
 .text.exit     0x0000000000000000       0x28 c:/st/stm32cubeide_1.4.0/stm32cubeide/plugins/com.st.stm32cube.ide.mcu.externaltools.gnu-tools-for-stm32.7-2018-q2-update.win32_1.4.0.202007081208/tools/bin/../lib/gcc/arm-none-eabi/7.3.1/../../../../arm-none-eabi/lib/thumb/v7-m\libc_nano.a(lib_a-exit.o)
 .debug_frame   0x0000000000000000       0x28 c:/st/stm32cubeide_1.4.0/stm32cubeide/plugins/com.st.stm32cube.ide.mcu.externaltools.gnu-tools-for-stm32.7-2018-q2-update.win32_1.4.0.202007081208/tools/bin/../lib/gcc/arm-none-eabi/7.3.1/../../../../arm-none-eabi/lib/thumb/v7-m\libc_nano.a(lib_a-exit.o)
 .ARM.attributes
                0x0000000000000000       0x2d c:/st/stm32cubeide_1.4.0/stm32cubeide/plugins/com.st.stm32cube.ide.mcu.externaltools.gnu-tools-for-stm32.7-2018-q2-update.win32_1.4.0.202007081208/tools/bin/../lib/gcc/arm-none-eabi/7.3.1/../../../../arm-none-eabi/lib/thumb/v7-m\libc_nano.a(lib_a-exit.o)
 .text          0x0000000000000000        0x0 c:/st/stm32cubeide_1.4.0/stm32cubeide/plugins/com.st.stm32cube.ide.mcu.externaltools.gnu-tools-for-stm32.7-2018-q2-update.win32_1.4.0.202007081208/tools/bin/../lib/gcc/arm-none-eabi/7.3.1/../../../../arm-none-eabi/lib/thumb/v7-m\libc_nano.a(lib_a-impure.o)
 .data          0x0000000000000000        0x0 c:/st/stm32cubeide_1.4.0/stm32cubeide/plugins/com.st.stm32cube.ide.mcu.externaltools.gnu-tools-for-stm32.7-2018-q2-update.win32_1.4.0.202007081208/tools/bin/../lib/gcc/arm-none-eabi/7.3.1/../../../../arm-none-eabi/lib/thumb/v7-m\libc_nano.a(lib_a-impure.o)
 .bss           0x0000000000000000        0x0 c:/st/stm32cubeide_1.4.0/stm32cubeide/plugins/com.st.stm32cube.ide.mcu.externaltools.gnu-tools-for-stm32.7-2018-q2-update.win32_1.4.0.202007081208/tools/bin/../lib/gcc/arm-none-eabi/7.3.1/../../../../arm-none-eabi/lib/thumb/v7-m\libc_nano.a(lib_a-impure.o)
 .data._impure_ptr
                0x0000000000000000        0x4 c:/st/stm32cubeide_1.4.0/stm32cubeide/plugins/com.st.stm32cube.ide.mcu.externaltools.gnu-tools-for-stm32.7-2018-q2-update.win32_1.4.0.202007081208/tools/bin/../lib/gcc/arm-none-eabi/7.3.1/../../../../arm-none-eabi/lib/thumb/v7-m\libc_nano.a(lib_a-impure.o)
 .data.impure_data
                0x0000000000000000       0x60 c:/st/stm32cubeide_1.4.0/stm32cubeide/plugins/com.st.stm32cube.ide.mcu.externaltools.gnu-tools-for-stm32.7-2018-q2-update.win32_1.4.0.202007081208/tools/bin/../lib/gcc/arm-none-eabi/7.3.1/../../../../arm-none-eabi/lib/thumb/v7-m\libc_nano.a(lib_a-impure.o)
 .rodata._global_impure_ptr
                0x0000000000000000        0x4 c:/st/stm32cubeide_1.4.0/stm32cubeide/plugins/com.st.stm32cube.ide.mcu.externaltools.gnu-tools-for-stm32.7-2018-q2-update.win32_1.4.0.202007081208/tools/bin/../lib/gcc/arm-none-eabi/7.3.1/../../../../arm-none-eabi/lib/thumb/v7-m\libc_nano.a(lib_a-impure.o)
 .ARM.attributes
                0x0000000000000000       0x2d c:/st/stm32cubeide_1.4.0/stm32cubeide/plugins/com.st.stm32cube.ide.mcu.externaltools.gnu-tools-for-stm32.7-2018-q2-update.win32_1.4.0.202007081208/tools/bin/../lib/gcc/arm-none-eabi/7.3.1/../../../../arm-none-eabi/lib/thumb/v7-m\libc_nano.a(lib_a-impure.o)
 .text          0x0000000000000000        0x0 c:/st/stm32cubeide_1.4.0/stm32cubeide/plugins/com.st.stm32cube.ide.mcu.externaltools.gnu-tools-for-stm32.7-2018-q2-update.win32_1.4.0.202007081208/tools/bin/../lib/gcc/arm-none-eabi/7.3.1/../../../../arm-none-eabi/lib/thumb/v7-m\libc_nano.a(lib_a-init.o)
 .data          0x0000000000000000        0x0 c:/st/stm32cubeide_1.4.0/stm32cubeide/plugins/com.st.stm32cube.ide.mcu.externaltools.gnu-tools-for-stm32.7-2018-q2-update.win32_1.4.0.202007081208/tools/bin/../lib/gcc/arm-none-eabi/7.3.1/../../../../arm-none-eabi/lib/thumb/v7-m\libc_nano.a(lib_a-init.o)
 .bss           0x0000000000000000        0x0 c:/st/stm32cubeide_1.4.0/stm32cubeide/plugins/com.st.stm32cube.ide.mcu.externaltools.gnu-tools-for-stm32.7-2018-q2-update.win32_1.4.0.202007081208/tools/bin/../lib/gcc/arm-none-eabi/7.3.1/../../../../arm-none-eabi/lib/thumb/v7-m\libc_nano.a(lib_a-init.o)
 .text          0x0000000000000000        0x0 c:/st/stm32cubeide_1.4.0/stm32cubeide/plugins/com.st.stm32cube.ide.mcu.externaltools.gnu-tools-for-stm32.7-2018-q2-update.win32_1.4.0.202007081208/tools/bin/../lib/gcc/arm-none-eabi/7.3.1/../../../../arm-none-eabi/lib/thumb/v7-m\libc_nano.a(lib_a-memset.o)
 .data          0x0000000000000000        0x0 c:/st/stm32cubeide_1.4.0/stm32cubeide/plugins/com.st.stm32cube.ide.mcu.externaltools.gnu-tools-for-stm32.7-2018-q2-update.win32_1.4.0.202007081208/tools/bin/../lib/gcc/arm-none-eabi/7.3.1/../../../../arm-none-eabi/lib/thumb/v7-m\libc_nano.a(lib_a-memset.o)
 .bss           0x0000000000000000        0x0 c:/st/stm32cubeide_1.4.0/stm32cubeide/plugins/com.st.stm32cube.ide.mcu.externaltools.gnu-tools-for-stm32.7-2018-q2-update.win32_1.4.0.202007081208/tools/bin/../lib/gcc/arm-none-eabi/7.3.1/../../../../arm-none-eabi/lib/thumb/v7-m\libc_nano.a(lib_a-memset.o)
 .text.memset   0x0000000000000000       0x10 c:/st/stm32cubeide_1.4.0/stm32cubeide/plugins/com.st.stm32cube.ide.mcu.externaltools.gnu-tools-for-stm32.7-2018-q2-update.win32_1.4.0.202007081208/tools/bin/../lib/gcc/arm-none-eabi/7.3.1/../../../../arm-none-eabi/lib/thumb/v7-m\libc_nano.a(lib_a-memset.o)
 .debug_frame   0x0000000000000000       0x20 c:/st/stm32cubeide_1.4.0/stm32cubeide/plugins/com.st.stm32cube.ide.mcu.externaltools.gnu-tools-for-stm32.7-2018-q2-update.win32_1.4.0.202007081208/tools/bin/../lib/gcc/arm-none-eabi/7.3.1/../../../../arm-none-eabi/lib/thumb/v7-m\libc_nano.a(lib_a-memset.o)
 .ARM.attributes
                0x0000000000000000       0x2d c:/st/stm32cubeide_1.4.0/stm32cubeide/plugins/com.st.stm32cube.ide.mcu.externaltools.gnu-tools-for-stm32.7-2018-q2-update.win32_1.4.0.202007081208/tools/bin/../lib/gcc/arm-none-eabi/7.3.1/../../../../arm-none-eabi/lib/thumb/v7-m\libc_nano.a(lib_a-memset.o)
 .text          0x0000000000000000        0x0 c:/st/stm32cubeide_1.4.0/stm32cubeide/plugins/com.st.stm32cube.ide.mcu.externaltools.gnu-tools-for-stm32.7-2018-q2-update.win32_1.4.0.202007081208/tools/bin/../lib/gcc/arm-none-eabi/7.3.1/thumb/v7-m/crtend.o
 .data          0x0000000000000000        0x0 c:/st/stm32cubeide_1.4.0/stm32cubeide/plugins/com.st.stm32cube.ide.mcu.externaltools.gnu-tools-for-stm32.7-2018-q2-update.win32_1.4.0.202007081208/tools/bin/../lib/gcc/arm-none-eabi/7.3.1/thumb/v7-m/crtend.o
 .bss           0x0000000000000000        0x0 c:/st/stm32cubeide_1.4.0/stm32cubeide/plugins/com.st.stm32cube.ide.mcu.externaltools.gnu-tools-for-stm32.7-2018-q2-update.win32_1.4.0.202007081208/tools/bin/../lib/gcc/arm-none-eabi/7.3.1/thumb/v7-m/crtend.o
 .eh_frame      0x0000000000000000        0x4 c:/st/stm32cubeide_1.4.0/stm32cubeide/plugins/com.st.stm32cube.ide.mcu.externaltools.gnu-tools-for-stm32.7-2018-q2-update.win32_1.4.0.202007081208/tools/bin/../lib/gcc/arm-none-eabi/7.3.1/thumb/v7-m/crtend.o
 .ARM.attributes
                0x0000000000000000       0x2d c:/st/stm32cubeide_1.4.0/stm32cubeide/plugins/com.st.stm32cube.ide.mcu.externaltools.gnu-tools-for-stm32.7-2018-q2-update.win32_1.4.0.202007081208/tools/bin/../lib/gcc/arm-none-eabi/7.3.1/thumb/v7-m/crtend.o
 .text          0x0000000000000000        0x0 c:/st/stm32cubeide_1.4.0/stm32cubeide/plugins/com.st.stm32cube.ide.mcu.externaltools.gnu-tools-for-stm32.7-2018-q2-update.win32_1.4.0.202007081208/tools/bin/../lib/gcc/arm-none-eabi/7.3.1/thumb/v7-m/crtn.o
 .data          0x0000000000000000        0x0 c:/st/stm32cubeide_1.4.0/stm32cubeide/plugins/com.st.stm32cube.ide.mcu.externaltools.gnu-tools-for-stm32.7-2018-q2-update.win32_1.4.0.202007081208/tools/bin/../lib/gcc/arm-none-eabi/7.3.1/thumb/v7-m/crtn.o
 .bss           0x0000000000000000        0x0 c:/st/stm32cubeide_1.4.0/stm32cubeide/plugins/com.st.stm32cube.ide.mcu.externaltools.gnu-tools-for-stm32.7-2018-q2-update.win32_1.4.0.202007081208/tools/bin/../lib/gcc/arm-none-eabi/7.3.1/thumb/v7-m/crtn.o

Memory Configuration

Name             Origin             Length             Attributes
RAM              0x0000000020000000 0x0000000000002800 xrw
ROM              0x0000000008000000 0x0000000000008000 xr
*default*        0x0000000000000000 0xffffffffffffffff

Linker script and memory map

LOAD c:/st/stm32cubeide_1.4.0/stm32cubeide/plugins/com.st.stm32cube.ide.mcu.externaltools.gnu-tools-for-stm32.7-2018-q2-update.win32_1.4.0.202007081208/tools/bin/../lib/gcc/arm-none-eabi/7.3.1/thumb/v7-m/crti.o
LOAD c:/st/stm32cubeide_1.4.0/stm32cubeide/plugins/com.st.stm32cube.ide.mcu.externaltools.gnu-tools-for-stm32.7-2018-q2-update.win32_1.4.0.202007081208/tools/bin/../lib/gcc/arm-none-eabi/7.3.1/thumb/v7-m/crtbegin.o
LOAD c:/st/stm32cubeide_1.4.0/stm32cubeide/plugins/com.st.stm32cube.ide.mcu.externaltools.gnu-tools-for-stm32.7-2018-q2-update.win32_1.4.0.202007081208/tools/bin/../lib/gcc/arm-none-eabi/7.3.1/../../../../arm-none-eabi/lib/thumb/v7-m/crt0.o
LOAD STM32f103C6_DRIVERS/KEYPAD_DRIVER/keypad.o
LOAD STM32f103C6_DRIVERS/LCD_DRIVER/lcd.o
LOAD STM32f103C6_DRIVERS/STM32f103C6_EXTI_DRIVER.o
LOAD STM32f103C6_DRIVERS/STM32f103C6_GPIO_DRIVER.o
LOAD Src/main.o
LOAD Src/syscalls.o
LOAD Src/sysmem.o
LOAD Startup/startup_stm32f103c6tx.o
START GROUP
LOAD c:/st/stm32cubeide_1.4.0/stm32cubeide/plugins/com.st.stm32cube.ide.mcu.externaltools.gnu-tools-for-stm32.7-2018-q2-update.win32_1.4.0.202007081208/tools/bin/../lib/gcc/arm-none-eabi/7.3.1/../../../../arm-none-eabi/lib/thumb/v7-m\libc_nano.a
LOAD c:/st/stm32cubeide_1.4.0/stm32cubeide/plugins/com.st.stm32cube.ide.mcu.externaltools.gnu-tools-for-stm32.7-2018-q2-update.win32_1.4.0.202007081208/tools/bin/../lib/gcc/arm-none-eabi/7.3.1/../../../../arm-none-eabi/lib/thumb/v7-m\libm.a
END GROUP
START GROUP
LOAD c:/st/stm32cubeide_1.4.0/stm32cubeide/plugins/com.st.stm32cube.ide.mcu.externaltools.gnu-tools-for-stm32.7-2018-q2-update.win32_1.4.0.202007081208/tools/bin/../lib/gcc/arm-none-eabi/7.3.1/thumb/v7-m\libgcc.a
LOAD c:/st/stm32cubeide_1.4.0/stm32cubeide/plugins/com.st.stm32cube.ide.mcu.externaltools.gnu-tools-for-stm32.7-2018-q2-update.win32_1.4.0.202007081208/tools/bin/../lib/gcc/arm-none-eabi/7.3.1/../../../../arm-none-eabi/lib/thumb/v7-m\libg_nano.a
LOAD c:/st/stm32cubeide_1.4.0/stm32cubeide/plugins/com.st.stm32cube.ide.mcu.externaltools.gnu-tools-for-stm32.7-2018-q2-update.win32_1.4.0.202007081208/tools/bin/../lib/gcc/arm-none-eabi/7.3.1/../../../../arm-none-eabi/lib/thumb/v7-m\libc_nano.a
END GROUP
START GROUP
LOAD c:/st/stm32cubeide_1.4.0/stm32cubeide/plugins/com.st.stm32cube.ide.mcu.externaltools.gnu-tools-for-stm32.7-2018-q2-update.win32_1.4.0.202007081208/tools/bin/../lib/gcc/arm-none-eabi/7.3.1/thumb/v7-m\libgcc.a
LOAD c:/st/stm32cubeide_1.4.0/stm32cubeide/plugins/com.st.stm32cube.ide.mcu.externaltools.gnu-tools-for-stm32.7-2018-q2-update.win32_1.4.0.202007081208/tools/bin/../lib/gcc/arm-none-eabi/7.3.1/../../../../arm-none-eabi/lib/thumb/v7-m\libc_nano.a
LOAD c:/st/stm32cubeide_1.4.0/stm32cubeide/plugins/com.st.stm32cube.ide.mcu.externaltools.gnu-tools-for-stm32.7-2018-q2-update.win32_1.4.0.202007081208/tools/bin/../lib/gcc/arm-none-eabi/7.3.1/../../../../arm-none-eabi/lib/thumb/v7-m\libnosys.a
END GROUP
START GROUP
LOAD c:/st/stm32cubeide_1.4.0/stm32cubeide/plugins/com.st.stm32cube.ide.mcu.externaltools.gnu-tools-for-stm32.7-2018-q2-update.win32_1.4.0.202007081208/tools/bin/../lib/gcc/arm-none-eabi/7.3.1/thumb/v7-m\libgcc.a
LOAD c:/st/stm32cubeide_1.4.0/stm32cubeide/plugins/com.st.stm32cube.ide.mcu.externaltools.gnu-tools-for-stm32.7-2018-q2-update.win32_1.4.0.202007081208/tools/bin/../lib/gcc/arm-none-eabi/7.3.1/../../../../arm-none-eabi/lib/thumb/v7-m\libc_nano.a
LOAD c:/st/stm32cubeide_1.4.0/stm32cubeide/plugins/com.st.stm32cube.ide.mcu.externaltools.gnu-tools-for-stm32.7-2018-q2-update.win32_1.4.0.202007081208/tools/bin/../lib/gcc/arm-none-eabi/7.3.1/../../../../arm-none-eabi/lib/thumb/v7-m\libnosys.a
END GROUP
LOAD c:/st/stm32cubeide_1.4.0/stm32cubeide/plugins/com.st.stm32cube.ide.mcu.externaltools.gnu-tools-for-stm32.7-2018-q2-update.win32_1.4.0.202007081208/tools/bin/../lib/gcc/arm-none-eabi/7.3.1/thumb/v7-m/crtend.o
LOAD c:/st/stm32cubeide_1.4.0/stm32cubeide/plugins/com.st.stm32cube.ide.mcu.externaltools.gnu-tools-for-stm32.7-2018-q2-update.win32_1.4.0.202007081208/tools/bin/../lib/gcc/arm-none-eabi/7.3.1/thumb/v7-m/crtn.o
                0x0000000020002800                _estack = (ORIGIN (RAM) + LENGTH (RAM))
                0x0000000000000200                _Min_Heap_Size = 0x200
                0x0000000000000400                _Min_Stack_Size = 0x400

.isr_vector     0x0000000008000000      0x130
                0x0000000008000000                . = ALIGN (0x4)
 *(.isr_vector)
 .isr_vector    0x0000000008000000      0x130 Startup/startup_stm32f103c6tx.o
                0x0000000008000000                g_pfnVectors
                0x0000000008000130                . = ALIGN (0x4)

.text           0x0000000008000130      0xd00
                0x0000000008000130                . = ALIGN (0x4)
 *(.text)
 .text          0x0000000008000130       0x40 c:/st/stm32cubeide_1.4.0/stm32cubeide/plugins/com.st.stm32cube.ide.mcu.externaltools.gnu-tools-for-stm32.7-2018-q2-update.win32_1.4.0.202007081208/tools/bin/../lib/gcc/arm-none-eabi/7.3.1/thumb/v7-m/crtbegin.o
 *(.text*)
 .text.delay    0x0000000008000170       0x38 STM32f103C6_DRIVERS/LCD_DRIVER/lcd.o
                0x0000000008000170                delay
 .text.LCD_clear_screen
                0x00000000080001a8        0xe STM32f103C6_DRIVERS/LCD_DRIVER/lcd.o
                0x00000000080001a8                LCD_clear_screen
 *fill*         0x00000000080001b6        0x2 
 .text.LCD_lcd_kick
                0x00000000080001b8       0x2c STM32f103C6_DRIVERS/LCD_DRIVER/lcd.o
                0x00000000080001b8                LCD_lcd_kick
 .text.LCD_GOTO_XY
                0x00000000080001e4       0x48 STM32f103C6_DRIVERS/LCD_DRIVER/lcd.o
                0x00000000080001e4                LCD_GOTO_XY
 .text.LCD_INIT
                0x000000000800022c      0x15c STM32f103C6_DRIVERS/LCD_DRIVER/lcd.o
                0x000000000800022c                LCD_INIT
 .text.LCD_check_lcd_isbusy
                0x0000000008000388      0x1a8 STM32f103C6_DRIVERS/LCD_DRIVER/lcd.o
                0x0000000008000388                LCD_check_lcd_isbusy
 .text.LCD_WRITE_COMMAND
                0x0000000008000530       0x44 STM32f103C6_DRIVERS/LCD_DRIVER/lcd.o
                0x0000000008000530                LCD_WRITE_COMMAND
 .text.LCD_WRITE_CHAR
                0x0000000008000574       0x48 STM32f103C6_DRIVERS/LCD_DRIVER/lcd.o
                0x0000000008000574                LCD_WRITE_CHAR
 .text.LCD_WRITE_STRING
                0x00000000080005bc       0x58 STM32f103C6_DRIVERS/LCD_DRIVER/lcd.o
                0x00000000080005bc                LCD_WRITE_STRING
 .text.Enable_NVIC
                0x0000000008000614       0xd0 STM32f103C6_DRIVERS/STM32f103C6_EXTI_DRIVER.o
 .text.Disable_NVIC
                0x00000000080006e4       0xd0 STM32f103C6_DRIVERS/STM32f103C6_EXTI_DRIVER.o
 .text.EXTI_UPDATE
                0x00000000080007b4      0x19c STM32f103C6_DRIVERS/STM32f103C6_EXTI_DRIVER.o
                0x00000000080007b4                EXTI_UPDATE
 .text.MCAL_EXTI_GPIO_Init
                0x0000000008000950       0x16 STM32f103C6_DRIVERS/STM32f103C6_EXTI_DRIVER.o
                0x0000000008000950                MCAL_EXTI_GPIO_Init
 *fill*         0x0000000008000966        0x2 
 .text.EXTI0_IRQHandler
                0x0000000008000968       0x24 STM32f103C6_DRIVERS/STM32f103C6_EXTI_DRIVER.o
                0x0000000008000968                EXTI0_IRQHandler
 .text.EXTI1_IRQHandler
                0x000000000800098c       0x24 STM32f103C6_DRIVERS/STM32f103C6_EXTI_DRIVER.o
                0x000000000800098c                EXTI1_IRQHandler
 .text.EXTI2_IRQHandler
                0x00000000080009b0       0x24 STM32f103C6_DRIVERS/STM32f103C6_EXTI_DRIVER.o
                0x00000000080009b0                EXTI2_IRQHandler
 .text.EXTI3_IRQHandler
                0x00000000080009d4       0x24 STM32f103C6_DRIVERS/STM32f103C6_EXTI_DRIVER.o
                0x00000000080009d4                EXTI3_IRQHandler
 .text.EXTI4_IRQHandler
                0x00000000080009f8       0x24 STM32f103C6_DRIVERS/STM32f103C6_EXTI_DRIVER.o
                0x00000000080009f8                EXTI4_IRQHandler
 .text.EXTI9_5_IRQHandler
                0x0000000008000a1c       0xa8 STM32f103C6_DRIVERS/STM32f103C6_EXTI_DRIVER.o
                0x0000000008000a1c                EXTI9_5_IRQHandler
 .text.Get_CRLH_Position
                0x0000000008000ac4       0xc6 STM32f103C6_DRIVERS/STM32f103C6_GPIO_DRIVER.o
                0x0000000008000ac4                Get_CRLH_Position
 .text.MCAL_GPIO_Init
                0x0000000008000b8a       0xfe STM32f103C6_DRIVERS/STM32f103C6_GPIO_DRIVER.o
                0x0000000008000b8a                MCAL_GPIO_Init
 .text.MCAL_GPIO_Write_PIN
                0x0000000008000c88       0x3c STM32f103C6_DRIVERS/STM32f103C6_GPIO_DRIVER.o
                0x0000000008000c88                MCAL_GPIO_Write_PIN
 .text.MCAL_GPIO_Write_Port
                0x0000000008000cc4       0x1c STM32f103C6_DRIVERS/STM32f103C6_GPIO_DRIVER.o
                0x0000000008000cc4                MCAL_GPIO_Write_Port
 .text.init_clock
                0x0000000008000ce0       0x34 Src/main.o
                0x0000000008000ce0                init_clock
 .text.ISR_EXTI9
                0x0000000008000d14       0x18 Src/main.o
                0x0000000008000d14                ISR_EXTI9
 .text.main     0x0000000008000d2c       0x50 Src/main.o
                0x0000000008000d2c                main
 .text.Reset_Handler
                0x0000000008000d7c       0x50 Startup/startup_stm32f103c6tx.o
                0x0000000008000d7c                Reset_Handler
 .text.Default_Handler
                0x0000000008000dcc        0x2 Startup/startup_stm32f103c6tx.o
                0x0000000008000dcc                TIM8_TRG_COM_IRQHandler
                0x0000000008000dcc                TIM8_CC_IRQHandler
                0x0000000008000dcc                DebugMon_Handler
                0x0000000008000dcc                TIM1_CC_IRQHandler
                0x0000000008000dcc                HardFault_Handler
                0x0000000008000dcc                TIM6_IRQHandler
                0x0000000008000dcc                SysTick_Handler
                0x0000000008000dcc                PVD_IRQHandler
                0x0000000008000dcc                SDIO_IRQHandler
                0x0000000008000dcc                PendSV_Handler
                0x0000000008000dcc                NMI_Handler
                0x0000000008000dcc                USB_HP_CAN_TX_IRQHandler
                0x0000000008000dcc                I2C2_EV_IRQHandler
                0x0000000008000dcc                UsageFault_Handler
                0x0000000008000dcc                ADC1_2_IRQHandler
                0x0000000008000dcc                SPI1_IRQHandler
                0x0000000008000dcc                CAN_SCE_IRQHandler
                0x0000000008000dcc                TAMPER_IRQHandler
                0x0000000008000dcc                TIM8_UP_IRQHandler
                0x0000000008000dcc                DMA2_Channel2_IRQHandler
                0x0000000008000dcc                DMA1_Channel4_IRQHandler
                0x0000000008000dcc                USART3_IRQHandler
                0x0000000008000dcc                RTC_IRQHandler
                0x0000000008000dcc                DMA1_Channel7_IRQHandler
                0x0000000008000dcc                UART5_IRQHandler
                0x0000000008000dcc                ADC3_IRQHandler
                0x0000000008000dcc                TIM4_IRQHandler
                0x0000000008000dcc                CAN_RX1_IRQHandler
                0x0000000008000dcc                DMA2_Channel1_IRQHandler
                0x0000000008000dcc                I2C1_EV_IRQHandler
                0x0000000008000dcc                DMA1_Channel6_IRQHandler
                0x0000000008000dcc                UART4_IRQHandler
                0x0000000008000dcc                TIM3_IRQHandler
                0x0000000008000dcc                RCC_IRQHandler
                0x0000000008000dcc                TIM1_TRG_COM_IRQHandler
                0x0000000008000dcc                DMA1_Channel1_IRQHandler
                0x0000000008000dcc                Default_Handler
                0x0000000008000dcc                EXTI15_10_IRQHandler
                0x0000000008000dcc                TIM7_IRQHandler
                0x0000000008000dcc                TIM5_IRQHandler
                0x0000000008000dcc                SPI2_IRQHandler
                0x0000000008000dcc                USB_LP_CAN_RX0_IRQHandler
                0x0000000008000dcc                MemManage_Handler
                0x0000000008000dcc                SVC_Handler
                0x0000000008000dcc                DMA1_Channel5_IRQHandler
                0x0000000008000dcc                DMA1_Channel3_IRQHandler
                0x0000000008000dcc                FSMC_IRQHandler
                0x0000000008000dcc                TIM1_UP_IRQHandler
                0x0000000008000dcc                WWDG_IRQHandler
                0x0000000008000dcc                TIM2_IRQHandler
                0x0000000008000dcc                TIM1_BRK_IRQHandler
                0x0000000008000dcc                RTCAlarm_IRQHandler
                0x0000000008000dcc                DMA2_Channel4_5_IRQHandler
                0x0000000008000dcc                USART2_IRQHandler
                0x0000000008000dcc                I2C2_ER_IRQHandler
                0x0000000008000dcc                DMA1_Channel2_IRQHandler
                0x0000000008000dcc                TIM8_BRK_IRQHandler
                0x0000000008000dcc                FLASH_IRQHandler
                0x0000000008000dcc                BusFault_Handler
                0x0000000008000dcc                USART1_IRQHandler
                0x0000000008000dcc                SPI3_IRQHandler
                0x0000000008000dcc                I2C1_ER_IRQHandler
                0x0000000008000dcc                DMA2_Channel3_IRQHandler
 *fill*         0x0000000008000dce        0x2 
 .text.__libc_init_array
                0x0000000008000dd0       0x48 c:/st/stm32cubeide_1.4.0/stm32cubeide/plugins/com.st.stm32cube.ide.mcu.externaltools.gnu-tools-for-stm32.7-2018-q2-update.win32_1.4.0.202007081208/tools/bin/../lib/gcc/arm-none-eabi/7.3.1/../../../../arm-none-eabi/lib/thumb/v7-m\libc_nano.a(lib_a-init.o)
                0x0000000008000dd0                __libc_init_array
 *(.glue_7)
 .glue_7        0x0000000008000e18        0x0 linker stubs
 *(.glue_7t)
 .glue_7t       0x0000000008000e18        0x0 linker stubs
 *(.eh_frame)
 .eh_frame      0x0000000008000e18        0x0 c:/st/stm32cubeide_1.4.0/stm32cubeide/plugins/com.st.stm32cube.ide.mcu.externaltools.gnu-tools-for-stm32.7-2018-q2-update.win32_1.4.0.202007081208/tools/bin/../lib/gcc/arm-none-eabi/7.3.1/thumb/v7-m/crtbegin.o
 *(.init)
 .init          0x0000000008000e18        0x4 c:/st/stm32cubeide_1.4.0/stm32cubeide/plugins/com.st.stm32cube.ide.mcu.externaltools.gnu-tools-for-stm32.7-2018-q2-update.win32_1.4.0.202007081208/tools/bin/../lib/gcc/arm-none-eabi/7.3.1/thumb/v7-m/crti.o
                0x0000000008000e18                _init
 .init          0x0000000008000e1c        0x8 c:/st/stm32cubeide_1.4.0/stm32cubeide/plugins/com.st.stm32cube.ide.mcu.externaltools.gnu-tools-for-stm32.7-2018-q2-update.win32_1.4.0.202007081208/tools/bin/../lib/gcc/arm-none-eabi/7.3.1/thumb/v7-m/crtn.o
 *(.fini)
 .fini          0x0000000008000e24        0x4 c:/st/stm32cubeide_1.4.0/stm32cubeide/plugins/com.st.stm32cube.ide.mcu.externaltools.gnu-tools-for-stm32.7-2018-q2-update.win32_1.4.0.202007081208/tools/bin/../lib/gcc/arm-none-eabi/7.3.1/thumb/v7-m/crti.o
                0x0000000008000e24                _fini
 .fini          0x0000000008000e28        0x8 c:/st/stm32cubeide_1.4.0/stm32cubeide/plugins/com.st.stm32cube.ide.mcu.externaltools.gnu-tools-for-stm32.7-2018-q2-update.win32_1.4.0.202007081208/tools/bin/../lib/gcc/arm-none-eabi/7.3.1/thumb/v7-m/crtn.o
                0x0000000008000e30                . = ALIGN (0x4)
                0x0000000008000e30                _etext = .

.vfp11_veneer   0x0000000008000e30        0x0
 .vfp11_veneer  0x0000000008000e30        0x0 linker stubs

.v4_bx          0x0000000008000e30        0x0
 .v4_bx         0x0000000008000e30        0x0 linker stubs

.iplt           0x0000000008000e30        0x0
 .iplt          0x0000000008000e30        0x0 c:/st/stm32cubeide_1.4.0/stm32cubeide/plugins/com.st.stm32cube.ide.mcu.externaltools.gnu-tools-for-stm32.7-2018-q2-update.win32_1.4.0.202007081208/tools/bin/../lib/gcc/arm-none-eabi/7.3.1/thumb/v7-m/crtbegin.o

.rodata         0x0000000008000e30       0x28
                0x0000000008000e30                . = ALIGN (0x4)
 *(.rodata)
 .rodata        0x0000000008000e30       0x28 Src/main.o
 *(.rodata*)
                0x0000000008000e58                . = ALIGN (0x4)

.rel.dyn        0x0000000008000e58        0x0
 .rel.iplt      0x0000000008000e58        0x0 c:/st/stm32cubeide_1.4.0/stm32cubeide/plugins/com.st.stm32cube.ide.mcu.externaltools.gnu-tools-for-stm32.7-2018-q2-update.win32_1.4.0.202007081208/tools/bin/../lib/gcc/arm-none-eabi/7.3.1/thumb/v7-m/crtbegin.o

.ARM.extab      0x0000000008000e58        0x0
                0x0000000008000e58                . = ALIGN (0x4)
 *(.ARM.extab* .gnu.linkonce.armextab.*)
                0x0000000008000e58                . = ALIGN (0x4)

.ARM            0x0000000008000e58        0x0
                0x0000000008000e58                . = ALIGN (0x4)
                0x0000000008000e58                __exidx_start = .
 *(.ARM.exidx*)
                0x0000000008000e58                __exidx_end = .
                0x0000000008000e58                . = ALIGN (0x4)

.preinit_array  0x0000000008000e58        0x0
                0x0000000008000e58                . = ALIGN (0x4)
                0x0000000008000e58                PROVIDE (__preinit_array_start = .)
 *(.preinit_array*)
                0x0000000008000e58                PROVIDE (__preinit_array_end = .)
                0x0000000008000e58                . = ALIGN (0x4)

.init_array     0x0000000008000e58        0x4
                0x0000000008000e58                . = ALIGN (0x4)
                0x0000000008000e58                PROVIDE (__init_array_start = .)
 *(SORT_BY_NAME(.init_array.*))
 *(.init_array*)
 .init_array    0x0000000008000e58        0x4 c:/st/stm32cubeide_1.4.0/stm32cubeide/plugins/com.st.stm32cube.ide.mcu.externaltools.gnu-tools-for-stm32.7-2018-q2-update.win32_1.4.0.202007081208/tools/bin/../lib/gcc/arm-none-eabi/7.3.1/thumb/v7-m/crtbegin.o
                0x0000000008000e5c                PROVIDE (__init_array_end = .)
                0x0000000008000e5c                . = ALIGN (0x4)

.fini_array     0x0000000008000e5c        0x4
                0x0000000008000e5c                . = ALIGN (0x4)
                [!provide]                        PROVIDE (__fini_array_start = .)
 *(SORT_BY_NAME(.fini_array.*))
 *(.fini_array*)
 .fini_array    0x0000000008000e5c        0x4 c:/st/stm32cubeide_1.4.0/stm32cubeide/plugins/com.st.stm32cube.ide.mcu.externaltools.gnu-tools-for-stm32.7-2018-q2-update.win32_1.4.0.202007081208/tools/bin/../lib/gcc/arm-none-eabi/7.3.1/thumb/v7-m/crtbegin.o
                [!provide]                        PROVIDE (__fini_array_end = .)
                0x0000000008000e60                . = ALIGN (0x4)
                0x0000000008000e60                _sidata = LOADADDR (.data)

.data           0x0000000020000000        0x4 load address 0x0000000008000e60
                0x0000000020000000                . = ALIGN (0x4)
                0x0000000020000000                _sdata = .
 *(.data)
 *(.data*)
 .data.Flag     0x0000000020000000        0x1 Src/main.o
                0x0000000020000000                Flag
                0x0000000020000004                . = ALIGN (0x4)
 *fill*         0x0000000020000001        0x3 
                0x0000000020000004                _edata = .

.igot.plt       0x0000000020000004        0x0 load address 0x0000000008000e64
 .igot.plt      0x0000000020000004        0x0 c:/st/stm32cubeide_1.4.0/stm32cubeide/plugins/com.st.stm32cube.ide.mcu.externaltools.gnu-tools-for-stm32.7-2018-q2-update.win32_1.4.0.202007081208/tools/bin/../lib/gcc/arm-none-eabi/7.3.1/thumb/v7-m/crtbegin.o
                0x0000000020000004                . = ALIGN (0x4)

.bss            0x0000000020000004       0x60 load address 0x0000000008000e64
                0x0000000020000004                _sbss = .
                0x0000000020000004                __bss_start__ = _sbss
 *(.bss)
 .bss           0x0000000020000004       0x1c c:/st/stm32cubeide_1.4.0/stm32cubeide/plugins/com.st.stm32cube.ide.mcu.externaltools.gnu-tools-for-stm32.7-2018-q2-update.win32_1.4.0.202007081208/tools/bin/../lib/gcc/arm-none-eabi/7.3.1/thumb/v7-m/crtbegin.o
 *(.bss*)
 *(COMMON)
 COMMON         0x0000000020000020        0x4 STM32f103C6_DRIVERS/KEYPAD_DRIVER/keypad.o
                0x0000000020000020                PinConfig
 COMMON         0x0000000020000024       0x40 STM32f103C6_DRIVERS/STM32f103C6_EXTI_DRIVER.o
                0x0000000020000024                G_IRQ_Callback
                0x0000000020000064                . = ALIGN (0x4)
                0x0000000020000064                _ebss = .
                0x0000000020000064                __bss_end__ = _ebss

._user_heap_stack
                0x0000000020000064      0x604 load address 0x0000000008000e64
                0x0000000020000068                . = ALIGN (0x8)
 *fill*         0x0000000020000064        0x4 
                [!provide]                        PROVIDE (end = .)
                0x0000000020000068                PROVIDE (_end = .)
                0x0000000020000268                . = (. + _Min_Heap_Size)
 *fill*         0x0000000020000068      0x200 
                0x0000000020000668                . = (. + _Min_Stack_Size)
 *fill*         0x0000000020000268      0x400 
                0x0000000020000668                . = ALIGN (0x8)

/DISCARD/
 libc.a(*)
 libm.a(*)
 libgcc.a(*)

.ARM.attributes
                0x0000000000000000       0x29
 *(.ARM.attributes)
 .ARM.attributes
                0x0000000000000000       0x1d c:/st/stm32cubeide_1.4.0/stm32cubeide/plugins/com.st.stm32cube.ide.mcu.externaltools.gnu-tools-for-stm32.7-2018-q2-update.win32_1.4.0.202007081208/tools/bin/../lib/gcc/arm-none-eabi/7.3.1/thumb/v7-m/crti.o
 .ARM.attributes
                0x000000000000001d       0x2d c:/st/stm32cubeide_1.4.0/stm32cubeide/plugins/com.st.stm32cube.ide.mcu.externaltools.gnu-tools-for-stm32.7-2018-q2-update.win32_1.4.0.202007081208/tools/bin/../lib/gcc/arm-none-eabi/7.3.1/thumb/v7-m/crtbegin.o
 .ARM.attributes
                0x000000000000004a       0x33 STM32f103C6_DRIVERS/KEYPAD_DRIVER/keypad.o
 .ARM.attributes
                0x000000000000007d       0x33 STM32f103C6_DRIVERS/LCD_DRIVER/lcd.o
 .ARM.attributes
                0x00000000000000b0       0x33 STM32f103C6_DRIVERS/STM32f103C6_EXTI_DRIVER.o
 .ARM.attributes
                0x00000000000000e3       0x33 STM32f103C6_DRIVERS/STM32f103C6_GPIO_DRIVER.o
 .ARM.attributes
                0x0000000000000116       0x33 Src/main.o
 .ARM.attributes
                0x0000000000000149       0x21 Startup/startup_stm32f103c6tx.o
 .ARM.attributes
                0x000000000000016a       0x2d c:/st/stm32cubeide_1.4.0/stm32cubeide/plugins/com.st.stm32cube.ide.mcu.externaltools.gnu-tools-for-stm32.7-2018-q2-update.win32_1.4.0.202007081208/tools/bin/../lib/gcc/arm-none-eabi/7.3.1/../../../../arm-none-eabi/lib/thumb/v7-m\libc_nano.a(lib_a-init.o)
 .ARM.attributes
                0x0000000000000197       0x1d c:/st/stm32cubeide_1.4.0/stm32cubeide/plugins/com.st.stm32cube.ide.mcu.externaltools.gnu-tools-for-stm32.7-2018-q2-update.win32_1.4.0.202007081208/tools/bin/../lib/gcc/arm-none-eabi/7.3.1/thumb/v7-m/crtn.o
OUTPUT(DRIVERS.elf elf32-littlearm)

.debug_info     0x0000000000000000     0x3e45
 .debug_info    0x0000000000000000      0xb0a STM32f103C6_DRIVERS/KEYPAD_DRIVER/keypad.o
 .debug_info    0x0000000000000b0a      0xbe1 STM32f103C6_DRIVERS/LCD_DRIVER/lcd.o
 .debug_info    0x00000000000016eb      0xdb7 STM32f103C6_DRIVERS/STM32f103C6_EXTI_DRIVER.o
 .debug_info    0x00000000000024a2      0xd39 STM32f103C6_DRIVERS/STM32f103C6_GPIO_DRIVER.o
 .debug_info    0x00000000000031db      0xc48 Src/main.o
 .debug_info    0x0000000000003e23       0x22 Startup/startup_stm32f103c6tx.o

.debug_abbrev   0x0000000000000000      0x9ad
 .debug_abbrev  0x0000000000000000      0x1a6 STM32f103C6_DRIVERS/KEYPAD_DRIVER/keypad.o
 .debug_abbrev  0x00000000000001a6      0x22c STM32f103C6_DRIVERS/LCD_DRIVER/lcd.o
 .debug_abbrev  0x00000000000003d2      0x215 STM32f103C6_DRIVERS/STM32f103C6_EXTI_DRIVER.o
 .debug_abbrev  0x00000000000005e7      0x1de STM32f103C6_DRIVERS/STM32f103C6_GPIO_DRIVER.o
 .debug_abbrev  0x00000000000007c5      0x1d6 Src/main.o
 .debug_abbrev  0x000000000000099b       0x12 Startup/startup_stm32f103c6tx.o

.debug_loc      0x0000000000000000      0x9ec
 .debug_loc     0x0000000000000000       0x7c STM32f103C6_DRIVERS/KEYPAD_DRIVER/keypad.o
 .debug_loc     0x000000000000007c      0x24c STM32f103C6_DRIVERS/LCD_DRIVER/lcd.o
 .debug_loc     0x00000000000002c8      0x320 STM32f103C6_DRIVERS/STM32f103C6_EXTI_DRIVER.o
 .debug_loc     0x00000000000005e8      0x330 STM32f103C6_DRIVERS/STM32f103C6_GPIO_DRIVER.o
 .debug_loc     0x0000000000000918       0xd4 Src/main.o

.debug_aranges  0x0000000000000000      0x1c8
 .debug_aranges
                0x0000000000000000       0x28 STM32f103C6_DRIVERS/KEYPAD_DRIVER/keypad.o
 .debug_aranges
                0x0000000000000028       0x60 STM32f103C6_DRIVERS/LCD_DRIVER/lcd.o
 .debug_aranges
                0x0000000000000088       0x80 STM32f103C6_DRIVERS/STM32f103C6_EXTI_DRIVER.o
 .debug_aranges
                0x0000000000000108       0x60 STM32f103C6_DRIVERS/STM32f103C6_GPIO_DRIVER.o
 .debug_aranges
                0x0000000000000168       0x38 Src/main.o
 .debug_aranges
                0x00000000000001a0       0x28 Startup/startup_stm32f103c6tx.o

.debug_ranges   0x0000000000000000      0x170
 .debug_ranges  0x0000000000000000       0x18 STM32f103C6_DRIVERS/KEYPAD_DRIVER/keypad.o
 .debug_ranges  0x0000000000000018       0x50 STM32f103C6_DRIVERS/LCD_DRIVER/lcd.o
 .debug_ranges  0x0000000000000068       0x70 STM32f103C6_DRIVERS/STM32f103C6_EXTI_DRIVER.o
 .debug_ranges  0x00000000000000d8       0x50 STM32f103C6_DRIVERS/STM32f103C6_GPIO_DRIVER.o
 .debug_ranges  0x0000000000000128       0x28 Src/main.o
 .debug_ranges  0x0000000000000150       0x20 Startup/startup_stm32f103c6tx.o

.debug_macro    0x0000000000000000     0x265e
 .debug_macro   0x0000000000000000      0x152 STM32f103C6_DRIVERS/KEYPAD_DRIVER/keypad.o
 .debug_macro   0x0000000000000152      0xa60 STM32f103C6_DRIVERS/KEYPAD_DRIVER/keypad.o
 .debug_macro   0x0000000000000bb2       0x18 STM32f103C6_DRIVERS/KEYPAD_DRIVER/keypad.o
 .debug_macro   0x0000000000000bca       0x22 STM32f103C6_DRIVERS/KEYPAD_DRIVER/keypad.o
 .debug_macro   0x0000000000000bec       0x40 STM32f103C6_DRIVERS/KEYPAD_DRIVER/keypad.o
 .debug_macro   0x0000000000000c2c       0x94 STM32f103C6_DRIVERS/KEYPAD_DRIVER/keypad.o
 .debug_macro   0x0000000000000cc0       0x3c STM32f103C6_DRIVERS/KEYPAD_DRIVER/keypad.o
 .debug_macro   0x0000000000000cfc       0x34 STM32f103C6_DRIVERS/KEYPAD_DRIVER/keypad.o
 .debug_macro   0x0000000000000d30       0x16 STM32f103C6_DRIVERS/KEYPAD_DRIVER/keypad.o
 .debug_macro   0x0000000000000d46      0x10e STM32f103C6_DRIVERS/KEYPAD_DRIVER/keypad.o
 .debug_macro   0x0000000000000e54       0x8d STM32f103C6_DRIVERS/KEYPAD_DRIVER/keypad.o
 .debug_macro   0x0000000000000ee1       0x57 STM32f103C6_DRIVERS/KEYPAD_DRIVER/keypad.o
 .debug_macro   0x0000000000000f38       0x52 STM32f103C6_DRIVERS/KEYPAD_DRIVER/keypad.o
 .debug_macro   0x0000000000000f8a       0x1f STM32f103C6_DRIVERS/KEYPAD_DRIVER/keypad.o
 .debug_macro   0x0000000000000fa9       0x43 STM32f103C6_DRIVERS/KEYPAD_DRIVER/keypad.o
 .debug_macro   0x0000000000000fec       0x20 STM32f103C6_DRIVERS/KEYPAD_DRIVER/keypad.o
 .debug_macro   0x000000000000100c      0x1a3 STM32f103C6_DRIVERS/KEYPAD_DRIVER/keypad.o
 .debug_macro   0x00000000000011af      0x330 STM32f103C6_DRIVERS/KEYPAD_DRIVER/keypad.o
 .debug_macro   0x00000000000014df       0x16 STM32f103C6_DRIVERS/KEYPAD_DRIVER/keypad.o
 .debug_macro   0x00000000000014f5       0x29 STM32f103C6_DRIVERS/KEYPAD_DRIVER/keypad.o
 .debug_macro   0x000000000000151e       0xef STM32f103C6_DRIVERS/KEYPAD_DRIVER/keypad.o
 .debug_macro   0x000000000000160d       0x6a STM32f103C6_DRIVERS/KEYPAD_DRIVER/keypad.o
 .debug_macro   0x0000000000001677      0x1df STM32f103C6_DRIVERS/KEYPAD_DRIVER/keypad.o
 .debug_macro   0x0000000000001856      0x1e8 STM32f103C6_DRIVERS/KEYPAD_DRIVER/keypad.o
 .debug_macro   0x0000000000001a3e       0xca STM32f103C6_DRIVERS/KEYPAD_DRIVER/keypad.o
 .debug_macro   0x0000000000001b08       0x3a STM32f103C6_DRIVERS/KEYPAD_DRIVER/keypad.o
 .debug_macro   0x0000000000001b42      0x14b STM32f103C6_DRIVERS/LCD_DRIVER/lcd.o
 .debug_macro   0x0000000000001c8d       0x10 STM32f103C6_DRIVERS/LCD_DRIVER/lcd.o
 .debug_macro   0x0000000000001c9d      0x1ee STM32f103C6_DRIVERS/LCD_DRIVER/lcd.o
 .debug_macro   0x0000000000001e8b       0x9a STM32f103C6_DRIVERS/LCD_DRIVER/lcd.o
 .debug_macro   0x0000000000001f25      0x14e STM32f103C6_DRIVERS/STM32f103C6_EXTI_DRIVER.o
 .debug_macro   0x0000000000002073      0x222 STM32f103C6_DRIVERS/STM32f103C6_EXTI_DRIVER.o
 .debug_macro   0x0000000000002295      0x13f STM32f103C6_DRIVERS/STM32f103C6_GPIO_DRIVER.o
 .debug_macro   0x00000000000023d4      0x1a4 Src/main.o
 .debug_macro   0x0000000000002578       0xa6 Src/main.o
 .debug_macro   0x000000000000261e       0x40 Src/main.o

.debug_line     0x0000000000000000     0x2159
 .debug_line    0x0000000000000000      0x649 STM32f103C6_DRIVERS/KEYPAD_DRIVER/keypad.o
 .debug_line    0x0000000000000649      0x690 STM32f103C6_DRIVERS/LCD_DRIVER/lcd.o
 .debug_line    0x0000000000000cd9      0x6ed STM32f103C6_DRIVERS/STM32f103C6_EXTI_DRIVER.o
 .debug_line    0x00000000000013c6      0x6bf STM32f103C6_DRIVERS/STM32f103C6_GPIO_DRIVER.o
 .debug_line    0x0000000000001a85      0x650 Src/main.o
 .debug_line    0x00000000000020d5       0x84 Startup/startup_stm32f103c6tx.o

.debug_str      0x0000000000000000     0x986a
 .debug_str     0x0000000000000000     0x7dc7 STM32f103C6_DRIVERS/KEYPAD_DRIVER/keypad.o
                                       0x8028 (size before relaxing)
 .debug_str     0x0000000000007dc7      0x340 STM32f103C6_DRIVERS/LCD_DRIVER/lcd.o
                                       0x828c (size before relaxing)
 .debug_str     0x0000000000008107     0x150a STM32f103C6_DRIVERS/STM32f103C6_EXTI_DRIVER.o
                                       0x943d (size before relaxing)
 .debug_str     0x0000000000009611      0x186 STM32f103C6_DRIVERS/STM32f103C6_GPIO_DRIVER.o
                                       0x80c3 (size before relaxing)
 .debug_str     0x0000000000009797       0xa2 Src/main.o
                                       0x96b8 (size before relaxing)
 .debug_str     0x0000000000009839       0x31 Startup/startup_stm32f103c6tx.o
                                         0x5a (size before relaxing)

.comment        0x0000000000000000       0x7b
 .comment       0x0000000000000000       0x7b STM32f103C6_DRIVERS/KEYPAD_DRIVER/keypad.o
                                         0x7c (size before relaxing)
 .comment       0x000000000000007b       0x7c STM32f103C6_DRIVERS/LCD_DRIVER/lcd.o
 .comment       0x000000000000007b       0x7c STM32f103C6_DRIVERS/STM32f103C6_EXTI_DRIVER.o
 .comment       0x000000000000007b       0x7c STM32f103C6_DRIVERS/STM32f103C6_GPIO_DRIVER.o
 .comment       0x000000000000007b       0x7c Src/main.o

.debug_frame    0x0000000000000000      0x564
 .debug_frame   0x0000000000000000       0x50 STM32f103C6_DRIVERS/KEYPAD_DRIVER/keypad.o
 .debug_frame   0x0000000000000050      0x138 STM32f103C6_DRIVERS/LCD_DRIVER/lcd.o
 .debug_frame   0x0000000000000188      0x1b0 STM32f103C6_DRIVERS/STM32f103C6_EXTI_DRIVER.o
 .debug_frame   0x0000000000000338      0x178 STM32f103C6_DRIVERS/STM32f103C6_GPIO_DRIVER.o
 .debug_frame   0x00000000000004b0       0x88 Src/main.o
 .debug_frame   0x0000000000000538       0x2c c:/st/stm32cubeide_1.4.0/stm32cubeide/plugins/com.st.stm32cube.ide.mcu.externaltools.gnu-tools-for-stm32.7-2018-q2-update.win32_1.4.0.202007081208/tools/bin/../lib/gcc/arm-none-eabi/7.3.1/../../../../arm-none-eabi/lib/thumb/v7-m\libc_nano.a(lib_a-init.o)
