Archive member included to satisfy reference by file (symbol)

c:/st/stm32cubeide_1.4.0/stm32cubeide/plugins/com.st.stm32cube.ide.mcu.externaltools.gnu-tools-for-stm32.7-2018-q2-update.win32_1.4.0.202007081208/tools/bin/../lib/gcc/arm-none-eabi/7.3.1/../../../../arm-none-eabi/lib/thumb/v7-m\libc_nano.a(lib_a-errno.o)
                              Src/syscalls.o (__errno)
c:/st/stm32cubeide_1.4.0/stm32cubeide/plugins/com.st.stm32cube.ide.mcu.externaltools.gnu-tools-for-stm32.7-2018-q2-update.win32_1.4.0.202007081208/tools/bin/../lib/gcc/arm-none-eabi/7.3.1/../../../../arm-none-eabi/lib/thumb/v7-m\libc_nano.a(lib_a-exit.o)
                              c:/st/stm32cubeide_1.4.0/stm32cubeide/plugins/com.st.stm32cube.ide.mcu.externaltools.gnu-tools-for-stm32.7-2018-q2-update.win32_1.4.0.202007081208/tools/bin/../lib/gcc/arm-none-eabi/7.3.1/../../../../arm-none-eabi/lib/thumb/v7-m/crt0.o (exit)
c:/st/stm32cubeide_1.4.0/stm32cubeide/plugins/com.st.stm32cube.ide.mcu.externaltools.gnu-tools-for-stm32.7-2018-q2-update.win32_1.4.0.202007081208/tools/bin/../lib/gcc/arm-none-eabi/7.3.1/../../../../arm-none-eabi/lib/thumb/v7-m\libc_nano.a(lib_a-impure.o)
                              c:/st/stm32cubeide_1.4.0/stm32cubeide/plugins/com.st.stm32cube.ide.mcu.externaltools.gnu-tools-for-stm32.7-2018-q2-update.win32_1.4.0.202007081208/tools/bin/../lib/gcc/arm-none-eabi/7.3.1/../../../../arm-none-eabi/lib/thumb/v7-m\libc_nano.a(lib_a-exit.o) (_global_impure_ptr)
c:/st/stm32cubeide_1.4.0/stm32cubeide/plugins/com.st.stm32cube.ide.mcu.externaltools.gnu-tools-for-stm32.7-2018-q2-update.win32_1.4.0.202007081208/tools/bin/../lib/gcc/arm-none-eabi/7.3.1/../../../../arm-none-eabi/lib/thumb/v7-m\libc_nano.a(lib_a-init.o)
                              c:/st/stm32cubeide_1.4.0/stm32cubeide/plugins/com.st.stm32cube.ide.mcu.externaltools.gnu-tools-for-stm32.7-2018-q2-update.win32_1.4.0.202007081208/tools/bin/../lib/gcc/arm-none-eabi/7.3.1/../../../../arm-none-eabi/lib/thumb/v7-m/crt0.o (__libc_init_array)
c:/st/stm32cubeide_1.4.0/stm32cubeide/plugins/com.st.stm32cube.ide.mcu.externaltools.gnu-tools-for-stm32.7-2018-q2-update.win32_1.4.0.202007081208/tools/bin/../lib/gcc/arm-none-eabi/7.3.1/../../../../arm-none-eabi/lib/thumb/v7-m\libc_nano.a(lib_a-memset.o)
                              c:/st/stm32cubeide_1.4.0/stm32cubeide/plugins/com.st.stm32cube.ide.mcu.externaltools.gnu-tools-for-stm32.7-2018-q2-update.win32_1.4.0.202007081208/tools/bin/../lib/gcc/arm-none-eabi/7.3.1/../../../../arm-none-eabi/lib/thumb/v7-m/crt0.o (memset)

Allocating common symbols
Common symbol       size              file

PinConfig           0x4               STM32f103C6_DRIVERS/KEYPAD_DRIVER/keypad.o

Discarded input sections

 .text          0x0000000000000000        0x0 c:/st/stm32cubeide_1.4.0/stm32cubeide/plugins/com.st.stm32cube.ide.mcu.externaltools.gnu-tools-for-stm32.7-2018-q2-update.win32_1.4.0.202007081208/tools/bin/../lib/gcc/arm-none-eabi/7.3.1/thumb/v7-m/crti.o
 .data          0x0000000000000000        0x0 c:/st/stm32cubeide_1.4.0/stm32cubeide/plugins/com.st.stm32cube.ide.mcu.externaltools.gnu-tools-for-stm32.7-2018-q2-update.win32_1.4.0.202007081208/tools/bin/../lib/gcc/arm-none-eabi/7.3.1/thumb/v7-m/crti.o
 .bss           0x0000000000000000        0x0 c:/st/stm32cubeide_1.4.0/stm32cubeide/plugins/com.st.stm32cube.ide.mcu.externaltools.gnu-tools-for-stm32.7-2018-q2-update.win32_1.4.0.202007081208/tools/bin/../lib/gcc/arm-none-eabi/7.3.1/thumb/v7-m/crti.o
 .data          0x0000000000000000        0x4 c:/st/stm32cubeide_1.4.0/stm32cubeide/plugins/com.st.stm32cube.ide.mcu.externaltools.gnu-tools-for-stm32.7-2018-q2-update.win32_1.4.0.202007081208/tools/bin/../lib/gcc/arm-none-eabi/7.3.1/thumb/v7-m/crtbegin.o
 .text          0x0000000000000000       0x74 c:/st/stm32cubeide_1.4.0/stm32cubeide/plugins/com.st.stm32cube.ide.mcu.externaltools.gnu-tools-for-stm32.7-2018-q2-update.win32_1.4.0.202007081208/tools/bin/../lib/gcc/arm-none-eabi/7.3.1/../../../../arm-none-eabi/lib/thumb/v7-m/crt0.o
 .data          0x0000000000000000        0x0 c:/st/stm32cubeide_1.4.0/stm32cubeide/plugins/com.st.stm32cube.ide.mcu.externaltools.gnu-tools-for-stm32.7-2018-q2-update.win32_1.4.0.202007081208/tools/bin/../lib/gcc/arm-none-eabi/7.3.1/../../../../arm-none-eabi/lib/thumb/v7-m/crt0.o
 .bss           0x0000000000000000        0x0 c:/st/stm32cubeide_1.4.0/stm32cubeide/plugins/com.st.stm32cube.ide.mcu.externaltools.gnu-tools-for-stm32.7-2018-q2-update.win32_1.4.0.202007081208/tools/bin/../lib/gcc/arm-none-eabi/7.3.1/../../../../arm-none-eabi/lib/thumb/v7-m/crt0.o
 .ARM.extab     0x0000000000000000        0x0 c:/st/stm32cubeide_1.4.0/stm32cubeide/plugins/com.st.stm32cube.ide.mcu.externaltools.gnu-tools-for-stm32.7-2018-q2-update.win32_1.4.0.202007081208/tools/bin/../lib/gcc/arm-none-eabi/7.3.1/../../../../arm-none-eabi/lib/thumb/v7-m/crt0.o
 .ARM.exidx     0x0000000000000000        0x8 c:/st/stm32cubeide_1.4.0/stm32cubeide/plugins/com.st.stm32cube.ide.mcu.externaltools.gnu-tools-for-stm32.7-2018-q2-update.win32_1.4.0.202007081208/tools/bin/../lib/gcc/arm-none-eabi/7.3.1/../../../../arm-none-eabi/lib/thumb/v7-m/crt0.o
 .ARM.attributes
                0x0000000000000000       0x1b c:/st/stm32cubeide_1.4.0/stm32cubeide/plugins/com.st.stm32cube.ide.mcu.externaltools.gnu-tools-for-stm32.7-2018-q2-update.win32_1.4.0.202007081208/tools/bin/../lib/gcc/arm-none-eabi/7.3.1/../../../../arm-none-eabi/lib/thumb/v7-m/crt0.o
 .group         0x0000000000000000        0xc STM32f103C6_DRIVERS/KEYPAD_DRIVER/keypad.o
 .group         0x0000000000000000        0xc STM32f103C6_DRIVERS/KEYPAD_DRIVER/keypad.o
 .group         0x0000000000000000        0xc STM32f103C6_DRIVERS/KEYPAD_DRIVER/keypad.o
 .group         0x0000000000000000        0xc STM32f103C6_DRIVERS/KEYPAD_DRIVER/keypad.o
 .group         0x0000000000000000        0xc STM32f103C6_DRIVERS/KEYPAD_DRIVER/keypad.o
 .group         0x0000000000000000        0xc STM32f103C6_DRIVERS/KEYPAD_DRIVER/keypad.o
 .group         0x0000000000000000        0xc STM32f103C6_DRIVERS/KEYPAD_DRIVER/keypad.o
 .group         0x0000000000000000        0xc STM32f103C6_DRIVERS/KEYPAD_DRIVER/keypad.o
 .group         0x0000000000000000        0xc STM32f103C6_DRIVERS/KEYPAD_DRIVER/keypad.o
 .group         0x0000000000000000        0xc STM32f103C6_DRIVERS/KEYPAD_DRIVER/keypad.o
 .group         0x0000000000000000        0xc STM32f103C6_DRIVERS/KEYPAD_DRIVER/keypad.o
 .group         0x0000000000000000        0xc STM32f103C6_DRIVERS/KEYPAD_DRIVER/keypad.o
 .group         0x0000000000000000        0xc STM32f103C6_DRIVERS/KEYPAD_DRIVER/keypad.o
 .group         0x0000000000000000        0xc STM32f103C6_DRIVERS/KEYPAD_DRIVER/keypad.o
 .group         0x0000000000000000        0xc STM32f103C6_DRIVERS/KEYPAD_DRIVER/keypad.o
 .group         0x0000000000000000        0xc STM32f103C6_DRIVERS/KEYPAD_DRIVER/keypad.o
 .group         0x0000000000000000        0xc STM32f103C6_DRIVERS/KEYPAD_DRIVER/keypad.o
 .group         0x0000000000000000        0xc STM32f103C6_DRIVERS/KEYPAD_DRIVER/keypad.o
 .group         0x0000000000000000        0xc STM32f103C6_DRIVERS/KEYPAD_DRIVER/keypad.o
 .group         0x0000000000000000        0xc STM32f103C6_DRIVERS/KEYPAD_DRIVER/keypad.o
 .group         0x0000000000000000        0xc STM32f103C6_DRIVERS/KEYPAD_DRIVER/keypad.o
 .group         0x0000000000000000        0xc STM32f103C6_DRIVERS/KEYPAD_DRIVER/keypad.o
 .group         0x0000000000000000        0xc STM32f103C6_DRIVERS/KEYPAD_DRIVER/keypad.o
 .group         0x0000000000000000        0xc STM32f103C6_DRIVERS/KEYPAD_DRIVER/keypad.o
 .group         0x0000000000000000        0xc STM32f103C6_DRIVERS/KEYPAD_DRIVER/keypad.o
 .text          0x0000000000000000        0x0 STM32f103C6_DRIVERS/KEYPAD_DRIVER/keypad.o
 .data          0x0000000000000000        0x0 STM32f103C6_DRIVERS/KEYPAD_DRIVER/keypad.o
 .bss           0x0000000000000000        0x0 STM32f103C6_DRIVERS/KEYPAD_DRIVER/keypad.o
 .group         0x0000000000000000        0xc STM32f103C6_DRIVERS/LCD_DRIVER/lcd.o
 .group         0x0000000000000000        0xc STM32f103C6_DRIVERS/LCD_DRIVER/lcd.o
 .group         0x0000000000000000        0xc STM32f103C6_DRIVERS/LCD_DRIVER/lcd.o
 .group         0x0000000000000000        0xc STM32f103C6_DRIVERS/LCD_DRIVER/lcd.o
 .group         0x0000000000000000        0xc STM32f103C6_DRIVERS/LCD_DRIVER/lcd.o
 .group         0x0000000000000000        0xc STM32f103C6_DRIVERS/LCD_DRIVER/lcd.o
 .group         0x0000000000000000        0xc STM32f103C6_DRIVERS/LCD_DRIVER/lcd.o
 .group         0x0000000000000000        0xc STM32f103C6_DRIVERS/LCD_DRIVER/lcd.o
 .group         0x0000000000000000        0xc STM32f103C6_DRIVERS/LCD_DRIVER/lcd.o
 .group         0x0000000000000000        0xc STM32f103C6_DRIVERS/LCD_DRIVER/lcd.o
 .group         0x0000000000000000        0xc STM32f103C6_DRIVERS/LCD_DRIVER/lcd.o
 .group         0x0000000000000000        0xc STM32f103C6_DRIVERS/LCD_DRIVER/lcd.o
 .group         0x0000000000000000        0xc STM32f103C6_DRIVERS/LCD_DRIVER/lcd.o
 .group         0x0000000000000000        0xc STM32f103C6_DRIVERS/LCD_DRIVER/lcd.o
 .group         0x0000000000000000        0xc STM32f103C6_DRIVERS/LCD_DRIVER/lcd.o
 .group         0x0000000000000000        0xc STM32f103C6_DRIVERS/LCD_DRIVER/lcd.o
 .group         0x0000000000000000        0xc STM32f103C6_DRIVERS/LCD_DRIVER/lcd.o
 .group         0x0000000000000000        0xc STM32f103C6_DRIVERS/LCD_DRIVER/lcd.o
 .group         0x0000000000000000        0xc STM32f103C6_DRIVERS/LCD_DRIVER/lcd.o
 .group         0x0000000000000000        0xc STM32f103C6_DRIVERS/LCD_DRIVER/lcd.o
 .group         0x0000000000000000        0xc STM32f103C6_DRIVERS/LCD_DRIVER/lcd.o
 .group         0x0000000000000000        0xc STM32f103C6_DRIVERS/LCD_DRIVER/lcd.o
 .group         0x0000000000000000        0xc STM32f103C6_DRIVERS/LCD_DRIVER/lcd.o
 .group         0x0000000000000000        0xc STM32f103C6_DRIVERS/LCD_DRIVER/lcd.o
 .group         0x0000000000000000        0xc STM32f103C6_DRIVERS/LCD_DRIVER/lcd.o
 .group         0x0000000000000000        0xc STM32f103C6_DRIVERS/LCD_DRIVER/lcd.o
 .text          0x0000000000000000        0x0 STM32f103C6_DRIVERS/LCD_DRIVER/lcd.o
 .data          0x0000000000000000        0x0 STM32f103C6_DRIVERS/LCD_DRIVER/lcd.o
 .bss           0x0000000000000000        0x0 STM32f103C6_DRIVERS/LCD_DRIVER/lcd.o
 .debug_macro   0x0000000000000000      0xa60 STM32f103C6_DRIVERS/LCD_DRIVER/lcd.o
 .debug_macro   0x0000000000000000       0x18 STM32f103C6_DRIVERS/LCD_DRIVER/lcd.o
 .debug_macro   0x0000000000000000       0x22 STM32f103C6_DRIVERS/LCD_DRIVER/lcd.o
 .debug_macro   0x0000000000000000       0x40 STM32f103C6_DRIVERS/LCD_DRIVER/lcd.o
 .debug_macro   0x0000000000000000       0x94 STM32f103C6_DRIVERS/LCD_DRIVER/lcd.o
 .debug_macro   0x0000000000000000       0x3c STM32f103C6_DRIVERS/LCD_DRIVER/lcd.o
 .debug_macro   0x0000000000000000       0x34 STM32f103C6_DRIVERS/LCD_DRIVER/lcd.o
 .debug_macro   0x0000000000000000       0x16 STM32f103C6_DRIVERS/LCD_DRIVER/lcd.o
 .debug_macro   0x0000000000000000      0x10e STM32f103C6_DRIVERS/LCD_DRIVER/lcd.o
 .debug_macro   0x0000000000000000       0x8d STM32f103C6_DRIVERS/LCD_DRIVER/lcd.o
 .debug_macro   0x0000000000000000       0x57 STM32f103C6_DRIVERS/LCD_DRIVER/lcd.o
 .debug_macro   0x0000000000000000       0x52 STM32f103C6_DRIVERS/LCD_DRIVER/lcd.o
 .debug_macro   0x0000000000000000       0x1f STM32f103C6_DRIVERS/LCD_DRIVER/lcd.o
 .debug_macro   0x0000000000000000       0x43 STM32f103C6_DRIVERS/LCD_DRIVER/lcd.o
 .debug_macro   0x0000000000000000       0x20 STM32f103C6_DRIVERS/LCD_DRIVER/lcd.o
 .debug_macro   0x0000000000000000      0x1a3 STM32f103C6_DRIVERS/LCD_DRIVER/lcd.o
 .debug_macro   0x0000000000000000      0x330 STM32f103C6_DRIVERS/LCD_DRIVER/lcd.o
 .debug_macro   0x0000000000000000       0x16 STM32f103C6_DRIVERS/LCD_DRIVER/lcd.o
 .debug_macro   0x0000000000000000       0x29 STM32f103C6_DRIVERS/LCD_DRIVER/lcd.o
 .debug_macro   0x0000000000000000       0xef STM32f103C6_DRIVERS/LCD_DRIVER/lcd.o
 .debug_macro   0x0000000000000000       0x6a STM32f103C6_DRIVERS/LCD_DRIVER/lcd.o
 .debug_macro   0x0000000000000000      0x1df STM32f103C6_DRIVERS/LCD_DRIVER/lcd.o
 .debug_macro   0x0000000000000000       0xca STM32f103C6_DRIVERS/LCD_DRIVER/lcd.o
 .group         0x0000000000000000        0xc STM32f103C6_DRIVERS/STM32f103C6_GPIO_DRIVER.o
 .group         0x0000000000000000        0xc STM32f103C6_DRIVERS/STM32f103C6_GPIO_DRIVER.o
 .group         0x0000000000000000        0xc STM32f103C6_DRIVERS/STM32f103C6_GPIO_DRIVER.o
 .group         0x0000000000000000        0xc STM32f103C6_DRIVERS/STM32f103C6_GPIO_DRIVER.o
 .group         0x0000000000000000        0xc STM32f103C6_DRIVERS/STM32f103C6_GPIO_DRIVER.o
 .group         0x0000000000000000        0xc STM32f103C6_DRIVERS/STM32f103C6_GPIO_DRIVER.o
 .group         0x0000000000000000        0xc STM32f103C6_DRIVERS/STM32f103C6_GPIO_DRIVER.o
 .group         0x0000000000000000        0xc STM32f103C6_DRIVERS/STM32f103C6_GPIO_DRIVER.o
 .group         0x0000000000000000        0xc STM32f103C6_DRIVERS/STM32f103C6_GPIO_DRIVER.o
 .group         0x0000000000000000        0xc STM32f103C6_DRIVERS/STM32f103C6_GPIO_DRIVER.o
 .group         0x0000000000000000        0xc STM32f103C6_DRIVERS/STM32f103C6_GPIO_DRIVER.o
 .group         0x0000000000000000        0xc STM32f103C6_DRIVERS/STM32f103C6_GPIO_DRIVER.o
 .group         0x0000000000000000        0xc STM32f103C6_DRIVERS/STM32f103C6_GPIO_DRIVER.o
 .group         0x0000000000000000        0xc STM32f103C6_DRIVERS/STM32f103C6_GPIO_DRIVER.o
 .group         0x0000000000000000        0xc STM32f103C6_DRIVERS/STM32f103C6_GPIO_DRIVER.o
 .group         0x0000000000000000        0xc STM32f103C6_DRIVERS/STM32f103C6_GPIO_DRIVER.o
 .group         0x0000000000000000        0xc STM32f103C6_DRIVERS/STM32f103C6_GPIO_DRIVER.o
 .group         0x0000000000000000        0xc STM32f103C6_DRIVERS/STM32f103C6_GPIO_DRIVER.o
 .group         0x0000000000000000        0xc STM32f103C6_DRIVERS/STM32f103C6_GPIO_DRIVER.o
 .group         0x0000000000000000        0xc STM32f103C6_DRIVERS/STM32f103C6_GPIO_DRIVER.o
 .group         0x0000000000000000        0xc STM32f103C6_DRIVERS/STM32f103C6_GPIO_DRIVER.o
 .group         0x0000000000000000        0xc STM32f103C6_DRIVERS/STM32f103C6_GPIO_DRIVER.o
 .group         0x0000000000000000        0xc STM32f103C6_DRIVERS/STM32f103C6_GPIO_DRIVER.o
 .group         0x0000000000000000        0xc STM32f103C6_DRIVERS/STM32f103C6_GPIO_DRIVER.o
 .text          0x0000000000000000        0x0 STM32f103C6_DRIVERS/STM32f103C6_GPIO_DRIVER.o
 .data          0x0000000000000000        0x0 STM32f103C6_DRIVERS/STM32f103C6_GPIO_DRIVER.o
 .bss           0x0000000000000000        0x0 STM32f103C6_DRIVERS/STM32f103C6_GPIO_DRIVER.o
 .text.MCAL_GPIO_DeInit
                0x0000000000000000       0x90 STM32f103C6_DRIVERS/STM32f103C6_GPIO_DRIVER.o
 .text.MCAL_GPIO_Read_PORT
                0x0000000000000000       0x18 STM32f103C6_DRIVERS/STM32f103C6_GPIO_DRIVER.o
 .text.MCAL_GPIO_Toggle_PIN
                0x0000000000000000       0x22 STM32f103C6_DRIVERS/STM32f103C6_GPIO_DRIVER.o
 .text.MCAL_GPIO_Lock_PIN
                0x0000000000000000       0x6c STM32f103C6_DRIVERS/STM32f103C6_GPIO_DRIVER.o
 .debug_macro   0x0000000000000000      0xa60 STM32f103C6_DRIVERS/STM32f103C6_GPIO_DRIVER.o
 .debug_macro   0x0000000000000000       0x18 STM32f103C6_DRIVERS/STM32f103C6_GPIO_DRIVER.o
 .debug_macro   0x0000000000000000       0x22 STM32f103C6_DRIVERS/STM32f103C6_GPIO_DRIVER.o
 .debug_macro   0x0000000000000000       0x40 STM32f103C6_DRIVERS/STM32f103C6_GPIO_DRIVER.o
 .debug_macro   0x0000000000000000       0x94 STM32f103C6_DRIVERS/STM32f103C6_GPIO_DRIVER.o
 .debug_macro   0x0000000000000000       0x3c STM32f103C6_DRIVERS/STM32f103C6_GPIO_DRIVER.o
 .debug_macro   0x0000000000000000       0x34 STM32f103C6_DRIVERS/STM32f103C6_GPIO_DRIVER.o
 .debug_macro   0x0000000000000000       0x16 STM32f103C6_DRIVERS/STM32f103C6_GPIO_DRIVER.o
 .debug_macro   0x0000000000000000      0x10e STM32f103C6_DRIVERS/STM32f103C6_GPIO_DRIVER.o
 .debug_macro   0x0000000000000000       0x8d STM32f103C6_DRIVERS/STM32f103C6_GPIO_DRIVER.o
 .debug_macro   0x0000000000000000       0x57 STM32f103C6_DRIVERS/STM32f103C6_GPIO_DRIVER.o
 .debug_macro   0x0000000000000000       0x52 STM32f103C6_DRIVERS/STM32f103C6_GPIO_DRIVER.o
 .debug_macro   0x0000000000000000       0x1f STM32f103C6_DRIVERS/STM32f103C6_GPIO_DRIVER.o
 .debug_macro   0x0000000000000000       0x43 STM32f103C6_DRIVERS/STM32f103C6_GPIO_DRIVER.o
 .debug_macro   0x0000000000000000       0x20 STM32f103C6_DRIVERS/STM32f103C6_GPIO_DRIVER.o
 .debug_macro   0x0000000000000000      0x1a3 STM32f103C6_DRIVERS/STM32f103C6_GPIO_DRIVER.o
 .debug_macro   0x0000000000000000      0x330 STM32f103C6_DRIVERS/STM32f103C6_GPIO_DRIVER.o
 .debug_macro   0x0000000000000000       0x16 STM32f103C6_DRIVERS/STM32f103C6_GPIO_DRIVER.o
 .debug_macro   0x0000000000000000       0x29 STM32f103C6_DRIVERS/STM32f103C6_GPIO_DRIVER.o
 .debug_macro   0x0000000000000000       0xef STM32f103C6_DRIVERS/STM32f103C6_GPIO_DRIVER.o
 .debug_macro   0x0000000000000000       0x6a STM32f103C6_DRIVERS/STM32f103C6_GPIO_DRIVER.o
 .debug_macro   0x0000000000000000      0x1df STM32f103C6_DRIVERS/STM32f103C6_GPIO_DRIVER.o
 .debug_macro   0x0000000000000000       0xa5 STM32f103C6_DRIVERS/STM32f103C6_GPIO_DRIVER.o
 .debug_macro   0x0000000000000000       0xca STM32f103C6_DRIVERS/STM32f103C6_GPIO_DRIVER.o
 .group         0x0000000000000000        0xc Src/main.o
 .group         0x0000000000000000        0xc Src/main.o
 .group         0x0000000000000000        0xc Src/main.o
 .group         0x0000000000000000        0xc Src/main.o
 .group         0x0000000000000000        0xc Src/main.o
 .group         0x0000000000000000        0xc Src/main.o
 .group         0x0000000000000000        0xc Src/main.o
 .group         0x0000000000000000        0xc Src/main.o
 .group         0x0000000000000000        0xc Src/main.o
 .group         0x0000000000000000        0xc Src/main.o
 .group         0x0000000000000000        0xc Src/main.o
 .group         0x0000000000000000        0xc Src/main.o
 .group         0x0000000000000000        0xc Src/main.o
 .group         0x0000000000000000        0xc Src/main.o
 .group         0x0000000000000000        0xc Src/main.o
 .group         0x0000000000000000        0xc Src/main.o
 .group         0x0000000000000000        0xc Src/main.o
 .group         0x0000000000000000        0xc Src/main.o
 .group         0x0000000000000000        0xc Src/main.o
 .group         0x0000000000000000        0xc Src/main.o
 .group         0x0000000000000000        0xc Src/main.o
 .group         0x0000000000000000        0xc Src/main.o
 .group         0x0000000000000000        0xc Src/main.o
 .group         0x0000000000000000        0xc Src/main.o
 .group         0x0000000000000000        0xc Src/main.o
 .group         0x0000000000000000        0xc Src/main.o
 .text          0x0000000000000000        0x0 Src/main.o
 .data          0x0000000000000000        0x0 Src/main.o
 .bss           0x0000000000000000        0x0 Src/main.o
 .debug_macro   0x0000000000000000      0xa60 Src/main.o
 .debug_macro   0x0000000000000000       0x18 Src/main.o
 .debug_macro   0x0000000000000000       0x22 Src/main.o
 .debug_macro   0x0000000000000000       0x40 Src/main.o
 .debug_macro   0x0000000000000000       0x94 Src/main.o
 .debug_macro   0x0000000000000000       0x3c Src/main.o
 .debug_macro   0x0000000000000000       0x34 Src/main.o
 .debug_macro   0x0000000000000000       0x16 Src/main.o
 .debug_macro   0x0000000000000000      0x10e Src/main.o
 .debug_macro   0x0000000000000000       0x8d Src/main.o
 .debug_macro   0x0000000000000000       0x57 Src/main.o
 .debug_macro   0x0000000000000000       0x52 Src/main.o
 .debug_macro   0x0000000000000000       0x1f Src/main.o
 .debug_macro   0x0000000000000000       0x43 Src/main.o
 .debug_macro   0x0000000000000000       0x20 Src/main.o
 .debug_macro   0x0000000000000000      0x1a3 Src/main.o
 .debug_macro   0x0000000000000000      0x330 Src/main.o
 .debug_macro   0x0000000000000000       0x16 Src/main.o
 .debug_macro   0x0000000000000000       0x29 Src/main.o
 .debug_macro   0x0000000000000000       0xef Src/main.o
 .debug_macro   0x0000000000000000       0x6a Src/main.o
 .debug_macro   0x0000000000000000      0x1df Src/main.o
 .debug_macro   0x0000000000000000       0xa5 Src/main.o
 .debug_macro   0x0000000000000000       0xca Src/main.o
 .group         0x0000000000000000        0xc Src/syscalls.o
 .group         0x0000000000000000        0xc Src/syscalls.o
 .group         0x0000000000000000        0xc Src/syscalls.o
 .group         0x0000000000000000        0xc Src/syscalls.o
 .group         0x0000000000000000        0xc Src/syscalls.o
 .group         0x0000000000000000        0xc Src/syscalls.o
 .group         0x0000000000000000        0xc Src/syscalls.o
 .group         0x0000000000000000        0xc Src/syscalls.o
 .group         0x0000000000000000        0xc Src/syscalls.o
 .group         0x0000000000000000        0xc Src/syscalls.o
 .group         0x0000000000000000        0xc Src/syscalls.o
 .group         0x0000000000000000        0xc Src/syscalls.o
 .group         0x0000000000000000        0xc Src/syscalls.o
 .group         0x0000000000000000        0xc Src/syscalls.o
 .group         0x0000000000000000        0xc Src/syscalls.o
 .group         0x0000000000000000        0xc Src/syscalls.o
 .group         0x0000000000000000        0xc Src/syscalls.o
 .group         0x0000000000000000        0xc Src/syscalls.o
 .group         0x0000000000000000        0xc Src/syscalls.o
 .group         0x0000000000000000        0xc Src/syscalls.o
 .group         0x0000000000000000        0xc Src/syscalls.o
 .group         0x0000000000000000        0xc Src/syscalls.o
 .group         0x0000000000000000        0xc Src/syscalls.o
 .group         0x0000000000000000        0xc Src/syscalls.o
 .group         0x0000000000000000        0xc Src/syscalls.o
 .group         0x0000000000000000        0xc Src/syscalls.o
 .group         0x0000000000000000        0xc Src/syscalls.o
 .group         0x0000000000000000        0xc Src/syscalls.o
 .group         0x0000000000000000        0xc Src/syscalls.o
 .group         0x0000000000000000        0xc Src/syscalls.o
 .group         0x0000000000000000        0xc Src/syscalls.o
 .group         0x0000000000000000        0xc Src/syscalls.o
 .group         0x0000000000000000        0xc Src/syscalls.o
 .group         0x0000000000000000        0xc Src/syscalls.o
 .group         0x0000000000000000        0xc Src/syscalls.o
 .group         0x0000000000000000        0xc Src/syscalls.o
 .group         0x0000000000000000        0xc Src/syscalls.o
 .group         0x0000000000000000        0xc Src/syscalls.o
 .group         0x0000000000000000        0xc Src/syscalls.o
 .group         0x0000000000000000        0xc Src/syscalls.o
 .group         0x0000000000000000        0xc Src/syscalls.o
 .group         0x0000000000000000        0xc Src/syscalls.o
 .group         0x0000000000000000        0xc Src/syscalls.o
 .group         0x0000000000000000        0xc Src/syscalls.o
 .text          0x0000000000000000        0x0 Src/syscalls.o
 .data          0x0000000000000000        0x0 Src/syscalls.o
 .bss           0x0000000000000000        0x0 Src/syscalls.o
 .bss.__env     0x0000000000000000        0x4 Src/syscalls.o
 .data.environ  0x0000000000000000        0x4 Src/syscalls.o
 .text.initialise_monitor_handles
                0x0000000000000000        0xc Src/syscalls.o
 .text._getpid  0x0000000000000000        0xe Src/syscalls.o
 .text._kill    0x0000000000000000       0x20 Src/syscalls.o
 .text._exit    0x0000000000000000       0x14 Src/syscalls.o
 .text._read    0x0000000000000000       0x3a Src/syscalls.o
 .text._write   0x0000000000000000       0x38 Src/syscalls.o
 .text._close   0x0000000000000000       0x16 Src/syscalls.o
 .text._fstat   0x0000000000000000       0x1e Src/syscalls.o
 .text._isatty  0x0000000000000000       0x14 Src/syscalls.o
 .text._lseek   0x0000000000000000       0x18 Src/syscalls.o
 .text._open    0x0000000000000000       0x1a Src/syscalls.o
 .text._wait    0x0000000000000000       0x1e Src/syscalls.o
 .text._unlink  0x0000000000000000       0x1e Src/syscalls.o
 .text._times   0x0000000000000000       0x16 Src/syscalls.o
 .text._stat    0x0000000000000000       0x1e Src/syscalls.o
 .text._link    0x0000000000000000       0x20 Src/syscalls.o
 .text._fork    0x0000000000000000       0x16 Src/syscalls.o
 .text._execve  0x0000000000000000       0x22 Src/syscalls.o
 .debug_info    0x0000000000000000     0x1038 Src/syscalls.o
 .debug_abbrev  0x0000000000000000      0x254 Src/syscalls.o
 .debug_loc     0x0000000000000000      0x5b8 Src/syscalls.o
 .debug_aranges
                0x0000000000000000       0xa8 Src/syscalls.o
 .debug_ranges  0x0000000000000000       0x98 Src/syscalls.o
 .debug_macro   0x0000000000000000      0x243 Src/syscalls.o
 .debug_macro   0x0000000000000000      0xa60 Src/syscalls.o
 .debug_macro   0x0000000000000000       0x22 Src/syscalls.o
 .debug_macro   0x0000000000000000       0x40 Src/syscalls.o
 .debug_macro   0x0000000000000000       0x18 Src/syscalls.o
 .debug_macro   0x0000000000000000       0x94 Src/syscalls.o
 .debug_macro   0x0000000000000000       0x3c Src/syscalls.o
 .debug_macro   0x0000000000000000       0x34 Src/syscalls.o
 .debug_macro   0x0000000000000000       0x57 Src/syscalls.o
 .debug_macro   0x0000000000000000      0x174 Src/syscalls.o
 .debug_macro   0x0000000000000000      0x330 Src/syscalls.o
 .debug_macro   0x0000000000000000       0x52 Src/syscalls.o
 .debug_macro   0x0000000000000000       0x1f Src/syscalls.o
 .debug_macro   0x0000000000000000       0x43 Src/syscalls.o
 .debug_macro   0x0000000000000000       0x20 Src/syscalls.o
 .debug_macro   0x0000000000000000      0x1a3 Src/syscalls.o
 .debug_macro   0x0000000000000000       0x10 Src/syscalls.o
 .debug_macro   0x0000000000000000       0x35 Src/syscalls.o
 .debug_macro   0x0000000000000000       0x10 Src/syscalls.o
 .debug_macro   0x0000000000000000       0x10 Src/syscalls.o
 .debug_macro   0x0000000000000000       0x10 Src/syscalls.o
 .debug_macro   0x0000000000000000       0x6a Src/syscalls.o
 .debug_macro   0x0000000000000000       0x1c Src/syscalls.o
 .debug_macro   0x0000000000000000       0x52 Src/syscalls.o
 .debug_macro   0x0000000000000000       0x40 Src/syscalls.o
 .debug_macro   0x0000000000000000       0x10 Src/syscalls.o
 .debug_macro   0x0000000000000000       0x40 Src/syscalls.o
 .debug_macro   0x0000000000000000       0xd7 Src/syscalls.o
 .debug_macro   0x0000000000000000       0x1c Src/syscalls.o
 .debug_macro   0x0000000000000000       0x3d Src/syscalls.o
 .debug_macro   0x0000000000000000       0x35 Src/syscalls.o
 .debug_macro   0x0000000000000000      0x122 Src/syscalls.o
 .debug_macro   0x0000000000000000       0x16 Src/syscalls.o
 .debug_macro   0x0000000000000000       0x16 Src/syscalls.o
 .debug_macro   0x0000000000000000       0x29 Src/syscalls.o
 .debug_macro   0x0000000000000000       0x10 Src/syscalls.o
 .debug_macro   0x0000000000000000      0x241 Src/syscalls.o
 .debug_macro   0x0000000000000000       0x1c Src/syscalls.o
 .debug_macro   0x0000000000000000       0x10 Src/syscalls.o
 .debug_macro   0x0000000000000000       0x10 Src/syscalls.o
 .debug_macro   0x0000000000000000       0x16 Src/syscalls.o
 .debug_macro   0x0000000000000000      0x145 Src/syscalls.o
 .debug_macro   0x0000000000000000      0x189 Src/syscalls.o
 .debug_macro   0x0000000000000000       0x16 Src/syscalls.o
 .debug_macro   0x0000000000000000       0x88 Src/syscalls.o
 .debug_line    0x0000000000000000      0x739 Src/syscalls.o
 .debug_str     0x0000000000000000     0x8869 Src/syscalls.o
 .comment       0x0000000000000000       0x7c Src/syscalls.o
 .debug_frame   0x0000000000000000      0x2ac Src/syscalls.o
 .ARM.attributes
                0x0000000000000000       0x33 Src/syscalls.o
 .group         0x0000000000000000        0xc Src/sysmem.o
 .group         0x0000000000000000        0xc Src/sysmem.o
 .group         0x0000000000000000        0xc Src/sysmem.o
 .group         0x0000000000000000        0xc Src/sysmem.o
 .group         0x0000000000000000        0xc Src/sysmem.o
 .group         0x0000000000000000        0xc Src/sysmem.o
 .group         0x0000000000000000        0xc Src/sysmem.o
 .group         0x0000000000000000        0xc Src/sysmem.o
 .group         0x0000000000000000        0xc Src/sysmem.o
 .group         0x0000000000000000        0xc Src/sysmem.o
 .group         0x0000000000000000        0xc Src/sysmem.o
 .group         0x0000000000000000        0xc Src/sysmem.o
 .group         0x0000000000000000        0xc Src/sysmem.o
 .group         0x0000000000000000        0xc Src/sysmem.o
 .group         0x0000000000000000        0xc Src/sysmem.o
 .group         0x0000000000000000        0xc Src/sysmem.o
 .group         0x0000000000000000        0xc Src/sysmem.o
 .group         0x0000000000000000        0xc Src/sysmem.o
 .group         0x0000000000000000        0xc Src/sysmem.o
 .text          0x0000000000000000        0x0 Src/sysmem.o
 .data          0x0000000000000000        0x0 Src/sysmem.o
 .bss           0x0000000000000000        0x0 Src/sysmem.o
 .bss.__sbrk_heap_end
                0x0000000000000000        0x4 Src/sysmem.o
 .text._sbrk    0x0000000000000000       0x6c Src/sysmem.o
 .debug_info    0x0000000000000000      0xa7c Src/sysmem.o
 .debug_abbrev  0x0000000000000000      0x18e Src/sysmem.o
 .debug_loc     0x0000000000000000       0x50 Src/sysmem.o
 .debug_aranges
                0x0000000000000000       0x20 Src/sysmem.o
 .debug_ranges  0x0000000000000000       0x10 Src/sysmem.o
 .debug_macro   0x0000000000000000       0xee Src/sysmem.o
 .debug_macro   0x0000000000000000      0xa60 Src/sysmem.o
 .debug_macro   0x0000000000000000       0x10 Src/sysmem.o
 .debug_macro   0x0000000000000000       0x22 Src/sysmem.o
 .debug_macro   0x0000000000000000       0x40 Src/sysmem.o
 .debug_macro   0x0000000000000000       0x18 Src/sysmem.o
 .debug_macro   0x0000000000000000       0x94 Src/sysmem.o
 .debug_macro   0x0000000000000000       0x3c Src/sysmem.o
 .debug_macro   0x0000000000000000       0x34 Src/sysmem.o
 .debug_macro   0x0000000000000000      0x174 Src/sysmem.o
 .debug_macro   0x0000000000000000       0x57 Src/sysmem.o
 .debug_macro   0x0000000000000000       0x52 Src/sysmem.o
 .debug_macro   0x0000000000000000       0x1f Src/sysmem.o
 .debug_macro   0x0000000000000000       0x43 Src/sysmem.o
 .debug_macro   0x0000000000000000       0x20 Src/sysmem.o
 .debug_macro   0x0000000000000000      0x1a3 Src/sysmem.o
 .debug_macro   0x0000000000000000      0x23b Src/sysmem.o
 .debug_macro   0x0000000000000000       0xef Src/sysmem.o
 .debug_macro   0x0000000000000000       0x6a Src/sysmem.o
 .debug_macro   0x0000000000000000      0x1df Src/sysmem.o
 .debug_line    0x0000000000000000      0x4c2 Src/sysmem.o
 .debug_str     0x0000000000000000     0x5f37 Src/sysmem.o
 .comment       0x0000000000000000       0x7c Src/sysmem.o
 .debug_frame   0x0000000000000000       0x34 Src/sysmem.o
 .ARM.attributes
                0x0000000000000000       0x33 Src/sysmem.o
 .text          0x0000000000000000       0x14 Startup/startup_stm32f103c6tx.o
 .data          0x0000000000000000        0x0 Startup/startup_stm32f103c6tx.o
 .bss           0x0000000000000000        0x0 Startup/startup_stm32f103c6tx.o
 .text          0x0000000000000000        0x0 c:/st/stm32cubeide_1.4.0/stm32cubeide/plugins/com.st.stm32cube.ide.mcu.externaltools.gnu-tools-for-stm32.7-2018-q2-update.win32_1.4.0.202007081208/tools/bin/../lib/gcc/arm-none-eabi/7.3.1/../../../../arm-none-eabi/lib/thumb/v7-m\libc_nano.a(lib_a-errno.o)
 .data          0x0000000000000000        0x0 c:/st/stm32cubeide_1.4.0/stm32cubeide/plugins/com.st.stm32cube.ide.mcu.externaltools.gnu-tools-for-stm32.7-2018-q2-update.win32_1.4.0.202007081208/tools/bin/../lib/gcc/arm-none-eabi/7.3.1/../../../../arm-none-eabi/lib/thumb/v7-m\libc_nano.a(lib_a-errno.o)
 .bss           0x0000000000000000        0x0 c:/st/stm32cubeide_1.4.0/stm32cubeide/plugins/com.st.stm32cube.ide.mcu.externaltools.gnu-tools-for-stm32.7-2018-q2-update.win32_1.4.0.202007081208/tools/bin/../lib/gcc/arm-none-eabi/7.3.1/../../../../arm-none-eabi/lib/thumb/v7-m\libc_nano.a(lib_a-errno.o)
 .text.__errno  0x0000000000000000        0xc c:/st/stm32cubeide_1.4.0/stm32cubeide/plugins/com.st.stm32cube.ide.mcu.externaltools.gnu-tools-for-stm32.7-2018-q2-update.win32_1.4.0.202007081208/tools/bin/../lib/gcc/arm-none-eabi/7.3.1/../../../../arm-none-eabi/lib/thumb/v7-m\libc_nano.a(lib_a-errno.o)
 .debug_frame   0x0000000000000000       0x20 c:/st/stm32cubeide_1.4.0/stm32cubeide/plugins/com.st.stm32cube.ide.mcu.externaltools.gnu-tools-for-stm32.7-2018-q2-update.win32_1.4.0.202007081208/tools/bin/../lib/gcc/arm-none-eabi/7.3.1/../../../../arm-none-eabi/lib/thumb/v7-m\libc_nano.a(lib_a-errno.o)
 .ARM.attributes
                0x0000000000000000       0x2d c:/st/stm32cubeide_1.4.0/stm32cubeide/plugins/com.st.stm32cube.ide.mcu.externaltools.gnu-tools-for-stm32.7-2018-q2-update.win32_1.4.0.202007081208/tools/bin/../lib/gcc/arm-none-eabi/7.3.1/../../../../arm-none-eabi/lib/thumb/v7-m\libc_nano.a(lib_a-errno.o)
 .text          0x0000000000000000        0x0 c:/st/stm32cubeide_1.4.0/stm32cubeide/plugins/com.st.stm32cube.ide.mcu.externaltools.gnu-tools-for-stm32.7-2018-q2-update.win32_1.4.0.202007081208/tools/bin/../lib/gcc/arm-none-eabi/7.3.1/../../../../arm-none-eabi/lib/thumb/v7-m\libc_nano.a(lib_a-exit.o)
 .data          0x0000000000000000        0x0 c:/st/stm32cubeide_1.4.0/stm32cubeide/plugins/com.st.stm32cube.ide.mcu.externaltools.gnu-tools-for-stm32.7-2018-q2-update.win32_1.4.0.202007081208/tools/bin/../lib/gcc/arm-none-eabi/7.3.1/../../../../arm-none-eabi/lib/thumb/v7-m\libc_nano.a(lib_a-exit.o)
 .bss           0x0000000000000000        0x0 c:/st/stm32cubeide_1.4.0/stm32cubeide/plugins/com.st.stm32cube.ide.mcu.externaltools.gnu-tools-for-stm32.7-2018-q2-update.win32_1.4.0.202007081208/tools/bin/../lib/gcc/arm-none-eabi/7.3.1/../../../../arm-none-eabi/lib/thumb/v7-m\libc_nano.a(lib_a-exit.o)
 .text.exit     0x0000000000000000       0x28 c:/st/stm32cubeide_1.4.0/stm32cubeide/plugins/com.st.stm32cube.ide.mcu.externaltools.gnu-tools-for-stm32.7-2018-q2-update.win32_1.4.0.202007081208/tools/bin/../lib/gcc/arm-none-eabi/7.3.1/../../../../arm-none-eabi/lib/thumb/v7-m\libc_nano.a(lib_a-exit.o)
 .debug_frame   0x0000000000000000       0x28 c:/st/stm32cubeide_1.4.0/stm32cubeide/plugins/com.st.stm32cube.ide.mcu.externaltools.gnu-tools-for-stm32.7-2018-q2-update.win32_1.4.0.202007081208/tools/bin/../lib/gcc/arm-none-eabi/7.3.1/../../../../arm-none-eabi/lib/thumb/v7-m\libc_nano.a(lib_a-exit.o)
 .ARM.attributes
                0x0000000000000000       0x2d c:/st/stm32cubeide_1.4.0/stm32cubeide/plugins/com.st.stm32cube.ide.mcu.externaltools.gnu-tools-for-stm32.7-2018-q2-update.win32_1.4.0.202007081208/tools/bin/../lib/gcc/arm-none-eabi/7.3.1/../../../../arm-none-eabi/lib/thumb/v7-m\libc_nano.a(lib_a-exit.o)
 .text          0x0000000000000000        0x0 c:/st/stm32cubeide_1.4.0/stm32cubeide/plugins/com.st.stm32cube.ide.mcu.externaltools.gnu-tools-for-stm32.7-2018-q2-update.win32_1.4.0.202007081208/tools/bin/../lib/gcc/arm-none-eabi/7.3.1/../../../../arm-none-eabi/lib/thumb/v7-m\libc_nano.a(lib_a-impure.o)
 .data          0x0000000000000000        0x0 c:/st/stm32cubeide_1.4.0/stm32cubeide/plugins/com.st.stm32cube.ide.mcu.externaltools.gnu-tools-for-stm32.7-2018-q2-update.win32_1.4.0.202007081208/tools/bin/../lib/gcc/arm-none-eabi/7.3.1/../../../../arm-none-eabi/lib/thumb/v7-m\libc_nano.a(lib_a-impure.o)
 .bss           0x0000000000000000        0x0 c:/st/stm32cubeide_1.4.0/stm32cubeide/plugins/com.st.stm32cube.ide.mcu.externaltools.gnu-tools-for-stm32.7-2018-q2-update.win32_1.4.0.202007081208/tools/bin/../lib/gcc/arm-none-eabi/7.3.1/../../../../arm-none-eabi/lib/thumb/v7-m\libc_nano.a(lib_a-impure.o)
 .data._impure_ptr
                0x0000000000000000        0x4 c:/st/stm32cubeide_1.4.0/stm32cubeide/plugins/com.st.stm32cube.ide.mcu.externaltools.gnu-tools-for-stm32.7-2018-q2-update.win32_1.4.0.202007081208/tools/bin/../lib/gcc/arm-none-eabi/7.3.1/../../../../arm-none-eabi/lib/thumb/v7-m\libc_nano.a(lib_a-impure.o)
 .data.impure_data
                0x0000000000000000       0x60 c:/st/stm32cubeide_1.4.0/stm32cubeide/plugins/com.st.stm32cube.ide.mcu.externaltools.gnu-tools-for-stm32.7-2018-q2-update.win32_1.4.0.202007081208/tools/bin/../lib/gcc/arm-none-eabi/7.3.1/../../../../arm-none-eabi/lib/thumb/v7-m\libc_nano.a(lib_a-impure.o)
 .rodata._global_impure_ptr
                0x0000000000000000        0x4 c:/st/stm32cubeide_1.4.0/stm32cubeide/plugins/com.st.stm32cube.ide.mcu.externaltools.gnu-tools-for-stm32.7-2018-q2-update.win32_1.4.0.202007081208/tools/bin/../lib/gcc/arm-none-eabi/7.3.1/../../../../arm-none-eabi/lib/thumb/v7-m\libc_nano.a(lib_a-impure.o)
 .ARM.attributes
                0x0000000000000000       0x2d c:/st/stm32cubeide_1.4.0/stm32cubeide/plugins/com.st.stm32cube.ide.mcu.externaltools.gnu-tools-for-stm32.7-2018-q2-update.win32_1.4.0.202007081208/tools/bin/../lib/gcc/arm-none-eabi/7.3.1/../../../../arm-none-eabi/lib/thumb/v7-m\libc_nano.a(lib_a-impure.o)
 .text          0x0000000000000000        0x0 c:/st/stm32cubeide_1.4.0/stm32cubeide/plugins/com.st.stm32cube.ide.mcu.externaltools.gnu-tools-for-stm32.7-2018-q2-update.win32_1.4.0.202007081208/tools/bin/../lib/gcc/arm-none-eabi/7.3.1/../../../../arm-none-eabi/lib/thumb/v7-m\libc_nano.a(lib_a-init.o)
 .data          0x0000000000000000        0x0 c:/st/stm32cubeide_1.4.0/stm32cubeide/plugins/com.st.stm32cube.ide.mcu.externaltools.gnu-tools-for-stm32.7-2018-q2-update.win32_1.4.0.202007081208/tools/bin/../lib/gcc/arm-none-eabi/7.3.1/../../../../arm-none-eabi/lib/thumb/v7-m\libc_nano.a(lib_a-init.o)
 .bss           0x0000000000000000        0x0 c:/st/stm32cubeide_1.4.0/stm32cubeide/plugins/com.st.stm32cube.ide.mcu.externaltools.gnu-tools-for-stm32.7-2018-q2-update.win32_1.4.0.202007081208/tools/bin/../lib/gcc/arm-none-eabi/7.3.1/../../../../arm-none-eabi/lib/thumb/v7-m\libc_nano.a(lib_a-init.o)
 .text          0x0000000000000000        0x0 c:/st/stm32cubeide_1.4.0/stm32cubeide/plugins/com.st.stm32cube.ide.mcu.externaltools.gnu-tools-for-stm32.7-2018-q2-update.win32_1.4.0.202007081208/tools/bin/../lib/gcc/arm-none-eabi/7.3.1/../../../../arm-none-eabi/lib/thumb/v7-m\libc_nano.a(lib_a-memset.o)
 .data          0x0000000000000000        0x0 c:/st/stm32cubeide_1.4.0/stm32cubeide/plugins/com.st.stm32cube.ide.mcu.externaltools.gnu-tools-for-stm32.7-2018-q2-update.win32_1.4.0.202007081208/tools/bin/../lib/gcc/arm-none-eabi/7.3.1/../../../../arm-none-eabi/lib/thumb/v7-m\libc_nano.a(lib_a-memset.o)
 .bss           0x0000000000000000        0x0 c:/st/stm32cubeide_1.4.0/stm32cubeide/plugins/com.st.stm32cube.ide.mcu.externaltools.gnu-tools-for-stm32.7-2018-q2-update.win32_1.4.0.202007081208/tools/bin/../lib/gcc/arm-none-eabi/7.3.1/../../../../arm-none-eabi/lib/thumb/v7-m\libc_nano.a(lib_a-memset.o)
 .text.memset   0x0000000000000000       0x10 c:/st/stm32cubeide_1.4.0/stm32cubeide/plugins/com.st.stm32cube.ide.mcu.externaltools.gnu-tools-for-stm32.7-2018-q2-update.win32_1.4.0.202007081208/tools/bin/../lib/gcc/arm-none-eabi/7.3.1/../../../../arm-none-eabi/lib/thumb/v7-m\libc_nano.a(lib_a-memset.o)
 .debug_frame   0x0000000000000000       0x20 c:/st/stm32cubeide_1.4.0/stm32cubeide/plugins/com.st.stm32cube.ide.mcu.externaltools.gnu-tools-for-stm32.7-2018-q2-update.win32_1.4.0.202007081208/tools/bin/../lib/gcc/arm-none-eabi/7.3.1/../../../../arm-none-eabi/lib/thumb/v7-m\libc_nano.a(lib_a-memset.o)
 .ARM.attributes
                0x0000000000000000       0x2d c:/st/stm32cubeide_1.4.0/stm32cubeide/plugins/com.st.stm32cube.ide.mcu.externaltools.gnu-tools-for-stm32.7-2018-q2-update.win32_1.4.0.202007081208/tools/bin/../lib/gcc/arm-none-eabi/7.3.1/../../../../arm-none-eabi/lib/thumb/v7-m\libc_nano.a(lib_a-memset.o)
 .text          0x0000000000000000        0x0 c:/st/stm32cubeide_1.4.0/stm32cubeide/plugins/com.st.stm32cube.ide.mcu.externaltools.gnu-tools-for-stm32.7-2018-q2-update.win32_1.4.0.202007081208/tools/bin/../lib/gcc/arm-none-eabi/7.3.1/thumb/v7-m/crtend.o
 .data          0x0000000000000000        0x0 c:/st/stm32cubeide_1.4.0/stm32cubeide/plugins/com.st.stm32cube.ide.mcu.externaltools.gnu-tools-for-stm32.7-2018-q2-update.win32_1.4.0.202007081208/tools/bin/../lib/gcc/arm-none-eabi/7.3.1/thumb/v7-m/crtend.o
 .bss           0x0000000000000000        0x0 c:/st/stm32cubeide_1.4.0/stm32cubeide/plugins/com.st.stm32cube.ide.mcu.externaltools.gnu-tools-for-stm32.7-2018-q2-update.win32_1.4.0.202007081208/tools/bin/../lib/gcc/arm-none-eabi/7.3.1/thumb/v7-m/crtend.o
 .eh_frame      0x0000000000000000        0x4 c:/st/stm32cubeide_1.4.0/stm32cubeide/plugins/com.st.stm32cube.ide.mcu.externaltools.gnu-tools-for-stm32.7-2018-q2-update.win32_1.4.0.202007081208/tools/bin/../lib/gcc/arm-none-eabi/7.3.1/thumb/v7-m/crtend.o
 .ARM.attributes
                0x0000000000000000       0x2d c:/st/stm32cubeide_1.4.0/stm32cubeide/plugins/com.st.stm32cube.ide.mcu.externaltools.gnu-tools-for-stm32.7-2018-q2-update.win32_1.4.0.202007081208/tools/bin/../lib/gcc/arm-none-eabi/7.3.1/thumb/v7-m/crtend.o
 .text          0x0000000000000000        0x0 c:/st/stm32cubeide_1.4.0/stm32cubeide/plugins/com.st.stm32cube.ide.mcu.externaltools.gnu-tools-for-stm32.7-2018-q2-update.win32_1.4.0.202007081208/tools/bin/../lib/gcc/arm-none-eabi/7.3.1/thumb/v7-m/crtn.o
 .data          0x0000000000000000        0x0 c:/st/stm32cubeide_1.4.0/stm32cubeide/plugins/com.st.stm32cube.ide.mcu.externaltools.gnu-tools-for-stm32.7-2018-q2-update.win32_1.4.0.202007081208/tools/bin/../lib/gcc/arm-none-eabi/7.3.1/thumb/v7-m/crtn.o
 .bss           0x0000000000000000        0x0 c:/st/stm32cubeide_1.4.0/stm32cubeide/plugins/com.st.stm32cube.ide.mcu.externaltools.gnu-tools-for-stm32.7-2018-q2-update.win32_1.4.0.202007081208/tools/bin/../lib/gcc/arm-none-eabi/7.3.1/thumb/v7-m/crtn.o

Memory Configuration

Name             Origin             Length             Attributes
RAM              0x0000000020000000 0x0000000000002800 xrw
ROM              0x0000000008000000 0x0000000000008000 xr
*default*        0x0000000000000000 0xffffffffffffffff

Linker script and memory map

LOAD c:/st/stm32cubeide_1.4.0/stm32cubeide/plugins/com.st.stm32cube.ide.mcu.externaltools.gnu-tools-for-stm32.7-2018-q2-update.win32_1.4.0.202007081208/tools/bin/../lib/gcc/arm-none-eabi/7.3.1/thumb/v7-m/crti.o
LOAD c:/st/stm32cubeide_1.4.0/stm32cubeide/plugins/com.st.stm32cube.ide.mcu.externaltools.gnu-tools-for-stm32.7-2018-q2-update.win32_1.4.0.202007081208/tools/bin/../lib/gcc/arm-none-eabi/7.3.1/thumb/v7-m/crtbegin.o
LOAD c:/st/stm32cubeide_1.4.0/stm32cubeide/plugins/com.st.stm32cube.ide.mcu.externaltools.gnu-tools-for-stm32.7-2018-q2-update.win32_1.4.0.202007081208/tools/bin/../lib/gcc/arm-none-eabi/7.3.1/../../../../arm-none-eabi/lib/thumb/v7-m/crt0.o
LOAD STM32f103C6_DRIVERS/KEYPAD_DRIVER/keypad.o
LOAD STM32f103C6_DRIVERS/LCD_DRIVER/lcd.o
LOAD STM32f103C6_DRIVERS/STM32f103C6_GPIO_DRIVER.o
LOAD Src/main.o
LOAD Src/syscalls.o
LOAD Src/sysmem.o
LOAD Startup/startup_stm32f103c6tx.o
START GROUP
LOAD c:/st/stm32cubeide_1.4.0/stm32cubeide/plugins/com.st.stm32cube.ide.mcu.externaltools.gnu-tools-for-stm32.7-2018-q2-update.win32_1.4.0.202007081208/tools/bin/../lib/gcc/arm-none-eabi/7.3.1/../../../../arm-none-eabi/lib/thumb/v7-m\libc_nano.a
LOAD c:/st/stm32cubeide_1.4.0/stm32cubeide/plugins/com.st.stm32cube.ide.mcu.externaltools.gnu-tools-for-stm32.7-2018-q2-update.win32_1.4.0.202007081208/tools/bin/../lib/gcc/arm-none-eabi/7.3.1/../../../../arm-none-eabi/lib/thumb/v7-m\libm.a
END GROUP
START GROUP
LOAD c:/st/stm32cubeide_1.4.0/stm32cubeide/plugins/com.st.stm32cube.ide.mcu.externaltools.gnu-tools-for-stm32.7-2018-q2-update.win32_1.4.0.202007081208/tools/bin/../lib/gcc/arm-none-eabi/7.3.1/thumb/v7-m\libgcc.a
LOAD c:/st/stm32cubeide_1.4.0/stm32cubeide/plugins/com.st.stm32cube.ide.mcu.externaltools.gnu-tools-for-stm32.7-2018-q2-update.win32_1.4.0.202007081208/tools/bin/../lib/gcc/arm-none-eabi/7.3.1/../../../../arm-none-eabi/lib/thumb/v7-m\libg_nano.a
LOAD c:/st/stm32cubeide_1.4.0/stm32cubeide/plugins/com.st.stm32cube.ide.mcu.externaltools.gnu-tools-for-stm32.7-2018-q2-update.win32_1.4.0.202007081208/tools/bin/../lib/gcc/arm-none-eabi/7.3.1/../../../../arm-none-eabi/lib/thumb/v7-m\libc_nano.a
END GROUP
START GROUP
LOAD c:/st/stm32cubeide_1.4.0/stm32cubeide/plugins/com.st.stm32cube.ide.mcu.externaltools.gnu-tools-for-stm32.7-2018-q2-update.win32_1.4.0.202007081208/tools/bin/../lib/gcc/arm-none-eabi/7.3.1/thumb/v7-m\libgcc.a
LOAD c:/st/stm32cubeide_1.4.0/stm32cubeide/plugins/com.st.stm32cube.ide.mcu.externaltools.gnu-tools-for-stm32.7-2018-q2-update.win32_1.4.0.202007081208/tools/bin/../lib/gcc/arm-none-eabi/7.3.1/../../../../arm-none-eabi/lib/thumb/v7-m\libc_nano.a
LOAD c:/st/stm32cubeide_1.4.0/stm32cubeide/plugins/com.st.stm32cube.ide.mcu.externaltools.gnu-tools-for-stm32.7-2018-q2-update.win32_1.4.0.202007081208/tools/bin/../lib/gcc/arm-none-eabi/7.3.1/../../../../arm-none-eabi/lib/thumb/v7-m\libnosys.a
END GROUP
START GROUP
LOAD c:/st/stm32cubeide_1.4.0/stm32cubeide/plugins/com.st.stm32cube.ide.mcu.externaltools.gnu-tools-for-stm32.7-2018-q2-update.win32_1.4.0.202007081208/tools/bin/../lib/gcc/arm-none-eabi/7.3.1/thumb/v7-m\libgcc.a
LOAD c:/st/stm32cubeide_1.4.0/stm32cubeide/plugins/com.st.stm32cube.ide.mcu.externaltools.gnu-tools-for-stm32.7-2018-q2-update.win32_1.4.0.202007081208/tools/bin/../lib/gcc/arm-none-eabi/7.3.1/../../../../arm-none-eabi/lib/thumb/v7-m\libc_nano.a
LOAD c:/st/stm32cubeide_1.4.0/stm32cubeide/plugins/com.st.stm32cube.ide.mcu.externaltools.gnu-tools-for-stm32.7-2018-q2-update.win32_1.4.0.202007081208/tools/bin/../lib/gcc/arm-none-eabi/7.3.1/../../../../arm-none-eabi/lib/thumb/v7-m\libnosys.a
END GROUP
LOAD c:/st/stm32cubeide_1.4.0/stm32cubeide/plugins/com.st.stm32cube.ide.mcu.externaltools.gnu-tools-for-stm32.7-2018-q2-update.win32_1.4.0.202007081208/tools/bin/../lib/gcc/arm-none-eabi/7.3.1/thumb/v7-m/crtend.o
LOAD c:/st/stm32cubeide_1.4.0/stm32cubeide/plugins/com.st.stm32cube.ide.mcu.externaltools.gnu-tools-for-stm32.7-2018-q2-update.win32_1.4.0.202007081208/tools/bin/../lib/gcc/arm-none-eabi/7.3.1/thumb/v7-m/crtn.o
                0x0000000020002800                _estack = (ORIGIN (RAM) + LENGTH (RAM))
                0x0000000000000200                _Min_Heap_Size = 0x200
                0x0000000000000400                _Min_Stack_Size = 0x400

.isr_vector     0x0000000008000000      0x130
                0x0000000008000000                . = ALIGN (0x4)
 *(.isr_vector)
 .isr_vector    0x0000000008000000      0x130 Startup/startup_stm32f103c6tx.o
                0x0000000008000000                g_pfnVectors
                0x0000000008000130                . = ALIGN (0x4)

.text           0x0000000008000130      0xc1c
                0x0000000008000130                . = ALIGN (0x4)
 *(.text)
 .text          0x0000000008000130       0x40 c:/st/stm32cubeide_1.4.0/stm32cubeide/plugins/com.st.stm32cube.ide.mcu.externaltools.gnu-tools-for-stm32.7-2018-q2-update.win32_1.4.0.202007081208/tools/bin/../lib/gcc/arm-none-eabi/7.3.1/thumb/v7-m/crtbegin.o
 *(.text*)
 .text.Keypad_init
                0x0000000008000170       0xec STM32f103C6_DRIVERS/KEYPAD_DRIVER/keypad.o
                0x0000000008000170                Keypad_init
 .text.Keypad_getkey
                0x000000000800025c      0x194 STM32f103C6_DRIVERS/KEYPAD_DRIVER/keypad.o
                0x000000000800025c                Keypad_getkey
 .text.delay    0x00000000080003f0       0x38 STM32f103C6_DRIVERS/LCD_DRIVER/lcd.o
                0x00000000080003f0                delay
 .text.LCD_clear_screen
                0x0000000008000428        0xe STM32f103C6_DRIVERS/LCD_DRIVER/lcd.o
                0x0000000008000428                LCD_clear_screen
 *fill*         0x0000000008000436        0x2 
 .text.LCD_lcd_kick
                0x0000000008000438       0x2c STM32f103C6_DRIVERS/LCD_DRIVER/lcd.o
                0x0000000008000438                LCD_lcd_kick
 .text.LCD_GOTO_XY
                0x0000000008000464       0x48 STM32f103C6_DRIVERS/LCD_DRIVER/lcd.o
                0x0000000008000464                LCD_GOTO_XY
 .text.LCD_INIT
                0x00000000080004ac      0x15c STM32f103C6_DRIVERS/LCD_DRIVER/lcd.o
                0x00000000080004ac                LCD_INIT
 .text.LCD_check_lcd_isbusy
                0x0000000008000608      0x1a8 STM32f103C6_DRIVERS/LCD_DRIVER/lcd.o
                0x0000000008000608                LCD_check_lcd_isbusy
 .text.LCD_WRITE_COMMAND
                0x00000000080007b0       0x44 STM32f103C6_DRIVERS/LCD_DRIVER/lcd.o
                0x00000000080007b0                LCD_WRITE_COMMAND
 .text.LCD_WRITE_CHAR
                0x00000000080007f4       0x48 STM32f103C6_DRIVERS/LCD_DRIVER/lcd.o
                0x00000000080007f4                LCD_WRITE_CHAR
 .text.LCD_WRITE_STRING
                0x000000000800083c       0x58 STM32f103C6_DRIVERS/LCD_DRIVER/lcd.o
                0x000000000800083c                LCD_WRITE_STRING
 .text.Get_CRLH_Position
                0x0000000008000894       0xc6 STM32f103C6_DRIVERS/STM32f103C6_GPIO_DRIVER.o
                0x0000000008000894                Get_CRLH_Position
 .text.MCAL_GPIO_Init
                0x000000000800095a       0xfe STM32f103C6_DRIVERS/STM32f103C6_GPIO_DRIVER.o
                0x000000000800095a                MCAL_GPIO_Init
 .text.MCAL_GPIO_Read_PIN
                0x0000000008000a58       0x28 STM32f103C6_DRIVERS/STM32f103C6_GPIO_DRIVER.o
                0x0000000008000a58                MCAL_GPIO_Read_PIN
 .text.MCAL_GPIO_Write_PIN
                0x0000000008000a80       0x3c STM32f103C6_DRIVERS/STM32f103C6_GPIO_DRIVER.o
                0x0000000008000a80                MCAL_GPIO_Write_PIN
 .text.MCAL_GPIO_Write_Port
                0x0000000008000abc       0x1c STM32f103C6_DRIVERS/STM32f103C6_GPIO_DRIVER.o
                0x0000000008000abc                MCAL_GPIO_Write_Port
 .text.init_GPIO
                0x0000000008000ad8       0xd4 Src/main.o
                0x0000000008000ad8                init_GPIO
 .text.init_clock
                0x0000000008000bac       0x28 Src/main.o
                0x0000000008000bac                init_clock
 .text.main     0x0000000008000bd4       0xc4 Src/main.o
                0x0000000008000bd4                main
 .text.Reset_Handler
                0x0000000008000c98       0x50 Startup/startup_stm32f103c6tx.o
                0x0000000008000c98                Reset_Handler
 .text.Default_Handler
                0x0000000008000ce8        0x2 Startup/startup_stm32f103c6tx.o
                0x0000000008000ce8                EXTI2_IRQHandler
                0x0000000008000ce8                TIM8_TRG_COM_IRQHandler
                0x0000000008000ce8                TIM8_CC_IRQHandler
                0x0000000008000ce8                DebugMon_Handler
                0x0000000008000ce8                TIM1_CC_IRQHandler
                0x0000000008000ce8                HardFault_Handler
                0x0000000008000ce8                TIM6_IRQHandler
                0x0000000008000ce8                SysTick_Handler
                0x0000000008000ce8                PVD_IRQHandler
                0x0000000008000ce8                SDIO_IRQHandler
                0x0000000008000ce8                PendSV_Handler
                0x0000000008000ce8                NMI_Handler
                0x0000000008000ce8                EXTI3_IRQHandler
                0x0000000008000ce8                USB_HP_CAN_TX_IRQHandler
                0x0000000008000ce8                EXTI0_IRQHandler
                0x0000000008000ce8                I2C2_EV_IRQHandler
                0x0000000008000ce8                UsageFault_Handler
                0x0000000008000ce8                ADC1_2_IRQHandler
                0x0000000008000ce8                SPI1_IRQHandler
                0x0000000008000ce8                CAN_SCE_IRQHandler
                0x0000000008000ce8                TAMPER_IRQHandler
                0x0000000008000ce8                TIM8_UP_IRQHandler
                0x0000000008000ce8                DMA2_Channel2_IRQHandler
                0x0000000008000ce8                DMA1_Channel4_IRQHandler
                0x0000000008000ce8                USART3_IRQHandler
                0x0000000008000ce8                RTC_IRQHandler
                0x0000000008000ce8                DMA1_Channel7_IRQHandler
                0x0000000008000ce8                UART5_IRQHandler
                0x0000000008000ce8                ADC3_IRQHandler
                0x0000000008000ce8                TIM4_IRQHandler
                0x0000000008000ce8                CAN_RX1_IRQHandler
                0x0000000008000ce8                DMA2_Channel1_IRQHandler
                0x0000000008000ce8                I2C1_EV_IRQHandler
                0x0000000008000ce8                DMA1_Channel6_IRQHandler
                0x0000000008000ce8                UART4_IRQHandler
                0x0000000008000ce8                TIM3_IRQHandler
                0x0000000008000ce8                RCC_IRQHandler
                0x0000000008000ce8                TIM1_TRG_COM_IRQHandler
                0x0000000008000ce8                DMA1_Channel1_IRQHandler
                0x0000000008000ce8                Default_Handler
                0x0000000008000ce8                EXTI15_10_IRQHandler
                0x0000000008000ce8                TIM7_IRQHandler
                0x0000000008000ce8                TIM5_IRQHandler
                0x0000000008000ce8                EXTI9_5_IRQHandler
                0x0000000008000ce8                SPI2_IRQHandler
                0x0000000008000ce8                USB_LP_CAN_RX0_IRQHandler
                0x0000000008000ce8                MemManage_Handler
                0x0000000008000ce8                SVC_Handler
                0x0000000008000ce8                DMA1_Channel5_IRQHandler
                0x0000000008000ce8                EXTI4_IRQHandler
                0x0000000008000ce8                DMA1_Channel3_IRQHandler
                0x0000000008000ce8                FSMC_IRQHandler
                0x0000000008000ce8                TIM1_UP_IRQHandler
                0x0000000008000ce8                WWDG_IRQHandler
                0x0000000008000ce8                TIM2_IRQHandler
                0x0000000008000ce8                TIM1_BRK_IRQHandler
                0x0000000008000ce8                EXTI1_IRQHandler
                0x0000000008000ce8                RTCAlarm_IRQHandler
                0x0000000008000ce8                DMA2_Channel4_5_IRQHandler
                0x0000000008000ce8                USART2_IRQHandler
                0x0000000008000ce8                I2C2_ER_IRQHandler
                0x0000000008000ce8                DMA1_Channel2_IRQHandler
                0x0000000008000ce8                TIM8_BRK_IRQHandler
                0x0000000008000ce8                FLASH_IRQHandler
                0x0000000008000ce8                BusFault_Handler
                0x0000000008000ce8                USART1_IRQHandler
                0x0000000008000ce8                SPI3_IRQHandler
                0x0000000008000ce8                I2C1_ER_IRQHandler
                0x0000000008000ce8                DMA2_Channel3_IRQHandler
 *fill*         0x0000000008000cea        0x2 
 .text.__libc_init_array
                0x0000000008000cec       0x48 c:/st/stm32cubeide_1.4.0/stm32cubeide/plugins/com.st.stm32cube.ide.mcu.externaltools.gnu-tools-for-stm32.7-2018-q2-update.win32_1.4.0.202007081208/tools/bin/../lib/gcc/arm-none-eabi/7.3.1/../../../../arm-none-eabi/lib/thumb/v7-m\libc_nano.a(lib_a-init.o)
                0x0000000008000cec                __libc_init_array
 *(.glue_7)
 .glue_7        0x0000000008000d34        0x0 linker stubs
 *(.glue_7t)
 .glue_7t       0x0000000008000d34        0x0 linker stubs
 *(.eh_frame)
 .eh_frame      0x0000000008000d34        0x0 c:/st/stm32cubeide_1.4.0/stm32cubeide/plugins/com.st.stm32cube.ide.mcu.externaltools.gnu-tools-for-stm32.7-2018-q2-update.win32_1.4.0.202007081208/tools/bin/../lib/gcc/arm-none-eabi/7.3.1/thumb/v7-m/crtbegin.o
 *(.init)
 .init          0x0000000008000d34        0x4 c:/st/stm32cubeide_1.4.0/stm32cubeide/plugins/com.st.stm32cube.ide.mcu.externaltools.gnu-tools-for-stm32.7-2018-q2-update.win32_1.4.0.202007081208/tools/bin/../lib/gcc/arm-none-eabi/7.3.1/thumb/v7-m/crti.o
                0x0000000008000d34                _init
 .init          0x0000000008000d38        0x8 c:/st/stm32cubeide_1.4.0/stm32cubeide/plugins/com.st.stm32cube.ide.mcu.externaltools.gnu-tools-for-stm32.7-2018-q2-update.win32_1.4.0.202007081208/tools/bin/../lib/gcc/arm-none-eabi/7.3.1/thumb/v7-m/crtn.o
 *(.fini)
 .fini          0x0000000008000d40        0x4 c:/st/stm32cubeide_1.4.0/stm32cubeide/plugins/com.st.stm32cube.ide.mcu.externaltools.gnu-tools-for-stm32.7-2018-q2-update.win32_1.4.0.202007081208/tools/bin/../lib/gcc/arm-none-eabi/7.3.1/thumb/v7-m/crti.o
                0x0000000008000d40                _fini
 .fini          0x0000000008000d44        0x8 c:/st/stm32cubeide_1.4.0/stm32cubeide/plugins/com.st.stm32cube.ide.mcu.externaltools.gnu-tools-for-stm32.7-2018-q2-update.win32_1.4.0.202007081208/tools/bin/../lib/gcc/arm-none-eabi/7.3.1/thumb/v7-m/crtn.o
                0x0000000008000d4c                . = ALIGN (0x4)
                0x0000000008000d4c                _etext = .

.vfp11_veneer   0x0000000008000d4c        0x0
 .vfp11_veneer  0x0000000008000d4c        0x0 linker stubs

.v4_bx          0x0000000008000d4c        0x0
 .v4_bx         0x0000000008000d4c        0x0 linker stubs

.iplt           0x0000000008000d4c        0x0
 .iplt          0x0000000008000d4c        0x0 c:/st/stm32cubeide_1.4.0/stm32cubeide/plugins/com.st.stm32cube.ide.mcu.externaltools.gnu-tools-for-stm32.7-2018-q2-update.win32_1.4.0.202007081208/tools/bin/../lib/gcc/arm-none-eabi/7.3.1/thumb/v7-m/crtbegin.o

.rodata         0x0000000008000d4c       0x2c
                0x0000000008000d4c                . = ALIGN (0x4)
 *(.rodata)
 .rodata        0x0000000008000d4c       0x29 Src/main.o
 *(.rodata*)
                0x0000000008000d78                . = ALIGN (0x4)
 *fill*         0x0000000008000d75        0x3 

.rel.dyn        0x0000000008000d78        0x0
 .rel.iplt      0x0000000008000d78        0x0 c:/st/stm32cubeide_1.4.0/stm32cubeide/plugins/com.st.stm32cube.ide.mcu.externaltools.gnu-tools-for-stm32.7-2018-q2-update.win32_1.4.0.202007081208/tools/bin/../lib/gcc/arm-none-eabi/7.3.1/thumb/v7-m/crtbegin.o

.ARM.extab      0x0000000008000d78        0x0
                0x0000000008000d78                . = ALIGN (0x4)
 *(.ARM.extab* .gnu.linkonce.armextab.*)
                0x0000000008000d78                . = ALIGN (0x4)

.ARM            0x0000000008000d78        0x0
                0x0000000008000d78                . = ALIGN (0x4)
                0x0000000008000d78                __exidx_start = .
 *(.ARM.exidx*)
                0x0000000008000d78                __exidx_end = .
                0x0000000008000d78                . = ALIGN (0x4)

.preinit_array  0x0000000008000d78        0x0
                0x0000000008000d78                . = ALIGN (0x4)
                0x0000000008000d78                PROVIDE (__preinit_array_start = .)
 *(.preinit_array*)
                0x0000000008000d78                PROVIDE (__preinit_array_end = .)
                0x0000000008000d78                . = ALIGN (0x4)

.init_array     0x0000000008000d78        0x4
                0x0000000008000d78                . = ALIGN (0x4)
                0x0000000008000d78                PROVIDE (__init_array_start = .)
 *(SORT_BY_NAME(.init_array.*))
 *(.init_array*)
 .init_array    0x0000000008000d78        0x4 c:/st/stm32cubeide_1.4.0/stm32cubeide/plugins/com.st.stm32cube.ide.mcu.externaltools.gnu-tools-for-stm32.7-2018-q2-update.win32_1.4.0.202007081208/tools/bin/../lib/gcc/arm-none-eabi/7.3.1/thumb/v7-m/crtbegin.o
                0x0000000008000d7c                PROVIDE (__init_array_end = .)
                0x0000000008000d7c                . = ALIGN (0x4)

.fini_array     0x0000000008000d7c        0x4
                0x0000000008000d7c                . = ALIGN (0x4)
                [!provide]                        PROVIDE (__fini_array_start = .)
 *(SORT_BY_NAME(.fini_array.*))
 *(.fini_array*)
 .fini_array    0x0000000008000d7c        0x4 c:/st/stm32cubeide_1.4.0/stm32cubeide/plugins/com.st.stm32cube.ide.mcu.externaltools.gnu-tools-for-stm32.7-2018-q2-update.win32_1.4.0.202007081208/tools/bin/../lib/gcc/arm-none-eabi/7.3.1/thumb/v7-m/crtbegin.o
                [!provide]                        PROVIDE (__fini_array_end = .)
                0x0000000008000d80                . = ALIGN (0x4)
                0x0000000008000d80                _sidata = LOADADDR (.data)

.data           0x0000000020000000       0x20 load address 0x0000000008000d80
                0x0000000020000000                . = ALIGN (0x4)
                0x0000000020000000                _sdata = .
 *(.data)
 *(.data*)
 .data.Key_padRow
                0x0000000020000000       0x10 STM32f103C6_DRIVERS/KEYPAD_DRIVER/keypad.o
                0x0000000020000000                Key_padRow
 .data.Key_padCol
                0x0000000020000010       0x10 STM32f103C6_DRIVERS/KEYPAD_DRIVER/keypad.o
                0x0000000020000010                Key_padCol
                0x0000000020000020                . = ALIGN (0x4)
                0x0000000020000020                _edata = .

.igot.plt       0x0000000020000020        0x0 load address 0x0000000008000da0
 .igot.plt      0x0000000020000020        0x0 c:/st/stm32cubeide_1.4.0/stm32cubeide/plugins/com.st.stm32cube.ide.mcu.externaltools.gnu-tools-for-stm32.7-2018-q2-update.win32_1.4.0.202007081208/tools/bin/../lib/gcc/arm-none-eabi/7.3.1/thumb/v7-m/crtbegin.o
                0x0000000020000020                . = ALIGN (0x4)

.bss            0x0000000020000020       0x20 load address 0x0000000008000da0
                0x0000000020000020                _sbss = .
                0x0000000020000020                __bss_start__ = _sbss
 *(.bss)
 .bss           0x0000000020000020       0x1c c:/st/stm32cubeide_1.4.0/stm32cubeide/plugins/com.st.stm32cube.ide.mcu.externaltools.gnu-tools-for-stm32.7-2018-q2-update.win32_1.4.0.202007081208/tools/bin/../lib/gcc/arm-none-eabi/7.3.1/thumb/v7-m/crtbegin.o
 *(.bss*)
 *(COMMON)
 COMMON         0x000000002000003c        0x4 STM32f103C6_DRIVERS/KEYPAD_DRIVER/keypad.o
                0x000000002000003c                PinConfig
                0x0000000020000040                . = ALIGN (0x4)
                0x0000000020000040                _ebss = .
                0x0000000020000040                __bss_end__ = _ebss

._user_heap_stack
                0x0000000020000040      0x600 load address 0x0000000008000da0
                0x0000000020000040                . = ALIGN (0x8)
                [!provide]                        PROVIDE (end = .)
                0x0000000020000040                PROVIDE (_end = .)
                0x0000000020000240                . = (. + _Min_Heap_Size)
 *fill*         0x0000000020000040      0x200 
                0x0000000020000640                . = (. + _Min_Stack_Size)
 *fill*         0x0000000020000240      0x400 
                0x0000000020000640                . = ALIGN (0x8)

/DISCARD/
 libc.a(*)
 libm.a(*)
 libgcc.a(*)

.ARM.attributes
                0x0000000000000000       0x29
 *(.ARM.attributes)
 .ARM.attributes
                0x0000000000000000       0x1d c:/st/stm32cubeide_1.4.0/stm32cubeide/plugins/com.st.stm32cube.ide.mcu.externaltools.gnu-tools-for-stm32.7-2018-q2-update.win32_1.4.0.202007081208/tools/bin/../lib/gcc/arm-none-eabi/7.3.1/thumb/v7-m/crti.o
 .ARM.attributes
                0x000000000000001d       0x2d c:/st/stm32cubeide_1.4.0/stm32cubeide/plugins/com.st.stm32cube.ide.mcu.externaltools.gnu-tools-for-stm32.7-2018-q2-update.win32_1.4.0.202007081208/tools/bin/../lib/gcc/arm-none-eabi/7.3.1/thumb/v7-m/crtbegin.o
 .ARM.attributes
                0x000000000000004a       0x33 STM32f103C6_DRIVERS/KEYPAD_DRIVER/keypad.o
 .ARM.attributes
                0x000000000000007d       0x33 STM32f103C6_DRIVERS/LCD_DRIVER/lcd.o
 .ARM.attributes
                0x00000000000000b0       0x33 STM32f103C6_DRIVERS/STM32f103C6_GPIO_DRIVER.o
 .ARM.attributes
                0x00000000000000e3       0x33 Src/main.o
 .ARM.attributes
                0x0000000000000116       0x21 Startup/startup_stm32f103c6tx.o
 .ARM.attributes
                0x0000000000000137       0x2d c:/st/stm32cubeide_1.4.0/stm32cubeide/plugins/com.st.stm32cube.ide.mcu.externaltools.gnu-tools-for-stm32.7-2018-q2-update.win32_1.4.0.202007081208/tools/bin/../lib/gcc/arm-none-eabi/7.3.1/../../../../arm-none-eabi/lib/thumb/v7-m\libc_nano.a(lib_a-init.o)
 .ARM.attributes
                0x0000000000000164       0x1d c:/st/stm32cubeide_1.4.0/stm32cubeide/plugins/com.st.stm32cube.ide.mcu.externaltools.gnu-tools-for-stm32.7-2018-q2-update.win32_1.4.0.202007081208/tools/bin/../lib/gcc/arm-none-eabi/7.3.1/thumb/v7-m/crtn.o
OUTPUT(DRIVERS.elf elf32-littlearm)

.debug_info     0x0000000000000000     0x3019
 .debug_info    0x0000000000000000      0xb0a STM32f103C6_DRIVERS/KEYPAD_DRIVER/keypad.o
 .debug_info    0x0000000000000b0a      0xbe1 STM32f103C6_DRIVERS/LCD_DRIVER/lcd.o
 .debug_info    0x00000000000016eb      0xd39 STM32f103C6_DRIVERS/STM32f103C6_GPIO_DRIVER.o
 .debug_info    0x0000000000002424      0xbd3 Src/main.o
 .debug_info    0x0000000000002ff7       0x22 Startup/startup_stm32f103c6tx.o

.debug_abbrev   0x0000000000000000      0x798
 .debug_abbrev  0x0000000000000000      0x1a6 STM32f103C6_DRIVERS/KEYPAD_DRIVER/keypad.o
 .debug_abbrev  0x00000000000001a6      0x22c STM32f103C6_DRIVERS/LCD_DRIVER/lcd.o
 .debug_abbrev  0x00000000000003d2      0x1de STM32f103C6_DRIVERS/STM32f103C6_GPIO_DRIVER.o
 .debug_abbrev  0x00000000000005b0      0x1d6 Src/main.o
 .debug_abbrev  0x0000000000000786       0x12 Startup/startup_stm32f103c6tx.o

.debug_loc      0x0000000000000000      0x6a0
 .debug_loc     0x0000000000000000       0x7c STM32f103C6_DRIVERS/KEYPAD_DRIVER/keypad.o
 .debug_loc     0x000000000000007c      0x24c STM32f103C6_DRIVERS/LCD_DRIVER/lcd.o
 .debug_loc     0x00000000000002c8      0x330 STM32f103C6_DRIVERS/STM32f103C6_GPIO_DRIVER.o
 .debug_loc     0x00000000000005f8       0xa8 Src/main.o

.debug_aranges  0x0000000000000000      0x140
 .debug_aranges
                0x0000000000000000       0x28 STM32f103C6_DRIVERS/KEYPAD_DRIVER/keypad.o
 .debug_aranges
                0x0000000000000028       0x60 STM32f103C6_DRIVERS/LCD_DRIVER/lcd.o
 .debug_aranges
                0x0000000000000088       0x60 STM32f103C6_DRIVERS/STM32f103C6_GPIO_DRIVER.o
 .debug_aranges
                0x00000000000000e8       0x30 Src/main.o
 .debug_aranges
                0x0000000000000118       0x28 Startup/startup_stm32f103c6tx.o

.debug_ranges   0x0000000000000000       0xf8
 .debug_ranges  0x0000000000000000       0x18 STM32f103C6_DRIVERS/KEYPAD_DRIVER/keypad.o
 .debug_ranges  0x0000000000000018       0x50 STM32f103C6_DRIVERS/LCD_DRIVER/lcd.o
 .debug_ranges  0x0000000000000068       0x50 STM32f103C6_DRIVERS/STM32f103C6_GPIO_DRIVER.o
 .debug_ranges  0x00000000000000b8       0x20 Src/main.o
 .debug_ranges  0x00000000000000d8       0x20 Startup/startup_stm32f103c6tx.o

.debug_macro    0x0000000000000000     0x2055
 .debug_macro   0x0000000000000000      0x152 STM32f103C6_DRIVERS/KEYPAD_DRIVER/keypad.o
 .debug_macro   0x0000000000000152      0xa60 STM32f103C6_DRIVERS/KEYPAD_DRIVER/keypad.o
 .debug_macro   0x0000000000000bb2       0x18 STM32f103C6_DRIVERS/KEYPAD_DRIVER/keypad.o
 .debug_macro   0x0000000000000bca       0x22 STM32f103C6_DRIVERS/KEYPAD_DRIVER/keypad.o
 .debug_macro   0x0000000000000bec       0x40 STM32f103C6_DRIVERS/KEYPAD_DRIVER/keypad.o
 .debug_macro   0x0000000000000c2c       0x94 STM32f103C6_DRIVERS/KEYPAD_DRIVER/keypad.o
 .debug_macro   0x0000000000000cc0       0x3c STM32f103C6_DRIVERS/KEYPAD_DRIVER/keypad.o
 .debug_macro   0x0000000000000cfc       0x34 STM32f103C6_DRIVERS/KEYPAD_DRIVER/keypad.o
 .debug_macro   0x0000000000000d30       0x16 STM32f103C6_DRIVERS/KEYPAD_DRIVER/keypad.o
 .debug_macro   0x0000000000000d46      0x10e STM32f103C6_DRIVERS/KEYPAD_DRIVER/keypad.o
 .debug_macro   0x0000000000000e54       0x8d STM32f103C6_DRIVERS/KEYPAD_DRIVER/keypad.o
 .debug_macro   0x0000000000000ee1       0x57 STM32f103C6_DRIVERS/KEYPAD_DRIVER/keypad.o
 .debug_macro   0x0000000000000f38       0x52 STM32f103C6_DRIVERS/KEYPAD_DRIVER/keypad.o
 .debug_macro   0x0000000000000f8a       0x1f STM32f103C6_DRIVERS/KEYPAD_DRIVER/keypad.o
 .debug_macro   0x0000000000000fa9       0x43 STM32f103C6_DRIVERS/KEYPAD_DRIVER/keypad.o
 .debug_macro   0x0000000000000fec       0x20 STM32f103C6_DRIVERS/KEYPAD_DRIVER/keypad.o
 .debug_macro   0x000000000000100c      0x1a3 STM32f103C6_DRIVERS/KEYPAD_DRIVER/keypad.o
 .debug_macro   0x00000000000011af      0x330 STM32f103C6_DRIVERS/KEYPAD_DRIVER/keypad.o
 .debug_macro   0x00000000000014df       0x16 STM32f103C6_DRIVERS/KEYPAD_DRIVER/keypad.o
 .debug_macro   0x00000000000014f5       0x29 STM32f103C6_DRIVERS/KEYPAD_DRIVER/keypad.o
 .debug_macro   0x000000000000151e       0xef STM32f103C6_DRIVERS/KEYPAD_DRIVER/keypad.o
 .debug_macro   0x000000000000160d       0x6a STM32f103C6_DRIVERS/KEYPAD_DRIVER/keypad.o
 .debug_macro   0x0000000000001677      0x1df STM32f103C6_DRIVERS/KEYPAD_DRIVER/keypad.o
 .debug_macro   0x0000000000001856       0xa5 STM32f103C6_DRIVERS/KEYPAD_DRIVER/keypad.o
 .debug_macro   0x00000000000018fb       0xca STM32f103C6_DRIVERS/KEYPAD_DRIVER/keypad.o
 .debug_macro   0x00000000000019c5       0x3a STM32f103C6_DRIVERS/KEYPAD_DRIVER/keypad.o
 .debug_macro   0x00000000000019ff      0x14b STM32f103C6_DRIVERS/LCD_DRIVER/lcd.o
 .debug_macro   0x0000000000001b4a       0x10 STM32f103C6_DRIVERS/LCD_DRIVER/lcd.o
 .debug_macro   0x0000000000001b5a       0xab STM32f103C6_DRIVERS/LCD_DRIVER/lcd.o
 .debug_macro   0x0000000000001c05       0x9a STM32f103C6_DRIVERS/LCD_DRIVER/lcd.o
 .debug_macro   0x0000000000001c9f      0x13f STM32f103C6_DRIVERS/STM32f103C6_GPIO_DRIVER.o
 .debug_macro   0x0000000000001dde      0x191 Src/main.o
 .debug_macro   0x0000000000001f6f       0xa6 Src/main.o
 .debug_macro   0x0000000000002015       0x40 Src/main.o

.debug_line     0x0000000000000000     0x1a64
 .debug_line    0x0000000000000000      0x649 STM32f103C6_DRIVERS/KEYPAD_DRIVER/keypad.o
 .debug_line    0x0000000000000649      0x690 STM32f103C6_DRIVERS/LCD_DRIVER/lcd.o
 .debug_line    0x0000000000000cd9      0x6bf STM32f103C6_DRIVERS/STM32f103C6_GPIO_DRIVER.o
 .debug_line    0x0000000000001398      0x648 Src/main.o
 .debug_line    0x00000000000019e0       0x84 Startup/startup_stm32f103c6tx.o

.debug_str      0x0000000000000000     0x7bc7
 .debug_str     0x0000000000000000     0x762f STM32f103C6_DRIVERS/KEYPAD_DRIVER/keypad.o
                                       0x7890 (size before relaxing)
 .debug_str     0x000000000000762f      0x349 STM32f103C6_DRIVERS/LCD_DRIVER/lcd.o
                                       0x7af4 (size before relaxing)
 .debug_str     0x0000000000007978      0x186 STM32f103C6_DRIVERS/STM32f103C6_GPIO_DRIVER.o
                                       0x792b (size before relaxing)
 .debug_str     0x0000000000007afe       0x98 Src/main.o
                                       0x7bb7 (size before relaxing)
 .debug_str     0x0000000000007b96       0x31 Startup/startup_stm32f103c6tx.o
                                         0x5a (size before relaxing)

.comment        0x0000000000000000       0x7b
 .comment       0x0000000000000000       0x7b STM32f103C6_DRIVERS/KEYPAD_DRIVER/keypad.o
                                         0x7c (size before relaxing)
 .comment       0x000000000000007b       0x7c STM32f103C6_DRIVERS/LCD_DRIVER/lcd.o
 .comment       0x000000000000007b       0x7c STM32f103C6_DRIVERS/STM32f103C6_GPIO_DRIVER.o
 .comment       0x000000000000007b       0x7c Src/main.o

.debug_frame    0x0000000000000000      0x398
 .debug_frame   0x0000000000000000       0x50 STM32f103C6_DRIVERS/KEYPAD_DRIVER/keypad.o
 .debug_frame   0x0000000000000050      0x138 STM32f103C6_DRIVERS/LCD_DRIVER/lcd.o
 .debug_frame   0x0000000000000188      0x178 STM32f103C6_DRIVERS/STM32f103C6_GPIO_DRIVER.o
 .debug_frame   0x0000000000000300       0x6c Src/main.o
 .debug_frame   0x000000000000036c       0x2c c:/st/stm32cubeide_1.4.0/stm32cubeide/plugins/com.st.stm32cube.ide.mcu.externaltools.gnu-tools-for-stm32.7-2018-q2-update.win32_1.4.0.202007081208/tools/bin/../lib/gcc/arm-none-eabi/7.3.1/../../../../arm-none-eabi/lib/thumb/v7-m\libc_nano.a(lib_a-init.o)
