STM32f103C6_EXTI_DRIVER.c:14:13:Enable_NVIC	16	static
STM32f103C6_EXTI_DRIVER.c:50:13:Disable_NVIC	16	static
STM32f103C6_EXTI_DRIVER.c:94:6:MCAL_EXTI_GPIO_DeInit	4	static
STM32f103C6_EXTI_DRIVER.c:113:6:EXTI_UPDATE	24	static
STM32f103C6_EXTI_DRIVER.c:180:6:MCAL_EXTI_GPIO_Init	16	static
STM32f103C6_EXTI_DRIVER.c:193:6:MCAL_EXTI_GPIO_Update	16	static
STM32f103C6_EXTI_DRIVER.c:202:6:EXTI0_IRQHandler	8	static
STM32f103C6_EXTI_DRIVER.c:208:6:EXTI1_IRQHandler	8	static
STM32f103C6_EXTI_DRIVER.c:214:6:EXTI2_IRQHandler	8	static
STM32f103C6_EXTI_DRIVER.c:220:6:EXTI3_IRQHandler	8	static
STM32f103C6_EXTI_DRIVER.c:226:6:EXTI4_IRQHandler	8	static
STM32f103C6_EXTI_DRIVER.c:232:6:EXTI9_5_IRQHandler	8	static
STM32f103C6_EXTI_DRIVER.c:261:6:EXTI10_15_IRQHandler	8	static
